151.239.190.227 - - [26/Jan/2019:20:26:40 +0330] "GET /static/images/next.png HTTP/1.1" 200 3045 "https://znbl.ir/static/bundle-bundle_site_head.css" "Mozilla/5.0 (Windows NT 6.3; Win64; x64) AppleWebKit/537.36 (KHTML, like Gecko) Chrome/71.0.3578.98 Safari/537.36" "-"
5.116.101.234 - - [26/Jan/2019:20:26:40 +0330] "GET /image/65128/productModel/150x150 HTTP/1.1" 200 6115 "https://www.zanbil.ir/browse/wristwatch/%D8%B3%D8%A7%D8%B9%D8%AA-%D9%85%DA%86%DB%8C" "Mozilla/5.0 (Windows NT 6.3; Win64; x64) AppleWebKit/537.36 (KHTML, like Gecko) Chrome/71.0.3578.98 Safari/537.36" "-"
5.116.101.234 - - [26/Jan/2019:20:26:40 +0330] "GET /image/64668/productModel/150x150 HTTP/1.1" 200 4184 "https://www.zanbil.ir/browse/wristwatch/%D8%B3%D8%A7%D8%B9%D8%AA-%D9%85%DA%86%DB%8C" "Mozilla/5.0 (Windows NT 6.3; Win64; x64) AppleWebKit/537.36 (KHTML, like Gecko) Chrome/71.0.3578.98 Safari/537.36" "-"
5.116.101.234 - - [26/Jan/2019:20:26:40 +0330] "GET /image/64667/productModel/150x150 HTTP/1.1" 200 4199 "https://www.zanbil.ir/browse/wristwatch/%D8%B3%D8%A7%D8%B9%D8%AA-%D9%85%DA%86%DB%8C" "Mozilla/5.0 (Windows NT 6.3; Win64; x64) AppleWebKit/537.36 (KHTML, like Gecko) Chrome/71.0.3578.98 Safari/537.36" "-"
5.121.151.118 - - [26/Jan/2019:20:26:40 +0330] "GET /static/images/guarantees/fastDelivery.png HTTP/1.1" 200 7713 "https://www.zanbil.ir/m/product/17105/%DA%AF%D9%88%D8%B4%D8%AA-%DA%A9%D9%88%D8%A8-%D8%A8%D8%B1%D9%82%DB%8C-%D9%81%DB%8C%D9%84%DB%8C%D9%BE%D8%B3-%D9%85%D8%AF%D9%84-HR1673-91" "Mozilla/5.0 (Linux; Android 8.0.0; RNE-L21 Build/HUAWEIRNE-L21) AppleWebKit/537.36 (KHTML, like Gecko) Chrome/68.0.3440.91 Mobile Safari/537.36" "-"
151.239.190.227 - - [26/Jan/2019:20:26:40 +0330] "GET /static/images/jslider.red.png HTTP/1.1" 200 1777 "https://znbl.ir/static/bundle-bundle_site_head.css" "Mozilla/5.0 (Windows NT 6.3; Win64; x64) AppleWebKit/537.36 (KHTML, like Gecko) Chrome/71.0.3578.98 Safari/537.36" "-"
151.239.190.227 - - [26/Jan/2019:20:26:40 +0330] "GET /static/images/checked.png HTTP/1.1" 200 1083 "https://znbl.ir/static/bundle-bundle_site_head.css" "Mozilla/5.0 (Windows NT 6.3; Win64; x64) AppleWebKit/537.36 (KHTML, like Gecko) Chrome/71.0.3578.98 Safari/537.36" "-"
5.121.151.118 - - [26/Jan/2019:20:26:40 +0330] "GET /static/images/guarantees/support.png HTTP/1.1" 200 6454 "https://www.zanbil.ir/m/product/17105/%DA%AF%D9%88%D8%B4%D8%AA-%DA%A9%D9%88%D8%A8-%D8%A8%D8%B1%D9%82%DB%8C-%D9%81%DB%8C%D9%84%DB%8C%D9%BE%D8%B3-%D9%85%D8%AF%D9%84-HR1673-91" "Mozilla/5.0 (Linux; Android 8.0.0; RNE-L21 Build/HUAWEIRNE-L21) AppleWebKit/537.36 (KHTML, like Gecko) Chrome/68.0.3440.91 Mobile Safari/537.36" "-"
5.121.151.118 - - [26/Jan/2019:20:26:40 +0330] "GET /static/images/guarantees/bestPrice.png HTTP/1.1" 200 7356 "https://www.zanbil.ir/m/product/17105/%DA%AF%D9%88%D8%B4%D8%AA-%DA%A9%D9%88%D8%A8-%D8%A8%D8%B1%D9%82%DB%8C-%D9%81%DB%8C%D9%84%DB%8C%D9%BE%D8%B3-%D9%85%D8%AF%D9%84-HR1673-91" "Mozilla/5.0 (Linux; Android 8.0.0; RNE-L21 Build/HUAWEIRNE-L21) AppleWebKit/537.36 (KHTML, like Gecko) Chrome/68.0.3440.91 Mobile Safari/537.36" "-"
5.121.151.118 - - [26/Jan/2019:20:26:40 +0330] "GET /static/images/guarantees/warranty.png HTTP/1.1" 200 5807 "https://www.zanbil.ir/m/product/17105/%DA%AF%D9%88%D8%B4%D8%AA-%DA%A9%D9%88%D8%A8-%D8%A8%D8%B1%D9%82%DB%8C-%D9%81%DB%8C%D9%84%DB%8C%D9%BE%D8%B3-%D9%85%D8%AF%D9%84-HR1673-91" "Mozilla/5.0 (Linux; Android 8.0.0; RNE-L21 Build/HUAWEIRNE-L21) AppleWebKit/537.36 (KHTML, like Gecko) Chrome/68.0.3440.91 Mobile Safari/537.36" "-"
5.121.151.118 - - [26/Jan/2019:20:26:40 +0330] "GET /static/css/font/wyekan/font.woff HTTP/1.1" 200 28536 "https://www.zanbil.ir/m/product/17105/%DA%AF%D9%88%D8%B4%D8%AA-%DA%A9%D9%88%D8%A8-%D8%A8%D8%B1%D9%82%DB%8C-%D9%81%DB%8C%D9%84%DB%8C%D9%BE%D8%B3-%D9%85%D8%AF%D9%84-HR1673-91" "Mozilla/5.0 (Linux; Android 8.0.0; RNE-L21 Build/HUAWEIRNE-L21) AppleWebKit/537.36 (KHTML, like Gecko) Chrome/68.0.3440.91 Mobile Safari/537.36" "-"
188.229.21.56 - - [26/Jan/2019:20:26:40 +0330] "GET /settings/logo HTTP/1.1" 200 4120 "https://www.zanbil.ir/m/search/865CW" "Mozilla/5.0 (Linux; Android 7.0; SM-N920C Build/NRD90M) AppleWebKit/537.36 (KHTML, like Gecko) Chrome/67.0.3396.87 Mobile Safari/537.36" "-"
151.239.190.227 - - [26/Jan/2019:20:26:40 +0330] "GET /image/615/brand HTTP/1.1" 200 2295 "https://www.zanbil.ir/browse/bath-valve/%D8%B4%DB%8C%D8%B1-%D8%AD%D9%85%D8%A7%D9%85" "Mozilla/5.0 (Windows NT 6.3; Win64; x64) AppleWebKit/537.36 (KHTML, like Gecko) Chrome/71.0.3578.98 Safari/537.36" "-"
5.116.101.234 - - [26/Jan/2019:20:26:40 +0330] "GET /image/65310/productModel/150x150 HTTP/1.1" 200 3451 "https://www.zanbil.ir/browse/wristwatch/%D8%B3%D8%A7%D8%B9%D8%AA-%D9%85%DA%86%DB%8C" "Mozilla/5.0 (Windows NT 6.3; Win64; x64) AppleWebKit/537.36 (KHTML, like Gecko) Chrome/71.0.3578.98 Safari/537.36" "-"
151.239.190.227 - - [26/Jan/2019:20:26:40 +0330] "GET /image/614/brand HTTP/1.1" 200 2088 "https://www.zanbil.ir/browse/bath-valve/%D8%B4%DB%8C%D8%B1-%D8%AD%D9%85%D8%A7%D9%85" "Mozilla/5.0 (Windows NT 6.3; Win64; x64) AppleWebKit/537.36 (KHTML, like Gecko) Chrome/71.0.3578.98 Safari/537.36" "-"
5.121.151.118 - - [26/Jan/2019:20:26:40 +0330] "GET /static/images/guarantees/goodShopping.png HTTP/1.1" 200 6496 "https://www.zanbil.ir/m/product/17105/%DA%AF%D9%88%D8%B4%D8%AA-%DA%A9%D9%88%D8%A8-%D8%A8%D8%B1%D9%82%DB%8C-%D9%81%DB%8C%D9%84%DB%8C%D9%BE%D8%B3-%D9%85%D8%AF%D9%84-HR1673-91" "Mozilla/5.0 (Linux; Android 8.0.0; RNE-L21 Build/HUAWEIRNE-L21) AppleWebKit/537.36 (KHTML, like Gecko) Chrome/68.0.3440.91 Mobile Safari/537.36" "-"
5.116.101.234 - - [26/Jan/2019:20:26:40 +0330] "GET /image/64670/productModel/150x150 HTTP/1.1" 200 4559 "https://www.zanbil.ir/browse/wristwatch/%D8%B3%D8%A7%D8%B9%D8%AA-%D9%85%DA%86%DB%8C" "Mozilla/5.0 (Windows NT 6.3; Win64; x64) AppleWebKit/537.36 (KHTML, like Gecko) Chrome/71.0.3578.98 Safari/537.36" "-"
151.239.190.227 - - [26/Jan/2019:20:26:40 +0330] "GET /image/613/brand HTTP/1.1" 200 2119 "https://www.zanbil.ir/browse/bath-valve/%D8%B4%DB%8C%D8%B1-%D8%AD%D9%85%D8%A7%D9%85" "Mozilla/5.0 (Windows NT 6.3; Win64; x64) AppleWebKit/537.36 (KHTML, like Gecko) Chrome/71.0.3578.98 Safari/537.36" "-"
5.116.101.234 - - [26/Jan/2019:20:26:40 +0330] "GET /image/65130/productModel/150x150 HTTP/1.1" 200 4526 "https://www.zanbil.ir/browse/wristwatch/%D8%B3%D8%A7%D8%B9%D8%AA-%D9%85%DA%86%DB%8C" "Mozilla/5.0 (Windows NT 6.3; Win64; x64) AppleWebKit/537.36 (KHTML, like Gecko) Chrome/71.0.3578.98 Safari/537.36" "-"
5.116.101.234 - - [26/Jan/2019:20:26:40 +0330] "GET /image/65116/productModel/150x150 HTTP/1.1" 200 4547 "https://www.zanbil.ir/browse/wristwatch/%D8%B3%D8%A7%D8%B9%D8%AA-%D9%85%DA%86%DB%8C" "Mozilla/5.0 (Windows NT 6.3; Win64; x64) AppleWebKit/537.36 (KHTML, like Gecko) Chrome/71.0.3578.98 Safari/537.36" "-"
89.34.41.26 - - [26/Jan/2019:20:26:40 +0330] "GET /image/4261?name=sr-t288-11112.jpg&wh=max HTTP/1.1" 200 41976 "https://www.zanbil.ir/m/product/4261/%DB%8C%D8%AE%DA%86%D8%A7%D9%84-%D9%81%D8%B1%DB%8C%D8%B2%D8%B1-%D9%81%D8%B1%DB%8C%D8%B2%D8%B1-%D8%A8%D8%A7%D9%84%D8%A7-%D8%A7%D8%B3%D9%86%D9%88%D8%A7-%D9%85%D8%AF%D9%84-MORANO-SR-T288" "Mozilla/5.0 (Linux; Android 7.0; SM-A710F) AppleWebKit/537.36 (KHTML, like Gecko) Chrome/71.0.3578.99 Mobile Safari/537.36" "-"
83.121.137.231 - - [26/Jan/2019:20:26:40 +0330] "GET /m/product/32713/%DB%8C%D8%AE%DA%86%D8%A7%D9%84-%D9%81%D8%B1%DB%8C%D8%B2%D8%B1-%D8%AF%D9%88%D9%82%D9%84%D9%88-%D8%B3%DB%8C%D9%86%D8%AC%D8%B1-%D9%85%D8%AF%D9%84-SLRF-26 HTTP/1.1" 200 20758 "-" "Mozilla/5.0 (Linux; Android 5.1.1; SAMSUNG SM-J500H Build/LMY48B) AppleWebKit/537.36 (KHTML, like Gecko) SamsungBrowser/3.3 Chrome/38.0.2125.102 Mobile Safari/537.36" "-"
5.116.101.234 - - [26/Jan/2019:20:26:40 +0330] "GET /image/65102/productModel/150x150 HTTP/1.1" 200 3910 "https://www.zanbil.ir/browse/wristwatch/%D8%B3%D8%A7%D8%B9%D8%AA-%D9%85%DA%86%DB%8C" "Mozilla/5.0 (Windows NT 6.3; Win64; x64) AppleWebKit/537.36 (KHTML, like Gecko) Chrome/71.0.3578.98 Safari/537.36" "-"
5.116.101.234 - - [26/Jan/2019:20:26:40 +0330] "GET /image/65290/productModel/150x150 HTTP/1.1" 200 4243 "https://www.zanbil.ir/browse/wristwatch/%D8%B3%D8%A7%D8%B9%D8%AA-%D9%85%DA%86%DB%8C" "Mozilla/5.0 (Windows NT 6.3; Win64; x64) AppleWebKit/537.36 (KHTML, like Gecko) Chrome/71.0.3578.98 Safari/537.36" "-"
54.36.111.180 - - [26/Jan/2019:20:26:40 +0330] "GET /m/browse/juicer/%D8%A2%D8%A8%D9%85%DB%8C%D9%88%D9%87-%DA%AF%DB%8C%D8%B1%DB%8C HTTP/1.1" 499 0 "-" "Mozilla/5.0 (Linux; Android 6.0; Lenovo TB3-850M) AppleWebKit/537.36 (KHTML, like Gecko) Chrome/71.0.3578.99 Safari/537.36" "-"
5.116.101.234 - - [26/Jan/2019:20:26:40 +0330] "GET /image/65122/productModel/150x150 HTTP/1.1" 200 4344 "https://www.zanbil.ir/browse/wristwatch/%D8%B3%D8%A7%D8%B9%D8%AA-%D9%85%DA%86%DB%8C" "Mozilla/5.0 (Windows NT 6.3; Win64; x64) AppleWebKit/537.36 (KHTML, like Gecko) Chrome/71.0.3578.98 Safari/537.36" "-"
5.208.114.159 - - [26/Jan/2019:20:26:40 +0330] "GET /m/product/32067/62324/%D9%85%D8%A7%D8%B4%DB%8C%D9%86-%D9%84%D8%A8%D8%A7%D8%B3%D8%B4%D9%88%DB%8C%DB%8C-%D8%AF%D8%B1%D8%A8-%D8%A7%D8%B2-%D8%AC%D9%84%D9%88-%D8%A7%D9%84-%D8%AC%DB%8C-%D9%85%D8%AF%D9%84-WM-946SW HTTP/1.1" 200 21998 "https://www.zanbil.ir/m/product/20437/%D9%85%D8%A7%D8%B4%DB%8C%D9%86-%D9%84%D8%A8%D8%A7%D8%B3%D8%B4%D9%88%DB%8C%DB%8C-%D8%AF%D8%B1%D8%A8-%D8%A7%D8%B2-%D8%AC%D9%84%D9%88-%D8%A7%D9%84-%D8%AC%DB%8C-%D9%85%D8%AF%D9%84-LG-WM-L1050-10.5Kg" "Mozilla/5.0 (Linux; Android 5.1.1; SM-J200H) AppleWebKit/537.36 (KHTML, like Gecko) Chrome/71.0.3578.99 Mobile Safari/537.36" "-"
5.116.101.234 - - [26/Jan/2019:20:26:40 +0330] "GET /image/54464/productModel/150x150 HTTP/1.1" 200 5401 "https://www.zanbil.ir/browse/wristwatch/%D8%B3%D8%A7%D8%B9%D8%AA-%D9%85%DA%86%DB%8C" "Mozilla/5.0 (Windows NT 6.3; Win64; x64) AppleWebKit/537.36 (KHTML, like Gecko) Chrome/71.0.3578.98 Safari/537.36" "-"
5.116.101.234 - - [26/Jan/2019:20:26:40 +0330] "GET /image/65380/productModel/150x150 HTTP/1.1" 200 5157 "https://www.zanbil.ir/browse/wristwatch/%D8%B3%D8%A7%D8%B9%D8%AA-%D9%85%DA%86%DB%8C" "Mozilla/5.0 (Windows NT 6.3; Win64; x64) AppleWebKit/537.36 (KHTML, like Gecko) Chrome/71.0.3578.98 Safari/537.36" "-"
2.178.35.200 - - [26/Jan/2019:20:26:40 +0330] "GET /favicon.ico HTTP/1.1" 200 0 "https://www.zanbil.ir/m/product/21660/%DA%AF%D9%88%D8%B4%D8%AA-%DA%A9%D9%88%D8%A8-%D8%A8%D8%B1%D9%82%DB%8C-%D9%BE%D8%A7%D8%B1%D8%B3-%D8%AE%D8%B2%D8%B1-%D9%85%D8%AF%D9%84-HB-5501AP" "Mozilla/5.0 (Linux; Android 4.4.4; GT-I9300I) AppleWebKit/537.36 (KHTML, like Gecko) Chrome/70.0.3538.64 Mobile Safari/537.36" "-"
5.116.101.234 - - [26/Jan/2019:20:26:40 +0330] "GET /image/64033/productModel/150x150 HTTP/1.1" 200 5097 "https://www.zanbil.ir/browse/wristwatch/%D8%B3%D8%A7%D8%B9%D8%AA-%D9%85%DA%86%DB%8C" "Mozilla/5.0 (Windows NT 6.3; Win64; x64) AppleWebKit/537.36 (KHTML, like Gecko) Chrome/71.0.3578.98 Safari/537.36" "-"
5.116.101.234 - - [26/Jan/2019:20:26:40 +0330] "GET /image/54453/productModel/100x100 HTTP/1.1" 200 3246 "https://www.zanbil.ir/browse/wristwatch/%D8%B3%D8%A7%D8%B9%D8%AA-%D9%85%DA%86%DB%8C" "Mozilla/5.0 (Windows NT 6.3; Win64; x64) AppleWebKit/537.36 (KHTML, like Gecko) Chrome/71.0.3578.98 Safari/537.36" "-"
5.116.101.234 - - [26/Jan/2019:20:26:40 +0330] "GET /image/54458/productModel/100x100 HTTP/1.1" 200 2569 "https://www.zanbil.ir/browse/wristwatch/%D8%B3%D8%A7%D8%B9%D8%AA-%D9%85%DA%86%DB%8C" "Mozilla/5.0 (Windows NT 6.3; Win64; x64) AppleWebKit/537.36 (KHTML, like Gecko) Chrome/71.0.3578.98 Safari/537.36" "-"
109.109.57.204 - - [26/Jan/2019:20:26:40 +0330] "GET /image/28801?name=richo-sws.jpg&wh=300x300 HTTP/1.1" 200 6069 "https://www.google.com/" "Mozilla/5.0 (Linux; Android 8.0.0; LDN-L21) AppleWebKit/537.36 (KHTML, like Gecko) Chrome/71.0.3578.99 Mobile Safari/537.36" "-"
37.148.114.85 - - [26/Jan/2019:20:26:40 +0330] "GET /image/2598/productType/120x90 HTTP/1.1" 200 10593 "https://www.zanbil.ir/m/product/28626/57483/%D9%81%D8%B1-%D8%AA%D9%88%DA%A9%D8%A7%D8%B1-%D8%AF%D8%A7%D8%AA%DB%8C%D8%B3-%D9%85%D8%AF%D9%84-D-F660" "Mozilla/5.0 (Linux; Android 8.0.0; SAMSUNG SM-G950F Build/R16NW) AppleWebKit/537.36 (KHTML, like Gecko) SamsungBrowser/7.2 Chrome/59.0.3071.125 Mobile Safari/537.36" "-"
5.116.101.234 - - [26/Jan/2019:20:26:40 +0330] "GET /image/54464/productModel/100x100 HTTP/1.1" 200 3065 "https://www.zanbil.ir/browse/wristwatch/%D8%B3%D8%A7%D8%B9%D8%AA-%D9%85%DA%86%DB%8C" "Mozilla/5.0 (Windows NT 6.3; Win64; x64) AppleWebKit/537.36 (KHTML, like Gecko) Chrome/71.0.3578.98 Safari/537.36" "-"
5.116.101.234 - - [26/Jan/2019:20:26:40 +0330] "GET /image/54470/productModel/100x100 HTTP/1.1" 200 3078 "https://www.zanbil.ir/browse/wristwatch/%D8%B3%D8%A7%D8%B9%D8%AA-%D9%85%DA%86%DB%8C" "Mozilla/5.0 (Windows NT 6.3; Win64; x64) AppleWebKit/537.36 (KHTML, like Gecko) Chrome/71.0.3578.98 Safari/537.36" "-"
5.116.101.234 - - [26/Jan/2019:20:26:41 +0330] "GET /image/60635/productModel/100x100 HTTP/1.1" 200 2341 "https://www.zanbil.ir/browse/wristwatch/%D8%B3%D8%A7%D8%B9%D8%AA-%D9%85%DA%86%DB%8C" "Mozilla/5.0 (Windows NT 6.3; Win64; x64) AppleWebKit/537.36 (KHTML, like Gecko) Chrome/71.0.3578.98 Safari/537.36" "-"
5.116.101.234 - - [26/Jan/2019:20:26:41 +0330] "GET /image/61764/productModel/100x100 HTTP/1.1" 200 2685 "https://www.zanbil.ir/browse/wristwatch/%D8%B3%D8%A7%D8%B9%D8%AA-%D9%85%DA%86%DB%8C" "Mozilla/5.0 (Windows NT 6.3; Win64; x64) AppleWebKit/537.36 (KHTML, like Gecko) Chrome/71.0.3578.98 Safari/537.36" "-"
5.116.101.234 - - [26/Jan/2019:20:26:41 +0330] "GET /image/62637/productModel/100x100 HTTP/1.1" 200 2558 "https://www.zanbil.ir/browse/wristwatch/%D8%B3%D8%A7%D8%B9%D8%AA-%D9%85%DA%86%DB%8C" "Mozilla/5.0 (Windows NT 6.3; Win64; x64) AppleWebKit/537.36 (KHTML, like Gecko) Chrome/71.0.3578.98 Safari/537.36" "-"
5.116.101.234 - - [26/Jan/2019:20:26:41 +0330] "GET /image/61767/productModel/100x100 HTTP/1.1" 200 2889 "https://www.zanbil.ir/browse/wristwatch/%D8%B3%D8%A7%D8%B9%D8%AA-%D9%85%DA%86%DB%8C" "Mozilla/5.0 (Windows NT 6.3; Win64; x64) AppleWebKit/537.36 (KHTML, like Gecko) Chrome/71.0.3578.98 Safari/537.36" "-"
5.116.101.234 - - [26/Jan/2019:20:26:41 +0330] "GET /image/62649/productModel/100x100 HTTP/1.1" 200 1768 "https://www.zanbil.ir/browse/wristwatch/%D8%B3%D8%A7%D8%B9%D8%AA-%D9%85%DA%86%DB%8C" "Mozilla/5.0 (Windows NT 6.3; Win64; x64) AppleWebKit/537.36 (KHTML, like Gecko) Chrome/71.0.3578.98 Safari/537.36" "-"
5.121.151.118 - - [26/Jan/2019:20:26:41 +0330] "GET /settings/logo HTTP/1.1" 200 4120 "https://www.zanbil.ir/m/product/17105/%DA%AF%D9%88%D8%B4%D8%AA-%DA%A9%D9%88%D8%A8-%D8%A8%D8%B1%D9%82%DB%8C-%D9%81%DB%8C%D9%84%DB%8C%D9%BE%D8%B3-%D9%85%D8%AF%D9%84-HR1673-91" "Mozilla/5.0 (Linux; Android 8.0.0; RNE-L21 Build/HUAWEIRNE-L21) AppleWebKit/537.36 (KHTML, like Gecko) Chrome/68.0.3440.91 Mobile Safari/537.36" "-"
5.116.101.234 - - [26/Jan/2019:20:26:41 +0330] "GET /image/62651/productModel/100x100 HTTP/1.1" 200 2385 "https://www.zanbil.ir/browse/wristwatch/%D8%B3%D8%A7%D8%B9%D8%AA-%D9%85%DA%86%DB%8C" "Mozilla/5.0 (Windows NT 6.3; Win64; x64) AppleWebKit/537.36 (KHTML, like Gecko) Chrome/71.0.3578.98 Safari/537.36" "-"
5.121.151.118 - - [26/Jan/2019:20:26:41 +0330] "GET /amp-helper-frame.html?appId=a624a1c1-0c93-466a-a546-e146710f97e6&parentOrigin=https://www.zanbil.ir HTTP/1.1" 200 133 "https://www.zanbil.ir/m/product/17105/%DA%AF%D9%88%D8%B4%D8%AA-%DA%A9%D9%88%D8%A8-%D8%A8%D8%B1%D9%82%DB%8C-%D9%81%DB%8C%D9%84%DB%8C%D9%BE%D8%B3-%D9%85%D8%AF%D9%84-HR1673-91" "Mozilla/5.0 (Linux; Android 8.0.0; RNE-L21 Build/HUAWEIRNE-L21) AppleWebKit/537.36 (KHTML, like Gecko) Chrome/68.0.3440.91 Mobile Safari/537.36" "-"
5.116.101.234 - - [26/Jan/2019:20:26:41 +0330] "GET /image/64050/productModel/100x100 HTTP/1.1" 200 2973 "https://www.zanbil.ir/browse/wristwatch/%D8%B3%D8%A7%D8%B9%D8%AA-%D9%85%DA%86%DB%8C" "Mozilla/5.0 (Windows NT 6.3; Win64; x64) AppleWebKit/537.36 (KHTML, like Gecko) Chrome/71.0.3578.98 Safari/537.36" "-"
5.116.101.234 - - [26/Jan/2019:20:26:41 +0330] "GET /image/64663/productModel/100x100 HTTP/1.1" 200 2413 "https://www.zanbil.ir/browse/wristwatch/%D8%B3%D8%A7%D8%B9%D8%AA-%D9%85%DA%86%DB%8C" "Mozilla/5.0 (Windows NT 6.3; Win64; x64) AppleWebKit/537.36 (KHTML, like Gecko) Chrome/71.0.3578.98 Safari/537.36" "-"
68.183.78.16 - - [26/Jan/2019:20:26:41 +0330] "POST /m/updateVariation?__amp_source_origin=https%3A%2F%2Fwww.zanbil.ir HTTP/1.1" 200 339 "https://www.zanbil.ir/m/product/247/1647/%DB%8C%D8%AE%DA%86%D8%A7%D9%84-%D9%81%D8%B1%DB%8C%D8%B2%D8%B1-%D8%B3%D8%A7%DB%8C%D8%AF-%D8%A8%D8%A7%DB%8C-%D8%B3%D8%A7%DB%8C%D8%AF-%D8%B3%D8%A7%D9%85%D8%B3%D9%88%D9%86%DA%AF-%D9%85%D8%AF%D9%84-Polaris-SL?utm_medium=PPC&utm_source=Torob" "Mozilla/5.0 (Linux; Android 8.0.0; SAMSUNG SM-G570F Build/R16NW) AppleWebKit/537.36 (KHTML, like Gecko) SamsungBrowser/8.2 Chrome/63.0.3239.111 Mobile Safari/537.36" "-"
83.121.137.231 - - [26/Jan/2019:20:26:41 +0330] "GET /static/images/guarantees/goodShopping.png HTTP/1.1" 200 6496 "https://www.zanbil.ir/m/product/32713/%DB%8C%D8%AE%DA%86%D8%A7%D9%84-%D9%81%D8%B1%DB%8C%D8%B2%D8%B1-%D8%AF%D9%88%D9%82%D9%84%D9%88-%D8%B3%DB%8C%D9%86%D8%AC%D8%B1-%D9%85%D8%AF%D9%84-SLRF-26" "Mozilla/5.0 (Linux; Android 5.1.1; SAMSUNG SM-J500H Build/LMY48B) AppleWebKit/537.36 (KHTML, like Gecko) SamsungBrowser/3.3 Chrome/38.0.2125.102 Mobile Safari/537.36" "-"
83.121.137.231 - - [26/Jan/2019:20:26:41 +0330] "GET /static/images/guarantees/warranty.png HTTP/1.1" 200 5807 "https://www.zanbil.ir/m/product/32713/%DB%8C%D8%AE%DA%86%D8%A7%D9%84-%D9%81%D8%B1%DB%8C%D8%B2%D8%B1-%D8%AF%D9%88%D9%82%D9%84%D9%88-%D8%B3%DB%8C%D9%86%D8%AC%D8%B1-%D9%85%D8%AF%D9%84-SLRF-26" "Mozilla/5.0 (Linux; Android 5.1.1; SAMSUNG SM-J500H Build/LMY48B) AppleWebKit/537.36 (KHTML, like Gecko) SamsungBrowser/3.3 Chrome/38.0.2125.102 Mobile Safari/537.36" "-"
5.116.101.234 - - [26/Jan/2019:20:26:41 +0330] "GET /image/64665/productModel/100x100 HTTP/1.1" 200 2637 "https://www.zanbil.ir/browse/wristwatch/%D8%B3%D8%A7%D8%B9%D8%AA-%D9%85%DA%86%DB%8C" "Mozilla/5.0 (Windows NT 6.3; Win64; x64) AppleWebKit/537.36 (KHTML, like Gecko) Chrome/71.0.3578.98 Safari/537.36" "-"
5.116.101.234 - - [26/Jan/2019:20:26:41 +0330] "GET /image/64667/productModel/100x100 HTTP/1.1" 200 2487 "https://www.zanbil.ir/browse/wristwatch/%D8%B3%D8%A7%D8%B9%D8%AA-%D9%85%DA%86%DB%8C" "Mozilla/5.0 (Windows NT 6.3; Win64; x64) AppleWebKit/537.36 (KHTML, like Gecko) Chrome/71.0.3578.98 Safari/537.36" "-"
5.116.101.234 - - [26/Jan/2019:20:26:41 +0330] "GET /image/64668/productModel/100x100 HTTP/1.1" 200 2373 "https://www.zanbil.ir/browse/wristwatch/%D8%B3%D8%A7%D8%B9%D8%AA-%D9%85%DA%86%DB%8C" "Mozilla/5.0 (Windows NT 6.3; Win64; x64) AppleWebKit/537.36 (KHTML, like Gecko) Chrome/71.0.3578.98 Safari/537.36" "-"
83.121.137.231 - - [26/Jan/2019:20:26:41 +0330] "GET /static/images/guarantees/bestPrice.png HTTP/1.1" 200 7356 "https://www.zanbil.ir/m/product/32713/%DB%8C%D8%AE%DA%86%D8%A7%D9%84-%D9%81%D8%B1%DB%8C%D8%B2%D8%B1-%D8%AF%D9%88%D9%82%D9%84%D9%88-%D8%B3%DB%8C%D9%86%D8%AC%D8%B1-%D9%85%D8%AF%D9%84-SLRF-26" "Mozilla/5.0 (Linux; Android 5.1.1; SAMSUNG SM-J500H Build/LMY48B) AppleWebKit/537.36 (KHTML, like Gecko) SamsungBrowser/3.3 Chrome/38.0.2125.102 Mobile Safari/537.36" "-"
83.121.137.231 - - [26/Jan/2019:20:26:41 +0330] "GET /static/images/guarantees/support.png HTTP/1.1" 200 6454 "https://www.zanbil.ir/m/product/32713/%DB%8C%D8%AE%DA%86%D8%A7%D9%84-%D9%81%D8%B1%DB%8C%D8%B2%D8%B1-%D8%AF%D9%88%D9%82%D9%84%D9%88-%D8%B3%DB%8C%D9%86%D8%AC%D8%B1-%D9%85%D8%AF%D9%84-SLRF-26" "Mozilla/5.0 (Linux; Android 5.1.1; SAMSUNG SM-J500H Build/LMY48B) AppleWebKit/537.36 (KHTML, like Gecko) SamsungBrowser/3.3 Chrome/38.0.2125.102 Mobile Safari/537.36" "-"
104.194.25.177 - - [26/Jan/2019:20:26:41 +0330] "GET /favicon.ico HTTP/1.1" 200 0 "-" "Mozilla/5.0 (Linux; Android 5.1.1; SAMSUNG SM-G531H Build/LMY48B) AppleWebKit/537.36 (KHTML, like Gecko) SamsungBrowser/3.3 Chrome/38.0.2125.102 Mobile Safari/537.36" "-"
83.121.137.231 - - [26/Jan/2019:20:26:41 +0330] "GET /static/images/guarantees/fastDelivery.png HTTP/1.1" 200 7713 "https://www.zanbil.ir/m/product/32713/%DB%8C%D8%AE%DA%86%D8%A7%D9%84-%D9%81%D8%B1%DB%8C%D8%B2%D8%B1-%D8%AF%D9%88%D9%82%D9%84%D9%88-%D8%B3%DB%8C%D9%86%D8%AC%D8%B1-%D9%85%D8%AF%D9%84-SLRF-26" "Mozilla/5.0 (Linux; Android 5.1.1; SAMSUNG SM-J500H Build/LMY48B) AppleWebKit/537.36 (KHTML, like Gecko) SamsungBrowser/3.3 Chrome/38.0.2125.102 Mobile Safari/537.36" "-"
5.121.151.118 - - [26/Jan/2019:20:26:41 +0330] "GET /image/59742/productModel/150x150 HTTP/1.1" 200 2284 "https://www.zanbil.ir/m/product/17105/%DA%AF%D9%88%D8%B4%D8%AA-%DA%A9%D9%88%D8%A8-%D8%A8%D8%B1%D9%82%DB%8C-%D9%81%DB%8C%D9%84%DB%8C%D9%BE%D8%B3-%D9%85%D8%AF%D9%84-HR1673-91" "Mozilla/5.0 (Linux; Android 8.0.0; RNE-L21 Build/HUAWEIRNE-L21) AppleWebKit/537.36 (KHTML, like Gecko) Chrome/68.0.3440.91 Mobile Safari/537.36" "-"
5.121.151.118 - - [26/Jan/2019:20:26:41 +0330] "GET /image/60731/productModel/150x150 HTTP/1.1" 200 2557 "https://www.zanbil.ir/m/product/17105/%DA%AF%D9%88%D8%B4%D8%AA-%DA%A9%D9%88%D8%A8-%D8%A8%D8%B1%D9%82%DB%8C-%D9%81%DB%8C%D9%84%DB%8C%D9%BE%D8%B3-%D9%85%D8%AF%D9%84-HR1673-91" "Mozilla/5.0 (Linux; Android 8.0.0; RNE-L21 Build/HUAWEIRNE-L21) AppleWebKit/537.36 (KHTML, like Gecko) Chrome/68.0.3440.91 Mobile Safari/537.36" "-"
83.121.137.231 - - [26/Jan/2019:20:26:41 +0330] "GET /static/css/font/wyekan/font.woff HTTP/1.1" 200 28536 "https://www.zanbil.ir/m/product/32713/%DB%8C%D8%AE%DA%86%D8%A7%D9%84-%D9%81%D8%B1%DB%8C%D8%B2%D8%B1-%D8%AF%D9%88%D9%82%D9%84%D9%88-%D8%B3%DB%8C%D9%86%D8%AC%D8%B1-%D9%85%D8%AF%D9%84-SLRF-26" "Mozilla/5.0 (Linux; Android 5.1.1; SAMSUNG SM-J500H Build/LMY48B) AppleWebKit/537.36 (KHTML, like Gecko) SamsungBrowser/3.3 Chrome/38.0.2125.102 Mobile Safari/537.36" "-"
5.116.101.234 - - [26/Jan/2019:20:26:41 +0330] "GET /image/64670/productModel/100x100 HTTP/1.1" 200 2625 "https://www.zanbil.ir/browse/wristwatch/%D8%B3%D8%A7%D8%B9%D8%AA-%D9%85%DA%86%DB%8C" "Mozilla/5.0 (Windows NT 6.3; Win64; x64) AppleWebKit/537.36 (KHTML, like Gecko) Chrome/71.0.3578.98 Safari/537.36" "-"
5.121.151.118 - - [26/Jan/2019:20:26:41 +0330] "GET /image/17105?name=hr1673_91-ims-en_sa.jpg&wh=max HTTP/1.1" 200 66739 "https://www.zanbil.ir/m/product/17105/%DA%AF%D9%88%D8%B4%D8%AA-%DA%A9%D9%88%D8%A8-%D8%A8%D8%B1%D9%82%DB%8C-%D9%81%DB%8C%D9%84%DB%8C%D9%BE%D8%B3-%D9%85%D8%AF%D9%84-HR1673-91" "Mozilla/5.0 (Linux; Android 8.0.0; RNE-L21 Build/HUAWEIRNE-L21) AppleWebKit/537.36 (KHTML, like Gecko) Chrome/68.0.3440.91 Mobile Safari/537.36" "-"
5.116.101.234 - - [26/Jan/2019:20:26:41 +0330] "GET /image/64755/productModel/100x100 HTTP/1.1" 200 1979 "https://www.zanbil.ir/browse/wristwatch/%D8%B3%D8%A7%D8%B9%D8%AA-%D9%85%DA%86%DB%8C" "Mozilla/5.0 (Windows NT 6.3; Win64; x64) AppleWebKit/537.36 (KHTML, like Gecko) Chrome/71.0.3578.98 Safari/537.36" "-"
5.116.101.234 - - [26/Jan/2019:20:26:41 +0330] "GET /image/64776/productModel/100x100 HTTP/1.1" 200 2065 "https://www.zanbil.ir/browse/wristwatch/%D8%B3%D8%A7%D8%B9%D8%AA-%D9%85%DA%86%DB%8C" "Mozilla/5.0 (Windows NT 6.3; Win64; x64) AppleWebKit/537.36 (KHTML, like Gecko) Chrome/71.0.3578.98 Safari/537.36" "-"
5.116.101.234 - - [26/Jan/2019:20:26:41 +0330] "GET /image/64796/productModel/100x100 HTTP/1.1" 200 2260 "https://www.zanbil.ir/browse/wristwatch/%D8%B3%D8%A7%D8%B9%D8%AA-%D9%85%DA%86%DB%8C" "Mozilla/5.0 (Windows NT 6.3; Win64; x64) AppleWebKit/537.36 (KHTML, like Gecko) Chrome/71.0.3578.98 Safari/537.36" "-"
5.116.101.234 - - [26/Jan/2019:20:26:41 +0330] "GET /image/1187/article/100x100 HTTP/1.1" 200 15871 "https://www.zanbil.ir/browse/wristwatch/%D8%B3%D8%A7%D8%B9%D8%AA-%D9%85%DA%86%DB%8C" "Mozilla/5.0 (Windows NT 6.3; Win64; x64) AppleWebKit/537.36 (KHTML, like Gecko) Chrome/71.0.3578.98 Safari/537.36" "-"
5.116.101.234 - - [26/Jan/2019:20:26:41 +0330] "GET /image/64794/productModel/100x100 HTTP/1.1" 200 11991 "https://www.zanbil.ir/browse/wristwatch/%D8%B3%D8%A7%D8%B9%D8%AA-%D9%85%DA%86%DB%8C" "Mozilla/5.0 (Windows NT 6.3; Win64; x64) AppleWebKit/537.36 (KHTML, like Gecko) Chrome/71.0.3578.98 Safari/537.36" "-"
5.116.101.234 - - [26/Jan/2019:20:26:41 +0330] "GET /image/213/article/100x100 HTTP/1.1" 200 11162 "https://www.zanbil.ir/browse/wristwatch/%D8%B3%D8%A7%D8%B9%D8%AA-%D9%85%DA%86%DB%8C" "Mozilla/5.0 (Windows NT 6.3; Win64; x64) AppleWebKit/537.36 (KHTML, like Gecko) Chrome/71.0.3578.98 Safari/537.36" "-"
89.34.41.26 - - [26/Jan/2019:20:26:41 +0330] "GET /favicon.ico HTTP/1.1" 200 0 "https://www.zanbil.ir/m/product/4261/%DB%8C%D8%AE%DA%86%D8%A7%D9%84-%D9%81%D8%B1%DB%8C%D8%B2%D8%B1-%D9%81%D8%B1%DB%8C%D8%B2%D8%B1-%D8%A8%D8%A7%D9%84%D8%A7-%D8%A7%D8%B3%D9%86%D9%88%D8%A7-%D9%85%D8%AF%D9%84-MORANO-SR-T288" "Mozilla/5.0 (Linux; Android 7.0; SM-A710F) AppleWebKit/537.36 (KHTML, like Gecko) Chrome/71.0.3578.99 Mobile Safari/537.36" "-"
5.116.101.234 - - [26/Jan/2019:20:26:41 +0330] "GET /image/205/article/100x100 HTTP/1.1" 200 12036 "https://www.zanbil.ir/browse/wristwatch/%D8%B3%D8%A7%D8%B9%D8%AA-%D9%85%DA%86%DB%8C" "Mozilla/5.0 (Windows NT 6.3; Win64; x64) AppleWebKit/537.36 (KHTML, like Gecko) Chrome/71.0.3578.98 Safari/537.36" "-"
89.36.176.81 - - [26/Jan/2019:20:26:41 +0330] "GET /static/images/amp/instagram.png HTTP/1.1" 200 7146 "https://www.zanbil.ir/m/filter/p29%2Ct190?name=%D9%87%D9%85%D8%B2%D9%86&productType=mixer" "Mozilla/5.0 (Linux; Android 7.0; SM-J530F Build/NRD90M) AppleWebKit/537.36 (KHTML, like Gecko) Chrome/69.0.3497.100 Mobile Safari/537.36" "-"
5.116.101.234 - - [26/Jan/2019:20:26:41 +0330] "GET /image/241/article/100x100 HTTP/1.1" 200 17939 "https://www.zanbil.ir/browse/wristwatch/%D8%B3%D8%A7%D8%B9%D8%AA-%D9%85%DA%86%DB%8C" "Mozilla/5.0 (Windows NT 6.3; Win64; x64) AppleWebKit/537.36 (KHTML, like Gecko) Chrome/71.0.3578.98 Safari/537.36" "-"
89.36.176.81 - - [26/Jan/2019:20:26:41 +0330] "GET /static/images/amp/telegram.png HTTP/1.1" 200 4859 "https://www.zanbil.ir/m/filter/p29%2Ct190?name=%D9%87%D9%85%D8%B2%D9%86&productType=mixer" "Mozilla/5.0 (Linux; Android 7.0; SM-J530F Build/NRD90M) AppleWebKit/537.36 (KHTML, like Gecko) Chrome/69.0.3497.100 Mobile Safari/537.36" "-"
89.36.176.81 - - [26/Jan/2019:20:26:41 +0330] "GET /static/images/amp/blog.png HTTP/1.1" 200 3863 "https://www.zanbil.ir/m/filter/p29%2Ct190?name=%D9%87%D9%85%D8%B2%D9%86&productType=mixer" "Mozilla/5.0 (Linux; Android 7.0; SM-J530F Build/NRD90M) AppleWebKit/537.36 (KHTML, like Gecko) Chrome/69.0.3497.100 Mobile Safari/537.36" "-"
151.239.190.227 - - [26/Jan/2019:20:26:41 +0330] "GET /static/images/favicon.ico HTTP/1.1" 200 152 "https://www.zanbil.ir/browse/bath-valve/%D8%B4%DB%8C%D8%B1-%D8%AD%D9%85%D8%A7%D9%85" "Mozilla/5.0 (Windows NT 6.3; Win64; x64) AppleWebKit/537.36 (KHTML, like Gecko) Chrome/71.0.3578.98 Safari/537.36" "-"
5.212.39.244 - - [26/Jan/2019:20:26:41 +0330] "GET /m/filter/b246%2Cp4 HTTP/1.1" 200 18542 "https://www.google.com/" "Mozilla/5.0 (Linux; Android 4.4.4; GT-I9060I Build/KTU84P) AppleWebKit/537.36 (KHTML, like Gecko) Chrome/40.0.2214.109 Mobile Safari/537.36" "-"
2.177.221.91 - - [26/Jan/2019:20:26:41 +0330] "GET /static/images/amp/instagram.png HTTP/1.1" 200 7146 "https://www.zanbil.ir/" "Mozilla/5.0 (iPhone; CPU iPhone OS 12_1 like Mac OS X) AppleWebKit/605.1.15 (KHTML, like Gecko) Version/12.0 Mobile/15E148 Safari/604.1" "-"
5.114.204.68 - - [26/Jan/2019:20:26:41 +0330] "GET /settings/logo HTTP/1.1" 200 4120 "https://www.zanbil.ir/basket/view" "Mozilla/5.0 (Linux; Android 4.4.2; GT-N5100) AppleWebKit/537.36 (KHTML, like Gecko) Chrome/70.0.3538.110 Safari/537.36" "-"
83.121.64.245 - - [26/Jan/2019:20:26:41 +0330] "GET /blog/zanbil-and-festival-news/%D8%AF%DB%8C%D8%AF%DA%AF%D8%A7%D9%87-%D9%87%D8%A7-%D9%88-%D8%AA%D8%AC%D8%B1%D8%A8%D9%87-%D9%87%D8%A7%DB%8C-%D8%AE%D8%B1%DB%8C%D8%AF-%D8%A7%D8%B2-%D9%81%D8%B1%D9%88%D8%B4%DA%AF%D8%A7%D9%87-%D8%A7%DB%8C/ HTTP/1.1" 200 42325 "https://www.zanbil.ir/m/search/%D9%82%DB%8C%D9%85%D8%AA-%D8%B3%D8%B4%D9%88%D8%A7%D8%B1-%D8%A8%D8%A7%D8%A8%DB%8C%D9%84%DB%8C%D8%B3-E6611" "Mozilla/5.0 (iPhone; CPU iPhone OS 12_1_2 like Mac OS X) AppleWebKit/605.1.15 (KHTML, like Gecko) FxiOS/14.0b12646 Mobile/16C101 Safari/605.1.15" "-"
5.121.151.118 - - [26/Jan/2019:20:26:41 +0330] "GET /image/62021/productModel/150x150 HTTP/1.1" 200 2958 "https://www.zanbil.ir/m/product/17105/%DA%AF%D9%88%D8%B4%D8%AA-%DA%A9%D9%88%D8%A8-%D8%A8%D8%B1%D9%82%DB%8C-%D9%81%DB%8C%D9%84%DB%8C%D9%BE%D8%B3-%D9%85%D8%AF%D9%84-HR1673-91" "Mozilla/5.0 (Linux; Android 8.0.0; RNE-L21 Build/HUAWEIRNE-L21) AppleWebKit/537.36 (KHTML, like Gecko) Chrome/68.0.3440.91 Mobile Safari/537.36" "-"
5.121.151.118 - - [26/Jan/2019:20:26:42 +0330] "GET /image/17105?name=1673-2.jpg&wh=max HTTP/1.1" 200 8144 "https://www.zanbil.ir/m/product/17105/%DA%AF%D9%88%D8%B4%D8%AA-%DA%A9%D9%88%D8%A8-%D8%A8%D8%B1%D9%82%DB%8C-%D9%81%DB%8C%D9%84%DB%8C%D9%BE%D8%B3-%D9%85%D8%AF%D9%84-HR1673-91" "Mozilla/5.0 (Linux; Android 8.0.0; RNE-L21 Build/HUAWEIRNE-L21) AppleWebKit/537.36 (KHTML, like Gecko) Chrome/68.0.3440.91 Mobile Safari/537.36" "-"
5.114.204.68 - - [26/Jan/2019:20:26:42 +0330] "GET /image/11043/productModel/100x100 HTTP/1.1" 200 2116 "https://www.zanbil.ir/basket/view" "Mozilla/5.0 (Linux; Android 4.4.2; GT-N5100) AppleWebKit/537.36 (KHTML, like Gecko) Chrome/70.0.3538.110 Safari/537.36" "-"
2.177.221.91 - - [26/Jan/2019:20:26:42 +0330] "GET /static/images/amp/telegram.png HTTP/1.1" 200 4859 "https://www.zanbil.ir/" "Mozilla/5.0 (iPhone; CPU iPhone OS 12_1 like Mac OS X) AppleWebKit/605.1.15 (KHTML, like Gecko) Version/12.0 Mobile/15E148 Safari/604.1" "-"
5.160.157.20 - - [26/Jan/2019:20:26:42 +0330] "GET /browse/hair-mask HTTP/1.1" 301 178 "-" "Mozilla/5.0 (Windows NT 5.1; rv:8.0) Gecko/20100101 Firefox/8.0" "-"
2.177.221.91 - - [26/Jan/2019:20:26:42 +0330] "GET /static/images/amp/blog.png HTTP/1.1" 200 3863 "https://www.zanbil.ir/" "Mozilla/5.0 (iPhone; CPU iPhone OS 12_1 like Mac OS X) AppleWebKit/605.1.15 (KHTML, like Gecko) Version/12.0 Mobile/15E148 Safari/604.1" "-"
5.121.151.118 - - [26/Jan/2019:20:26:42 +0330] "GET /image/62218/productModel/150x150 HTTP/1.1" 200 2799 "https://www.zanbil.ir/m/product/17105/%DA%AF%D9%88%D8%B4%D8%AA-%DA%A9%D9%88%D8%A8-%D8%A8%D8%B1%D9%82%DB%8C-%D9%81%DB%8C%D9%84%DB%8C%D9%BE%D8%B3-%D9%85%D8%AF%D9%84-HR1673-91" "Mozilla/5.0 (Linux; Android 8.0.0; RNE-L21 Build/HUAWEIRNE-L21) AppleWebKit/537.36 (KHTML, like Gecko) Chrome/68.0.3440.91 Mobile Safari/537.36" "-"
5.160.157.20 - - [26/Jan/2019:20:26:42 +0330] "GET /browse/quilt HTTP/1.1" 301 178 "-" "Mozilla/5.0 (Windows NT 5.1; rv:8.0) Gecko/20100101 Firefox/8.0" "-"
151.239.190.227 - - [26/Jan/2019:20:26:42 +0330] "GET /manifest.json HTTP/1.1" 200 110 "https://www.zanbil.ir/browse/bath-valve/%D8%B4%DB%8C%D8%B1-%D8%AD%D9%85%D8%A7%D9%85" "Mozilla/5.0 (Windows NT 6.3; Win64; x64) AppleWebKit/537.36 (KHTML, like Gecko) Chrome/71.0.3578.98 Safari/537.36" "-"
83.121.137.231 - - [26/Jan/2019:20:26:42 +0330] "GET /settings/logo HTTP/1.1" 200 4120 "https://www.zanbil.ir/m/product/32713/%DB%8C%D8%AE%DA%86%D8%A7%D9%84-%D9%81%D8%B1%DB%8C%D8%B2%D8%B1-%D8%AF%D9%88%D9%82%D9%84%D9%88-%D8%B3%DB%8C%D9%86%D8%AC%D8%B1-%D9%85%D8%AF%D9%84-SLRF-26" "Mozilla/5.0 (Linux; Android 5.1.1; SAMSUNG SM-J500H Build/LMY48B) AppleWebKit/537.36 (KHTML, like Gecko) SamsungBrowser/3.3 Chrome/38.0.2125.102 Mobile Safari/537.36" "-"
5.113.187.225 - - [26/Jan/2019:20:26:42 +0330] "GET /image/34101?name=1884-0050-1.jpg&wh=200x200 HTTP/1.1" 200 3431 "-" "Dalvik/2.1.0 (Linux; U; Android 7.0; FRD-L09 Build/HUAWEIFRD-L09)" "-"
83.121.137.231 - - [26/Jan/2019:20:26:42 +0330] "GET /static/css/font/wyekan/font.ttf HTTP/1.1" 200 27459 "https://www.zanbil.ir/m/product/32713/%DB%8C%D8%AE%DA%86%D8%A7%D9%84-%D9%81%D8%B1%DB%8C%D8%B2%D8%B1-%D8%AF%D9%88%D9%82%D9%84%D9%88-%D8%B3%DB%8C%D9%86%D8%AC%D8%B1-%D9%85%D8%AF%D9%84-SLRF-26" "Mozilla/5.0 (Linux; Android 5.1.1; SAMSUNG SM-J500H Build/LMY48B) AppleWebKit/537.36 (KHTML, like Gecko) SamsungBrowser/3.3 Chrome/38.0.2125.102 Mobile Safari/537.36" "-"
46.224.159.70 - - [26/Jan/2019:20:26:42 +0330] "GET /m/browse/refrigerator-and-freezer/%DB%8C%D8%AE%DA%86%D8%A7%D9%84-%D9%81%D8%B1%DB%8C%D8%B2%D8%B1 HTTP/1.1" 200 20144 "https://www.zanbil.ir/m/product/31789/61961/%DB%8C%D8%AE%DA%86%D8%A7%D9%84-%D9%81%D8%B1%DB%8C%D8%B2%D8%B1-%D9%81%D8%B1%DB%8C%D8%B2%D8%B1-%D8%A8%D8%A7%D9%84%D8%A7-%D8%A7%D9%84-%D8%AC%DB%8C-%D9%85%D8%AF%D9%84-TF560WB" "Mozilla/5.0 (Linux; Android 8.0.0; ANE-LX1) AppleWebKit/537.36 (KHTML, like Gecko) Chrome/71.0.3578.99 Mobile Safari/537.36" "-"
185.120.242.192 - - [26/Jan/2019:20:26:42 +0330] "GET /filter/b613,p16680 HTTP/1.1" 200 32604 "https://www.google.com/" "Mozilla/5.0 (Windows NT 5.1; rv:52.0) Gecko/20100101 Firefox/52.0" "-"
5.121.151.118 - - [26/Jan/2019:20:26:42 +0330] "GET /favicon.ico HTTP/1.1" 200 0 "https://www.zanbil.ir/m/product/17105/%DA%AF%D9%88%D8%B4%D8%AA-%DA%A9%D9%88%D8%A8-%D8%A8%D8%B1%D9%82%DB%8C-%D9%81%DB%8C%D9%84%DB%8C%D9%BE%D8%B3-%D9%85%D8%AF%D9%84-HR1673-91" "Mozilla/5.0 (Linux; Android 8.0.0; RNE-L21 Build/HUAWEIRNE-L21) AppleWebKit/537.36 (KHTML, like Gecko) Chrome/68.0.3440.91 Mobile Safari/537.36" "-"
2.176.138.136 - - [26/Jan/2019:20:26:43 +0330] "POST /orderAdministration/list/coordination HTTP/1.1" 200 2587 "https://www.zanbil.ir/orderAdministration/console/188206" "Mozilla/5.0 (Windows NT 10.0; Win64; x64; rv:64.0) Gecko/20100101 Firefox/64.0" "-"
37.255.5.247 - - [26/Jan/2019:20:26:43 +0330] "GET /image/27897?name=tf-34-ts.jpg&wh=max HTTP/1.1" 200 20872 "-" "Mozilla/5.0 (Linux; Android 4.4.2; HTC Desire 816G dual sim Build/KOT49H) AppleWebKit/537.36 (KHTML, like Gecko) Version/4.0 Chrome/30.0.0.0 Mobile Safari/537.36 GSA/3.6.14.1337016.arm" "-"
2.176.138.136 - - [26/Jan/2019:20:26:43 +0330] "GET /plugins/rapid-grails-0.1/js/criteria.js?_=1548522022118 HTTP/1.1" 302 0 "https://www.zanbil.ir/orderAdministration/console/188206" "Mozilla/5.0 (Windows NT 10.0; Win64; x64; rv:64.0) Gecko/20100101 Firefox/64.0" "-"
2.176.138.136 - - [26/Jan/2019:20:26:43 +0330] "GET /static/bundle-bundle_admin_defer.min.js HTTP/1.1" 200 89664 "https://www.zanbil.ir/orderAdministration/console/188206" "Mozilla/5.0 (Windows NT 10.0; Win64; x64; rv:64.0) Gecko/20100101 Firefox/64.0" "-"
89.36.176.81 - - [26/Jan/2019:20:26:43 +0330] "GET /static/images/amp/third-party/footer-mobile.png HTTP/1.1" 200 62894 "https://www.zanbil.ir/m/filter/p29%2Ct190?name=%D9%87%D9%85%D8%B2%D9%86&productType=mixer" "Mozilla/5.0 (Linux; Android 7.0; SM-J530F Build/NRD90M) AppleWebKit/537.36 (KHTML, like Gecko) Chrome/69.0.3497.100 Mobile Safari/537.36" "-"
185.120.242.192 - - [26/Jan/2019:20:26:43 +0330] "GET /static/bundle-bundle_site_head.css HTTP/1.1" 200 55531 "https://www.zanbil.ir/filter/b613,p16680" "Mozilla/5.0 (Windows NT 5.1; rv:52.0) Gecko/20100101 Firefox/52.0" "-"
185.120.242.192 - - [26/Jan/2019:20:26:43 +0330] "GET /static/images/favicon.ico HTTP/1.1" 200 152 "-" "Mozilla/5.0 (Windows NT 5.1; rv:52.0) Gecko/20100101 Firefox/52.0" "-"
5.121.166.61 - - [26/Jan/2019:20:26:43 +0330] "GET /m/browse/washing-machine/%D9%85%D8%A7%D8%B4%DB%8C%D9%86-%D9%84%D8%A8%D8%A7%D8%B3%D8%B4%D9%88%DB%8C%DB%8C HTTP/1.1" 200 19810 "-" "Mozilla/5.0 (Linux; Android 4.3; NokiaX2DS Build/JLS36C) AppleWebKit/537.36 (KHTML, like Gecko) Chrome/34.0.1847.116 Mobile Safari/537.36 OPR/21.0.1437.75439" "-"
5.116.101.234 - - [26/Jan/2019:20:26:43 +0330] "GET /static/images/third-party/footer.png HTTP/1.1" 200 56076 "https://www.zanbil.ir/browse/wristwatch/%D8%B3%D8%A7%D8%B9%D8%AA-%D9%85%DA%86%DB%8C" "Mozilla/5.0 (Windows NT 6.3; Win64; x64) AppleWebKit/537.36 (KHTML, like Gecko) Chrome/71.0.3578.98 Safari/537.36" "-"
5.116.101.234 - - [26/Jan/2019:20:26:43 +0330] "GET /static/images/amp/instagram.png HTTP/1.1" 200 7146 "https://www.zanbil.ir/browse/wristwatch/%D8%B3%D8%A7%D8%B9%D8%AA-%D9%85%DA%86%DB%8C" "Mozilla/5.0 (Windows NT 6.3; Win64; x64) AppleWebKit/537.36 (KHTML, like Gecko) Chrome/71.0.3578.98 Safari/537.36" "-"
5.232.121.160 - - [26/Jan/2019:20:26:43 +0330] "GET /image/28131?name=h45-1....jpg&wh=200x200 HTTP/1.1" 200 94646 "https://torob.com/p/bde005bb-c516-4647-b606-747d1325e521/%D9%87%D9%88%D8%AF-eh1002t-%D9%84%D9%85%D8%B3%DB%8C-%D9%88%D8%A7%DB%8C%D8%B2%D8%B1-wiser/" "Mozilla/5.0 (Linux; Android 5.1.1; SAMSUNG SM-J200H Build/LMY48B) AppleWebKit/537.36 (KHTML, like Gecko) SamsungBrowser/3.5 Chrome/38.0.2125.102 Mobile Safari/537.36" "-"
5.116.101.234 - - [26/Jan/2019:20:26:43 +0330] "GET /static/images/amp/telegram.png HTTP/1.1" 200 4859 "https://www.zanbil.ir/browse/wristwatch/%D8%B3%D8%A7%D8%B9%D8%AA-%D9%85%DA%86%DB%8C" "Mozilla/5.0 (Windows NT 6.3; Win64; x64) AppleWebKit/537.36 (KHTML, like Gecko) Chrome/71.0.3578.98 Safari/537.36" "-"
2.178.35.200 - - [26/Jan/2019:20:26:43 +0330] "GET /image/30/productType/120x90 HTTP/1.1" 200 13906 "https://www.zanbil.ir/m/product/21660/%DA%AF%D9%88%D8%B4%D8%AA-%DA%A9%D9%88%D8%A8-%D8%A8%D8%B1%D9%82%DB%8C-%D9%BE%D8%A7%D8%B1%D8%B3-%D8%AE%D8%B2%D8%B1-%D9%85%D8%AF%D9%84-HB-5501AP" "Mozilla/5.0 (Linux; Android 4.4.4; GT-I9300I) AppleWebKit/537.36 (KHTML, like Gecko) Chrome/70.0.3538.64 Mobile Safari/537.36" "-"
2.176.138.136 - - [26/Jan/2019:20:26:43 +0330] "GET /rapidGrails/jsonList?maxColumns=16&domainClass=eshop.Order&filter=[{op:%27inSession%27,%20field:%27id%27,%20val:%27orderList8ac861003d274eb886e36d12a5ece7c1%27}]&columns=[{%27name%27:%27trackingCode%27,%27width%27:110},{%27name%27:%27ownerName%27,%27width%27:120},{%27name%27:%27productsName%27,%27width%27:320,%27sortable%27:false},{%27name%27:%27ownerMobile%27,%27width%27:110},{%27name%27:%27deliveryMethodName%27,%27width%27:120,%27sortable%27:false},{%27name%27:%27deliveryCityName%27,%27width%27:120,%27sortable%27:false},{%27name%27:%27addressRegionName%27,%27width%27:120,%27sortable%27:false},{%27name%27:%27courier%27,%27width%27:120,%27expression%27:%27obj[\x5C%27courier\x5C%27]?.fullName%27},{%27name%27:%27status%27,%27width%27:110},{%27name%27:%27invoiceType%27,%27width%27:60,%27expression%27:%27g.message(code:%20obj[\x5C%27invoiceTypeCode\x5C%27])%27},{%27name%27:%27itemsDeliveryStatus%27,%27width%27:60},{%27name%27:%27creationType%27,%27width%27:50},{%27name%27:%27creationMedia%27,%27width%27:50},{%27name%27:%27completionMedia%27,%27width%27:50},{%27name%27:%27completionFollower%27,%27width%27:120},{%27name%27:%27lastActionDate%27,%27width%27:100,%27expression%27:%27rg.formatJalaliDate(date:%20%20obj[\x5C%27lastActionDate\x5C%27],%20hm:\x5C%27true\x5C%27%20)%27}]&_search=false&nd=1548522022253&rows=10&page=1&sidx=lastActionDate&sord=desc HTTP/1.1" 200 89 "https://www.zanbil.ir/orderAdministration/console/188206" "Mozilla/5.0 (Windows NT 10.0; Win64; x64; rv:64.0) Gecko/20100101 Firefox/64.0" "-"
2.178.35.200 - - [26/Jan/2019:20:26:43 +0330] "GET /image/29/productType/120x90 HTTP/1.1" 200 11978 "https://www.zanbil.ir/m/product/21660/%DA%AF%D9%88%D8%B4%D8%AA-%DA%A9%D9%88%D8%A8-%D8%A8%D8%B1%D9%82%DB%8C-%D9%BE%D8%A7%D8%B1%D8%B3-%D8%AE%D8%B2%D8%B1-%D9%85%D8%AF%D9%84-HB-5501AP" "Mozilla/5.0 (Linux; Android 4.4.4; GT-I9300I) AppleWebKit/537.36 (KHTML, like Gecko) Chrome/70.0.3538.64 Mobile Safari/537.36" "-"
5.212.39.244 - - [26/Jan/2019:20:26:43 +0330] "GET /static/images/guarantees/goodShopping.png HTTP/1.1" 304 0 "https://www.google.com/" "Mozilla/5.0 (Linux; Android 4.4.4; GT-I9060I Build/KTU84P) AppleWebKit/537.36 (KHTML, like Gecko) Chrome/40.0.2214.109 Mobile Safari/537.36" "-"
5.212.39.244 - - [26/Jan/2019:20:26:43 +0330] "GET /static/css/font/wyekan/font.woff HTTP/1.1" 304 0 "https://www.google.com/" "Mozilla/5.0 (Linux; Android 4.4.4; GT-I9060I Build/KTU84P) AppleWebKit/537.36 (KHTML, like Gecko) Chrome/40.0.2214.109 Mobile Safari/537.36" "-"
5.212.39.244 - - [26/Jan/2019:20:26:43 +0330] "GET /static/images/guarantees/warranty.png HTTP/1.1" 304 0 "https://www.google.com/" "Mozilla/5.0 (Linux; Android 4.4.4; GT-I9060I Build/KTU84P) AppleWebKit/537.36 (KHTML, like Gecko) Chrome/40.0.2214.109 Mobile Safari/537.36" "-"
5.116.101.234 - - [26/Jan/2019:20:26:43 +0330] "GET /static/images/amp/blog.png HTTP/1.1" 200 3863 "https://www.zanbil.ir/browse/wristwatch/%D8%B3%D8%A7%D8%B9%D8%AA-%D9%85%DA%86%DB%8C" "Mozilla/5.0 (Windows NT 6.3; Win64; x64) AppleWebKit/537.36 (KHTML, like Gecko) Chrome/71.0.3578.98 Safari/537.36" "-"
5.212.39.244 - - [26/Jan/2019:20:26:43 +0330] "GET /static/images/guarantees/bestPrice.png HTTP/1.1" 200 7356 "https://www.google.com/" "Mozilla/5.0 (Linux; Android 4.4.4; GT-I9060I Build/KTU84P) AppleWebKit/537.36 (KHTML, like Gecko) Chrome/40.0.2214.109 Mobile Safari/537.36" "-"
5.212.39.244 - - [26/Jan/2019:20:26:43 +0330] "GET /static/images/guarantees/support.png HTTP/1.1" 200 6454 "https://www.google.com/" "Mozilla/5.0 (Linux; Android 4.4.4; GT-I9060I Build/KTU84P) AppleWebKit/537.36 (KHTML, like Gecko) Chrome/40.0.2214.109 Mobile Safari/537.36" "-"
185.120.242.192 - - [26/Jan/2019:20:26:43 +0330] "GET /static/bundle-bundle_site_defer.min.js HTTP/1.1" 200 185207 "https://www.zanbil.ir/filter/b613,p16680" "Mozilla/5.0 (Windows NT 5.1; rv:52.0) Gecko/20100101 Firefox/52.0" "-"
5.116.101.234 - - [26/Jan/2019:20:26:43 +0330] "GET /static/images/prev.png HTTP/1.1" 200 3032 "https://znbl.ir/static/bundle-bundle_site_head.css" "Mozilla/5.0 (Windows NT 6.3; Win64; x64) AppleWebKit/537.36 (KHTML, like Gecko) Chrome/71.0.3578.98 Safari/537.36" "-"
5.116.101.234 - - [26/Jan/2019:20:26:43 +0330] "GET /static/plugins/rapid-grails-0.1/bootstrap/img/glyphicons-halflings.png HTTP/1.1" 200 12625 "https://znbl.ir/static/bundle-bundle_site_head.css" "Mozilla/5.0 (Windows NT 6.3; Win64; x64) AppleWebKit/537.36 (KHTML, like Gecko) Chrome/71.0.3578.98 Safari/537.36" "-"
5.212.39.244 - - [26/Jan/2019:20:26:43 +0330] "GET /static/images/guarantees/fastDelivery.png HTTP/1.1" 304 0 "https://www.google.com/" "Mozilla/5.0 (Linux; Android 4.4.4; GT-I9060I Build/KTU84P) AppleWebKit/537.36 (KHTML, like Gecko) Chrome/40.0.2214.109 Mobile Safari/537.36" "-"
178.173.203.195 - - [26/Jan/2019:20:26:43 +0330] "GET /image/218/brand HTTP/1.1" 200 2269 "https://www.zanbil.ir/filter/b3,p5666" "Mozilla/5.0 (Windows NT 6.3; WOW64) AppleWebKit/537.36 (KHTML, like Gecko) Chrome/71.0.3578.98 Safari/537.36" "-"
5.234.27.229 - - [26/Jan/2019:20:26:43 +0330] "GET /filter/b1,p6 HTTP/1.1" 302 0 "https://www.google.com/" "Mozilla/5.0 (Linux; Android 4.4.2; T1-701u Build/HuaweiMediaPad) AppleWebKit/537.36 (KHTML, like Gecko) Version/4.0 Chrome/30.0.0.0 Safari/537.36" "-"
5.116.101.234 - - [26/Jan/2019:20:26:43 +0330] "GET /static/images/next.png HTTP/1.1" 200 3045 "https://znbl.ir/static/bundle-bundle_site_head.css" "Mozilla/5.0 (Windows NT 6.3; Win64; x64) AppleWebKit/537.36 (KHTML, like Gecko) Chrome/71.0.3578.98 Safari/537.36" "-"
178.173.203.195 - - [26/Jan/2019:20:26:43 +0330] "GET /image/400/brand HTTP/1.1" 200 2317 "https://www.zanbil.ir/filter/b3,p5666" "Mozilla/5.0 (Windows NT 6.3; WOW64) AppleWebKit/537.36 (KHTML, like Gecko) Chrome/71.0.3578.98 Safari/537.36" "-"
178.173.203.195 - - [26/Jan/2019:20:26:43 +0330] "GET /image/146/productTypeType HTTP/1.1" 200 11054 "https://www.zanbil.ir/filter/b3,p5666" "Mozilla/5.0 (Windows NT 6.3; WOW64) AppleWebKit/537.36 (KHTML, like Gecko) Chrome/71.0.3578.98 Safari/537.36" "-"
185.120.242.192 - - [26/Jan/2019:20:26:43 +0330] "GET /static/images/loading.gif HTTP/1.1" 200 7370 "https://www.zanbil.ir/filter/b613,p16680" "Mozilla/5.0 (Windows NT 5.1; rv:52.0) Gecko/20100101 Firefox/52.0" "-"
185.120.242.192 - - [26/Jan/2019:20:26:43 +0330] "GET /static/images/third-party/footer.png HTTP/1.1" 200 56076 "https://www.zanbil.ir/filter/b613,p16680" "Mozilla/5.0 (Windows NT 5.1; rv:52.0) Gecko/20100101 Firefox/52.0" "-"
185.120.242.192 - - [26/Jan/2019:20:26:43 +0330] "GET /image/807/mainSlide HTTP/1.1" 200 91941 "https://www.zanbil.ir/filter/b613,p16680" "Mozilla/5.0 (Windows NT 5.1; rv:52.0) Gecko/20100101 Firefox/52.0" "-"
5.116.101.234 - - [26/Jan/2019:20:26:43 +0330] "GET /image/8904/specialSale?role=e2 HTTP/1.1" 200 11 "https://www.zanbil.ir/browse/wristwatch/%D8%B3%D8%A7%D8%B9%D8%AA-%D9%85%DA%86%DB%8C" "Mozilla/5.0 (Windows NT 6.3; Win64; x64) AppleWebKit/537.36 (KHTML, like Gecko) Chrome/71.0.3578.98 Safari/537.36" "-"
5.116.101.234 - - [26/Jan/2019:20:26:43 +0330] "GET /discountLabel/get/3?type=desktopSmallIcon HTTP/1.1" 200 4336 "https://www.zanbil.ir/browse/wristwatch/%D8%B3%D8%A7%D8%B9%D8%AA-%D9%85%DA%86%DB%8C" "Mozilla/5.0 (Windows NT 6.3; Win64; x64) AppleWebKit/537.36 (KHTML, like Gecko) Chrome/71.0.3578.98 Safari/537.36" "-"
185.120.242.192 - - [26/Jan/2019:20:26:43 +0330] "GET /settings/logo HTTP/1.1" 200 4120 "https://www.zanbil.ir/filter/b613,p16680" "Mozilla/5.0 (Windows NT 5.1; rv:52.0) Gecko/20100101 Firefox/52.0" "-"
5.116.101.234 - - [26/Jan/2019:20:26:43 +0330] "GET /image/8904/specialSale?role=e1 HTTP/1.1" 200 11 "https://www.zanbil.ir/browse/wristwatch/%D8%B3%D8%A7%D8%B9%D8%AA-%D9%85%DA%86%DB%8C" "Mozilla/5.0 (Windows NT 6.3; Win64; x64) AppleWebKit/537.36 (KHTML, like Gecko) Chrome/71.0.3578.98 Safari/537.36" "-"
185.120.242.192 - - [26/Jan/2019:20:26:43 +0330] "GET /image/16682/productType/240x180 HTTP/1.1" 200 33768 "https://www.zanbil.ir/filter/b613,p16680" "Mozilla/5.0 (Windows NT 5.1; rv:52.0) Gecko/20100101 Firefox/52.0" "-"
185.120.242.192 - - [26/Jan/2019:20:26:43 +0330] "GET /image/17677/productType/240x180 HTTP/1.1" 200 16626 "https://www.zanbil.ir/filter/b613,p16680" "Mozilla/5.0 (Windows NT 5.1; rv:52.0) Gecko/20100101 Firefox/52.0" "-"
185.120.242.192 - - [26/Jan/2019:20:26:43 +0330] "GET /image/16681/productType/240x180 HTTP/1.1" 200 21614 "https://www.zanbil.ir/filter/b613,p16680" "Mozilla/5.0 (Windows NT 5.1; rv:52.0) Gecko/20100101 Firefox/52.0" "-"
185.120.242.192 - - [26/Jan/2019:20:26:43 +0330] "GET /image/32605/productModel/150x150 HTTP/1.1" 200 3030 "https://www.zanbil.ir/filter/b613,p16680" "Mozilla/5.0 (Windows NT 5.1; rv:52.0) Gecko/20100101 Firefox/52.0" "-"
151.232.243.163 - - [26/Jan/2019:20:26:43 +0330] "GET /image/33968?name=6p-m1.jpg&wh=200x200 HTTP/1.1" 200 5852 "-" "Dalvik/1.6.0 (Linux; U; Android 4.4.2; HUAWEI MT7-L09 Build/HuaweiMT7-L09)" "-"
185.120.242.192 - - [26/Jan/2019:20:26:43 +0330] "GET /image/16683/productType/240x180 HTTP/1.1" 200 25515 "https://www.zanbil.ir/filter/b613,p16680" "Mozilla/5.0 (Windows NT 5.1; rv:52.0) Gecko/20100101 Firefox/52.0" "-"
5.116.101.234 - - [26/Jan/2019:20:26:43 +0330] "GET /static/images/checked.png HTTP/1.1" 200 1083 "https://znbl.ir/static/bundle-bundle_site_head.css" "Mozilla/5.0 (Windows NT 6.3; Win64; x64) AppleWebKit/537.36 (KHTML, like Gecko) Chrome/71.0.3578.98 Safari/537.36" "-"
185.120.242.192 - - [26/Jan/2019:20:26:43 +0330] "GET /static/images/amp/instagram.png HTTP/1.1" 200 7146 "https://www.zanbil.ir/filter/b613,p16680" "Mozilla/5.0 (Windows NT 5.1; rv:52.0) Gecko/20100101 Firefox/52.0" "-"
5.116.101.234 - - [26/Jan/2019:20:26:43 +0330] "GET /static/images/not-checked.png HTTP/1.1" 200 713 "https://znbl.ir/static/bundle-bundle_site_head.css" "Mozilla/5.0 (Windows NT 6.3; Win64; x64) AppleWebKit/537.36 (KHTML, like Gecko) Chrome/71.0.3578.98 Safari/537.36" "-"
185.120.242.192 - - [26/Jan/2019:20:26:43 +0330] "GET /static/images/amp/telegram.png HTTP/1.1" 200 4859 "https://www.zanbil.ir/filter/b613,p16680" "Mozilla/5.0 (Windows NT 5.1; rv:52.0) Gecko/20100101 Firefox/52.0" "-"
5.217.49.231 - - [26/Jan/2019:20:26:43 +0330] "GET /favicon.ico HTTP/1.1" 200 0 "https://www.zanbil.ir/m/filter/b2%2Cp5" "Mozilla/5.0 (Linux; Android 8.0.0; SM-A520F) AppleWebKit/537.36 (KHTML, like Gecko) Chrome/71.0.3578.99 Mobile Safari/537.36" "-"
5.116.101.234 - - [26/Jan/2019:20:26:43 +0330] "GET /image/221/brand HTTP/1.1" 200 2200 "https://www.zanbil.ir/browse/wristwatch/%D8%B3%D8%A7%D8%B9%D8%AA-%D9%85%DA%86%DB%8C" "Mozilla/5.0 (Windows NT 6.3; Win64; x64) AppleWebKit/537.36 (KHTML, like Gecko) Chrome/71.0.3578.98 Safari/537.36" "-"
185.120.242.192 - - [26/Jan/2019:20:26:43 +0330] "GET /static/images/exists.png HTTP/1.1" 200 2212 "https://www.zanbil.ir/filter/b613,p16680" "Mozilla/5.0 (Windows NT 5.1; rv:52.0) Gecko/20100101 Firefox/52.0" "-"
5.116.101.234 - - [26/Jan/2019:20:26:43 +0330] "GET /image/80/brand HTTP/1.1" 200 2856 "https://www.zanbil.ir/browse/wristwatch/%D8%B3%D8%A7%D8%B9%D8%AA-%D9%85%DA%86%DB%8C" "Mozilla/5.0 (Windows NT 6.3; Win64; x64) AppleWebKit/537.36 (KHTML, like Gecko) Chrome/71.0.3578.98 Safari/537.36" "-"
5.116.101.234 - - [26/Jan/2019:20:26:43 +0330] "GET /image/8904/specialSale?role=e3 HTTP/1.1" 200 11 "https://www.zanbil.ir/browse/wristwatch/%D8%B3%D8%A7%D8%B9%D8%AA-%D9%85%DA%86%DB%8C" "Mozilla/5.0 (Windows NT 6.3; Win64; x64) AppleWebKit/537.36 (KHTML, like Gecko) Chrome/71.0.3578.98 Safari/537.36" "-"
178.173.203.195 - - [26/Jan/2019:20:26:43 +0330] "GET /image/148/productTypeType HTTP/1.1" 200 11082 "https://www.zanbil.ir/filter/b3,p5666" "Mozilla/5.0 (Windows NT 6.3; WOW64) AppleWebKit/537.36 (KHTML, like Gecko) Chrome/71.0.3578.98 Safari/537.36" "-"
46.224.159.70 - - [26/Jan/2019:20:26:43 +0330] "GET /settings/logo HTTP/1.1" 200 4120 "https://www.zanbil.ir/m/browse/refrigerator-and-freezer/%DB%8C%D8%AE%DA%86%D8%A7%D9%84-%D9%81%D8%B1%DB%8C%D8%B2%D8%B1" "Mozilla/5.0 (Linux; Android 8.0.0; ANE-LX1) AppleWebKit/537.36 (KHTML, like Gecko) Chrome/71.0.3578.99 Mobile Safari/537.36" "-"
46.224.159.70 - - [26/Jan/2019:20:26:43 +0330] "GET /image/61786/productModel/200x200 HTTP/1.1" 200 2611 "https://www.zanbil.ir/m/browse/refrigerator-and-freezer/%DB%8C%D8%AE%DA%86%D8%A7%D9%84-%D9%81%D8%B1%DB%8C%D8%B2%D8%B1" "Mozilla/5.0 (Linux; Android 8.0.0; ANE-LX1) AppleWebKit/537.36 (KHTML, like Gecko) Chrome/71.0.3578.99 Mobile Safari/537.36" "-"
5.116.101.234 - - [26/Jan/2019:20:26:43 +0330] "GET /image/212/brand HTTP/1.1" 200 2056 "https://www.zanbil.ir/browse/wristwatch/%D8%B3%D8%A7%D8%B9%D8%AA-%D9%85%DA%86%DB%8C" "Mozilla/5.0 (Windows NT 6.3; Win64; x64) AppleWebKit/537.36 (KHTML, like Gecko) Chrome/71.0.3578.98 Safari/537.36" "-"
5.116.101.234 - - [26/Jan/2019:20:26:44 +0330] "GET /image/734/brand HTTP/1.1" 200 5125 "https://www.zanbil.ir/browse/wristwatch/%D8%B3%D8%A7%D8%B9%D8%AA-%D9%85%DA%86%DB%8C" "Mozilla/5.0 (Windows NT 6.3; Win64; x64) AppleWebKit/537.36 (KHTML, like Gecko) Chrome/71.0.3578.98 Safari/537.36" "-"
