5.115.154.179 - - [26/Jan/2019:20:26:33 +0330] "GET /image/28281?name=%D9%BE%D8%A7%D8%B1%D8%AF%DB%8C%DA%A9-%D8%B3%D9%81%DB%8C%D8%AF.jpg&wh=200x200 HTTP/1.1" 200 3525 "-" "Dalvik/2.1.0 (Linux; U; Android 5.1.1; SM-J111F Build/LMY47V)" "-"
5.115.154.179 - - [26/Jan/2019:20:26:33 +0330] "GET /image/28283?name=parmis.jpg&wh=200x200 HTTP/1.1" 200 4803 "-" "Dalvik/2.1.0 (Linux; U; Android 5.1.1; SM-J111F Build/LMY47V)" "-"
69.194.85.121 - - [26/Jan/2019:20:26:33 +0330] "GET /image/33626?name=iphonexs_spacegray.jpg&wh=200x200 HTTP/1.1" 200 7902 "-" "Dalvik/2.1.0 (Linux; U; Android 8.1; NEO-AL00 Build/LMY47I)" "-"
5.209.192.21 - - [26/Jan/2019:20:26:33 +0330] "GET /m/browse/tv/%D8%AA%D9%84%D9%88%DB%8C%D8%B2%DB%8C%D9%88%D9%86 HTTP/1.1" 200 19438 "https://www.zanbil.ir/m" "Mozilla/5.0 (Linux; Android 7.0; TRT-L21A) AppleWebKit/537.36 (KHTML, like Gecko) Chrome/71.0.3578.99 Mobile Safari/537.36" "-"
5.216.172.90 - - [26/Jan/2019:20:26:33 +0330] "GET /favicon.ico HTTP/1.1" 200 0 "https://www.zanbil.ir/m" "Mozilla/5.0 (Linux; Android 8.0.0; SM-A720F) AppleWebKit/537.36 (KHTML, like Gecko) Chrome/71.0.3578.99 Mobile Safari/537.36" "-"
31.56.189.5 - - [26/Jan/2019:20:26:33 +0330] "GET /product/34200/%D8%AF%D9%88%D8%B1%D8%A8%DB%8C%D9%86-%D8%B9%DA%A9%D8%A7%D8%B3%DB%8C-DSLR-%DA%A9%D8%A7%D9%86%D9%86-%D9%85%D8%AF%D9%84-Canon-DSLR-Digital-Camera-EOS-4000D-18MP HTTP/1.1" 302 0 "-" "Mozilla/5.0 (iPhone; CPU iPhone OS 12_1_2 like Mac OS X) AppleWebKit/605.1.15 (KHTML, like Gecko) Version/12.0 Mobile/15E148 Safari/604.1" "-"
66.249.66.194 - - [26/Jan/2019:20:26:33 +0330] "GET /product/32837/63308/des-3600-1111.jpg HTTP/1.1" 200 41884 "-" "Googlebot-Image/1.0" "-"
2.185.75.221 - - [26/Jan/2019:20:26:33 +0330] "GET /static/images/amp/third-party/footer-mobile.png HTTP/1.1" 200 62894 "https://www.zanbil.ir/m/filter/p41%2Ct64?name=%DA%A9%D9%88%D9%84%D8%B1-%DA%AF%D8%A7%D8%B2%DB%8C&productType=air-conditioner-split" "Mozilla/5.0 (Linux; Android 4.4.4; SAMSUNG SM-J110H Build/KTU84P) AppleWebKit/537.36 (KHTML, like Gecko) SamsungBrowser/2.0 Chrome/34.0.1847.76 Mobile Safari/537.36" "-"
37.148.114.85 - - [26/Jan/2019:20:26:33 +0330] "GET /m/product/28626/57483/%D9%81%D8%B1-%D8%AA%D9%88%DA%A9%D8%A7%D8%B1-%D8%AF%D8%A7%D8%AA%DB%8C%D8%B3-%D9%85%D8%AF%D9%84-D-F660 HTTP/1.1" 200 20753 "https://www.zanbil.ir/m/browse/wall-oven/%D9%81%D8%B1-%D8%AA%D9%88%DA%A9%D8%A7%D8%B1" "Mozilla/5.0 (Linux; Android 8.0.0; SAMSUNG SM-G950F Build/R16NW) AppleWebKit/537.36 (KHTML, like Gecko) SamsungBrowser/7.2 Chrome/59.0.3071.125 Mobile Safari/537.36" "-"
2.177.221.91 - - [26/Jan/2019:20:26:33 +0330] "GET /image/57329/productModel/200x200 HTTP/1.1" 200 5949 "https://www.zanbil.ir/" "Mozilla/5.0 (iPhone; CPU iPhone OS 12_1 like Mac OS X) AppleWebKit/605.1.15 (KHTML, like Gecko) Version/12.0 Mobile/15E148 Safari/604.1" "-"
2.177.221.91 - - [26/Jan/2019:20:26:33 +0330] "GET /image/57405/productModel/200x200 HTTP/1.1" 200 4873 "https://www.zanbil.ir/" "Mozilla/5.0 (iPhone; CPU iPhone OS 12_1 like Mac OS X) AppleWebKit/605.1.15 (KHTML, like Gecko) Version/12.0 Mobile/15E148 Safari/604.1" "-"
89.34.41.26 - - [26/Jan/2019:20:26:33 +0330] "GET /m/product/4261/%DB%8C%D8%AE%DA%86%D8%A7%D9%84-%D9%81%D8%B1%DB%8C%D8%B2%D8%B1-%D9%81%D8%B1%DB%8C%D8%B2%D8%B1-%D8%A8%D8%A7%D9%84%D8%A7-%D8%A7%D8%B3%D9%86%D9%88%D8%A7-%D9%85%D8%AF%D9%84-MORANO-SR-T288 HTTP/1.1" 200 20606 "https://www.google.com/" "Mozilla/5.0 (Linux; Android 7.0; SM-A710F) AppleWebKit/537.36 (KHTML, like Gecko) Chrome/71.0.3578.99 Mobile Safari/537.36" "-"
89.36.176.81 - - [26/Jan/2019:20:26:34 +0330] "GET /image/63012/productModel/200x200 HTTP/1.1" 200 5773 "https://www.zanbil.ir/m/filter/p29%2Ct190?name=%D9%87%D9%85%D8%B2%D9%86&productType=mixer" "Mozilla/5.0 (Linux; Android 7.0; SM-J530F Build/NRD90M) AppleWebKit/537.36 (KHTML, like Gecko) Chrome/69.0.3497.100 Mobile Safari/537.36" "-"
89.36.176.81 - - [26/Jan/2019:20:26:34 +0330] "GET /image/64378/productModel/200x200 HTTP/1.1" 200 4025 "https://www.zanbil.ir/m/filter/p29%2Ct190?name=%D9%87%D9%85%D8%B2%D9%86&productType=mixer" "Mozilla/5.0 (Linux; Android 7.0; SM-J530F Build/NRD90M) AppleWebKit/537.36 (KHTML, like Gecko) Chrome/69.0.3497.100 Mobile Safari/537.36" "-"
89.36.176.81 - - [26/Jan/2019:20:26:34 +0330] "GET /image/29958/productModel/200x200 HTTP/1.1" 200 4843 "https://www.zanbil.ir/m/filter/p29%2Ct190?name=%D9%87%D9%85%D8%B2%D9%86&productType=mixer" "Mozilla/5.0 (Linux; Android 7.0; SM-J530F Build/NRD90M) AppleWebKit/537.36 (KHTML, like Gecko) Chrome/69.0.3497.100 Mobile Safari/537.36" "-"
89.36.176.81 - - [26/Jan/2019:20:26:34 +0330] "GET /image/62114/productModel/200x200 HTTP/1.1" 200 3746 "https://www.zanbil.ir/m/filter/p29%2Ct190?name=%D9%87%D9%85%D8%B2%D9%86&productType=mixer" "Mozilla/5.0 (Linux; Android 7.0; SM-J530F Build/NRD90M) AppleWebKit/537.36 (KHTML, like Gecko) Chrome/69.0.3497.100 Mobile Safari/537.36" "-"
66.249.66.194 - - [26/Jan/2019:20:26:34 +0330] "GET /m/filter/b1,b103,b113,b148,b152,b168,b180,b185,b186,b19,b192,b2,b20,b202,b209,b216,b218,b219,b221,b226,b231,b238,b249,b256,b258,b261,b270,b308,b36,b400,b42,b482,b484,b50,b523,b542,b570,b598,b603,b613,b614,b615,b619,b63,b647,b648,b651,b67,b701,b703,b724,b734,b74,b80,b82,b854,b88,b880,b882,b883,b890,b903,b904,b95,b99,p38,stexists HTTP/1.1" 200 22216 "-" "Mozilla/5.0 (Linux; Android 6.0.1; Nexus 5X Build/MMB29P) AppleWebKit/537.36 (KHTML, like Gecko) Chrome/41.0.2272.96 Mobile Safari/537.36 (compatible; Googlebot/2.1; +http://www.google.com/bot.html)" "-"
2.180.170.159 - - [26/Jan/2019:20:26:34 +0330] "POST /m/updateVariation?__amp_source_origin=https%3A%2F%2Fwww.zanbil.ir HTTP/1.1" 200 339 "https://www.zanbil.ir/m/product/4260/872/%DB%8C%D8%AE%DA%86%D8%A7%D9%84-%D9%81%D8%B1%DB%8C%D8%B2%D8%B1-%D9%81%D8%B1%DB%8C%D8%B2%D8%B1-%D9%BE%D8%A7%DB%8C%DB%8C%D9%86-%D8%A7%D8%B3%D9%86%D9%88%D8%A7-%D9%85%D8%AF%D9%84-Optima-SR-B240GW" "Mozilla/5.0 (Linux; Android 8.1.0; SM-J730F) AppleWebKit/537.36 (KHTML, like Gecko) Chrome/71.0.3578.99 Mobile Safari/537.36" "-"
69.194.85.121 - - [26/Jan/2019:20:26:34 +0330] "GET /image/33626?name=iphonexs_spacegray.jpg&wh=200x200 HTTP/1.1" 200 7902 "-" "Dalvik/2.1.0 (Linux; U; Android 8.1; NEO-AL00 Build/LMY47I)" "-"
5.217.49.231 - - [26/Jan/2019:20:26:34 +0330] "GET /image/29/productTypeType HTTP/1.1" 200 10813 "https://www.zanbil.ir/m/filter/b2%2Cp5" "Mozilla/5.0 (Linux; Android 8.0.0; SM-A520F) AppleWebKit/537.36 (KHTML, like Gecko) Chrome/71.0.3578.99 Mobile Safari/537.36" "-"
192.15.4.119 - - [26/Jan/2019:20:26:34 +0330] "GET /settings/logo HTTP/1.1" 200 4120 "https://www.zanbil.ir/m/browse/dishwasher/%D9%85%D8%A7%D8%B4%DB%8C%D9%86-%D8%B8%D8%B1%D9%81%D8%B4%D9%88%DB%8C%DB%8C" "Mozilla/5.0 (Linux; Android 5.1.1; C6903; Build/14.6.A.1.216) AppleWebKit/537.36 (KHTML, like Gecko) Chrome/34.0.1847.114 Mobile Safari/537.36" "-"
192.15.4.119 - - [26/Jan/2019:20:26:34 +0330] "GET /image/63725/productModel/200x200 HTTP/1.1" 200 4514 "https://www.zanbil.ir/m/browse/dishwasher/%D9%85%D8%A7%D8%B4%DB%8C%D9%86-%D8%B8%D8%B1%D9%81%D8%B4%D9%88%DB%8C%DB%8C" "Mozilla/5.0 (Linux; Android 5.1.1; C6903; Build/14.6.A.1.216) AppleWebKit/537.36 (KHTML, like Gecko) Chrome/34.0.1847.114 Mobile Safari/537.36" "-"
192.15.4.119 - - [26/Jan/2019:20:26:34 +0330] "GET /image/65334/productModel/200x200 HTTP/1.1" 200 4392 "https://www.zanbil.ir/m/browse/dishwasher/%D9%85%D8%A7%D8%B4%DB%8C%D9%86-%D8%B8%D8%B1%D9%81%D8%B4%D9%88%DB%8C%DB%8C" "Mozilla/5.0 (Linux; Android 5.1.1; C6903; Build/14.6.A.1.216) AppleWebKit/537.36 (KHTML, like Gecko) Chrome/34.0.1847.114 Mobile Safari/537.36" "-"
192.15.4.119 - - [26/Jan/2019:20:26:34 +0330] "GET /image/63238/productModel/200x200 HTTP/1.1" 200 3294 "https://www.zanbil.ir/m/browse/dishwasher/%D9%85%D8%A7%D8%B4%DB%8C%D9%86-%D8%B8%D8%B1%D9%81%D8%B4%D9%88%DB%8C%DB%8C" "Mozilla/5.0 (Linux; Android 5.1.1; C6903; Build/14.6.A.1.216) AppleWebKit/537.36 (KHTML, like Gecko) Chrome/34.0.1847.114 Mobile Safari/537.36" "-"
104.194.25.177 - - [26/Jan/2019:20:26:34 +0330] "GET /static/images/guarantees/warranty.png HTTP/1.1" 200 5807 "https://www.zanbil.ir/m/browse/knee-support/%D8%B2%D8%A7%D9%86%D9%88-%D8%A8%D9%86%D8%AF" "Mozilla/5.0 (Linux; Android 5.1.1; SAMSUNG SM-G531H Build/LMY48B) AppleWebKit/537.36 (KHTML, like Gecko) SamsungBrowser/3.3 Chrome/38.0.2125.102 Mobile Safari/537.36" "-"
37.148.114.85 - - [26/Jan/2019:20:26:34 +0330] "GET /settings/logo HTTP/1.1" 200 4120 "https://www.zanbil.ir/m/product/28626/57483/%D9%81%D8%B1-%D8%AA%D9%88%DA%A9%D8%A7%D8%B1-%D8%AF%D8%A7%D8%AA%DB%8C%D8%B3-%D9%85%D8%AF%D9%84-D-F660" "Mozilla/5.0 (Linux; Android 8.0.0; SAMSUNG SM-G950F Build/R16NW) AppleWebKit/537.36 (KHTML, like Gecko) SamsungBrowser/7.2 Chrome/59.0.3071.125 Mobile Safari/537.36" "-"
104.194.25.177 - - [26/Jan/2019:20:26:34 +0330] "GET /static/images/guarantees/goodShopping.png HTTP/1.1" 200 6496 "https://www.zanbil.ir/m/browse/knee-support/%D8%B2%D8%A7%D9%86%D9%88-%D8%A8%D9%86%D8%AF" "Mozilla/5.0 (Linux; Android 5.1.1; SAMSUNG SM-G531H Build/LMY48B) AppleWebKit/537.36 (KHTML, like Gecko) SamsungBrowser/3.3 Chrome/38.0.2125.102 Mobile Safari/537.36" "-"
104.194.25.177 - - [26/Jan/2019:20:26:34 +0330] "GET /static/images/guarantees/support.png HTTP/1.1" 200 6454 "https://www.zanbil.ir/m/browse/knee-support/%D8%B2%D8%A7%D9%86%D9%88-%D8%A8%D9%86%D8%AF" "Mozilla/5.0 (Linux; Android 5.1.1; SAMSUNG SM-G531H Build/LMY48B) AppleWebKit/537.36 (KHTML, like Gecko) SamsungBrowser/3.3 Chrome/38.0.2125.102 Mobile Safari/537.36" "-"
104.194.25.177 - - [26/Jan/2019:20:26:34 +0330] "GET /static/images/guarantees/fastDelivery.png HTTP/1.1" 200 7713 "https://www.zanbil.ir/m/browse/knee-support/%D8%B2%D8%A7%D9%86%D9%88-%D8%A8%D9%86%D8%AF" "Mozilla/5.0 (Linux; Android 5.1.1; SAMSUNG SM-G531H Build/LMY48B) AppleWebKit/537.36 (KHTML, like Gecko) SamsungBrowser/3.3 Chrome/38.0.2125.102 Mobile Safari/537.36" "-"
207.46.13.96 - - [26/Jan/2019:20:26:34 +0330] "GET /filter/b105,b136,b574,b879 HTTP/1.1" 200 36644 "-" "Mozilla/5.0 (compatible; bingbot/2.0; +http://www.bing.com/bingbot.htm)" "-"
104.194.25.177 - - [26/Jan/2019:20:26:34 +0330] "GET /static/images/guarantees/bestPrice.png HTTP/1.1" 200 7356 "https://www.zanbil.ir/m/browse/knee-support/%D8%B2%D8%A7%D9%86%D9%88-%D8%A8%D9%86%D8%AF" "Mozilla/5.0 (Linux; Android 5.1.1; SAMSUNG SM-G531H Build/LMY48B) AppleWebKit/537.36 (KHTML, like Gecko) SamsungBrowser/3.3 Chrome/38.0.2125.102 Mobile Safari/537.36" "-"
5.209.192.21 - - [26/Jan/2019:20:26:34 +0330] "GET /settings/logo HTTP/1.1" 200 4120 "https://www.zanbil.ir/m/browse/tv/%D8%AA%D9%84%D9%88%DB%8C%D8%B2%DB%8C%D9%88%D9%86" "Mozilla/5.0 (Linux; Android 7.0; TRT-L21A) AppleWebKit/537.36 (KHTML, like Gecko) Chrome/71.0.3578.99 Mobile Safari/537.36" "-"
5.217.49.231 - - [26/Jan/2019:20:26:34 +0330] "GET /image/900/brand HTTP/1.1" 200 4424 "https://www.zanbil.ir/m/filter/b2%2Cp5" "Mozilla/5.0 (Linux; Android 8.0.0; SM-A520F) AppleWebKit/537.36 (KHTML, like Gecko) Chrome/71.0.3578.99 Mobile Safari/537.36" "-"
5.209.192.21 - - [26/Jan/2019:20:26:34 +0330] "GET /image/64648/productModel/200x200 HTTP/1.1" 200 9165 "https://www.zanbil.ir/m/browse/tv/%D8%AA%D9%84%D9%88%DB%8C%D8%B2%DB%8C%D9%88%D9%86" "Mozilla/5.0 (Linux; Android 7.0; TRT-L21A) AppleWebKit/537.36 (KHTML, like Gecko) Chrome/71.0.3578.99 Mobile Safari/537.36" "-"
5.217.49.231 - - [26/Jan/2019:20:26:34 +0330] "GET /image/35/brand HTTP/1.1" 200 2264 "https://www.zanbil.ir/m/filter/b2%2Cp5" "Mozilla/5.0 (Linux; Android 8.0.0; SM-A520F) AppleWebKit/537.36 (KHTML, like Gecko) Chrome/71.0.3578.99 Mobile Safari/537.36" "-"
5.217.49.231 - - [26/Jan/2019:20:26:34 +0330] "GET /image/105/brand HTTP/1.1" 200 2653 "https://www.zanbil.ir/m/filter/b2%2Cp5" "Mozilla/5.0 (Linux; Android 8.0.0; SM-A520F) AppleWebKit/537.36 (KHTML, like Gecko) Chrome/71.0.3578.99 Mobile Safari/537.36" "-"
104.194.25.177 - - [26/Jan/2019:20:26:34 +0330] "GET /static/css/font/wyekan/font.woff HTTP/1.1" 200 28536 "https://www.zanbil.ir/m/browse/knee-support/%D8%B2%D8%A7%D9%86%D9%88-%D8%A8%D9%86%D8%AF" "Mozilla/5.0 (Linux; Android 5.1.1; SAMSUNG SM-G531H Build/LMY48B) AppleWebKit/537.36 (KHTML, like Gecko) SamsungBrowser/3.3 Chrome/38.0.2125.102 Mobile Safari/537.36" "-"
5.217.49.231 - - [26/Jan/2019:20:26:34 +0330] "GET /image/54272/productModel/200x200 HTTP/1.1" 200 3298 "https://www.zanbil.ir/m/filter/b2%2Cp5" "Mozilla/5.0 (Linux; Android 8.0.0; SM-A520F) AppleWebKit/537.36 (KHTML, like Gecko) Chrome/71.0.3578.99 Mobile Safari/537.36" "-"
5.209.192.21 - - [26/Jan/2019:20:26:34 +0330] "GET /image/62423/productModel/200x200 HTTP/1.1" 200 7591 "https://www.zanbil.ir/m/browse/tv/%D8%AA%D9%84%D9%88%DB%8C%D8%B2%DB%8C%D9%88%D9%86" "Mozilla/5.0 (Linux; Android 7.0; TRT-L21A) AppleWebKit/537.36 (KHTML, like Gecko) Chrome/71.0.3578.99 Mobile Safari/537.36" "-"
5.217.49.231 - - [26/Jan/2019:20:26:34 +0330] "GET /image/55651/productModel/200x200 HTTP/1.1" 200 3867 "https://www.zanbil.ir/m/filter/b2%2Cp5" "Mozilla/5.0 (Linux; Android 8.0.0; SM-A520F) AppleWebKit/537.36 (KHTML, like Gecko) Chrome/71.0.3578.99 Mobile Safari/537.36" "-"
5.209.192.21 - - [26/Jan/2019:20:26:35 +0330] "GET /image/64649/productModel/200x200 HTTP/1.1" 200 9139 "https://www.zanbil.ir/m/browse/tv/%D8%AA%D9%84%D9%88%DB%8C%D8%B2%DB%8C%D9%88%D9%86" "Mozilla/5.0 (Linux; Android 7.0; TRT-L21A) AppleWebKit/537.36 (KHTML, like Gecko) Chrome/71.0.3578.99 Mobile Safari/537.36" "-"
5.209.192.21 - - [26/Jan/2019:20:26:35 +0330] "GET /image/64265/productModel/200x200 HTTP/1.1" 200 6947 "https://www.zanbil.ir/m/browse/tv/%D8%AA%D9%84%D9%88%DB%8C%D8%B2%DB%8C%D9%88%D9%86" "Mozilla/5.0 (Linux; Android 7.0; TRT-L21A) AppleWebKit/537.36 (KHTML, like Gecko) Chrome/71.0.3578.99 Mobile Safari/537.36" "-"
66.249.66.91 - - [26/Jan/2019:20:26:35 +0330] "GET /static/css/font/wyekan/font.woff HTTP/1.1" 304 0 "-" "Mozilla/5.0 (Linux; Android 6.0.1; Nexus 5X Build/MMB29P) AppleWebKit/537.36 (KHTML, like Gecko) Chrome/41.0.2272.96 Mobile Safari/537.36 (compatible; Googlebot/2.1; +http://www.google.com/bot.html)" "-"
5.117.218.134 - - [26/Jan/2019:20:26:35 +0330] "POST /ajaxFilter/p16680?page=10 HTTP/1.1" 200 4488 "https://www.zanbil.ir/filter/p16680?page=9" "Mozilla/5.0 (Windows NT 6.1; Win64; x64) AppleWebKit/537.36 (KHTML, like Gecko) Chrome/71.0.3578.98 Safari/537.36" "-"
5.127.97.2 - - [26/Jan/2019:20:26:35 +0330] "GET /image/33968?name=6p-m1.jpg&wh=200x200 HTTP/1.1" 200 5852 "-" "Dalvik/2.1.0 (Linux; U; Android 5.0.1; ALE-L21 Build/HuaweiALE-L21)" "-"
5.211.167.161 - - [26/Jan/2019:20:26:35 +0330] "GET /m/filter/p7?page=1 HTTP/1.1" 200 19678 "https://www.zanbil.ir/m/filter/p7?page=2" "Mozilla/5.0 (iPhone; CPU iPhone OS 10_3_3 like Mac OS X) AppleWebKit/603.3.8 (KHTML, like Gecko) Version/10.0 Mobile/14G60 Safari/602.1" "-"
68.183.78.16 - - [26/Jan/2019:20:26:35 +0330] "POST /m/updateVariation?__amp_source_origin=https%3A%2F%2Fwww.zanbil.ir HTTP/1.1" 200 338 "https://www.zanbil.ir/m/product/247/1647/%DB%8C%D8%AE%DA%86%D8%A7%D9%84-%D9%81%D8%B1%DB%8C%D8%B2%D8%B1-%D8%B3%D8%A7%DB%8C%D8%AF-%D8%A8%D8%A7%DB%8C-%D8%B3%D8%A7%DB%8C%D8%AF-%D8%B3%D8%A7%D9%85%D8%B3%D9%88%D9%86%DA%AF-%D9%85%D8%AF%D9%84-Polaris-SL?utm_medium=PPC&utm_source=Torob" "Mozilla/5.0 (Linux; Android 8.0.0; SAMSUNG SM-G570F Build/R16NW) AppleWebKit/537.36 (KHTML, like Gecko) SamsungBrowser/8.2 Chrome/63.0.3239.111 Mobile Safari/537.36" "-"
192.15.4.119 - - [26/Jan/2019:20:26:35 +0330] "GET /image/982/mainSlideMobile HTTP/1.1" 200 58396 "https://www.zanbil.ir/m/browse/dishwasher/%D9%85%D8%A7%D8%B4%DB%8C%D9%86-%D8%B8%D8%B1%D9%81%D8%B4%D9%88%DB%8C%DB%8C" "Mozilla/5.0 (Linux; Android 5.1.1; C6903; Build/14.6.A.1.216) AppleWebKit/537.36 (KHTML, like Gecko) Chrome/34.0.1847.114 Mobile Safari/537.36" "-"
151.239.190.227 - - [26/Jan/2019:20:26:35 +0330] "GET /browse/bath-valve/%D8%B4%DB%8C%D8%B1-%D8%AD%D9%85%D8%A7%D9%85 HTTP/1.1" 200 32135 "https://www.google.com/" "Mozilla/5.0 (Windows NT 6.3; Win64; x64) AppleWebKit/537.36 (KHTML, like Gecko) Chrome/71.0.3578.98 Safari/537.36" "-"
37.148.114.85 - - [26/Jan/2019:20:26:35 +0330] "GET /image/28626?name=d-f-660-1.jpg&wh=max HTTP/1.1" 200 31142 "https://www.zanbil.ir/m/product/28626/57483/%D9%81%D8%B1-%D8%AA%D9%88%DA%A9%D8%A7%D8%B1-%D8%AF%D8%A7%D8%AA%DB%8C%D8%B3-%D9%85%D8%AF%D9%84-D-F660" "Mozilla/5.0 (Linux; Android 8.0.0; SAMSUNG SM-G950F Build/R16NW) AppleWebKit/537.36 (KHTML, like Gecko) SamsungBrowser/7.2 Chrome/59.0.3071.125 Mobile Safari/537.36" "-"
5.116.101.234 - - [26/Jan/2019:20:26:35 +0330] "GET /static/bundle-bundle_site_head.css HTTP/1.1" 200 55531 "https://www.zanbil.ir/browse/wristwatch/%D8%B3%D8%A7%D8%B9%D8%AA-%D9%85%DA%86%DB%8C" "Mozilla/5.0 (Windows NT 6.3; Win64; x64) AppleWebKit/537.36 (KHTML, like Gecko) Chrome/71.0.3578.98 Safari/537.36" "-"
5.117.218.134 - - [26/Jan/2019:20:26:35 +0330] "GET /image/32561/productModel/150x150 HTTP/1.1" 200 2865 "https://www.zanbil.ir/filter/p16680?page=10" "Mozilla/5.0 (Windows NT 6.1; Win64; x64) AppleWebKit/537.36 (KHTML, like Gecko) Chrome/71.0.3578.98 Safari/537.36" "-"
5.117.218.134 - - [26/Jan/2019:20:26:35 +0330] "GET /static/js/accordion.js?_=1548522013295 HTTP/1.1" 200 258 "https://www.zanbil.ir/filter/p16680?page=9" "Mozilla/5.0 (Windows NT 6.1; Win64; x64) AppleWebKit/537.36 (KHTML, like Gecko) Chrome/71.0.3578.98 Safari/537.36" "-"
5.117.218.134 - - [26/Jan/2019:20:26:35 +0330] "GET /image/32779/productModel/150x150 HTTP/1.1" 200 2806 "https://www.zanbil.ir/filter/p16680?page=10" "Mozilla/5.0 (Windows NT 6.1; Win64; x64) AppleWebKit/537.36 (KHTML, like Gecko) Chrome/71.0.3578.98 Safari/537.36" "-"
5.209.192.21 - - [26/Jan/2019:20:26:35 +0330] "GET /image/20/brand HTTP/1.1" 200 1958 "https://www.zanbil.ir/m/browse/tv/%D8%AA%D9%84%D9%88%DB%8C%D8%B2%DB%8C%D9%88%D9%86" "Mozilla/5.0 (Linux; Android 7.0; TRT-L21A) AppleWebKit/537.36 (KHTML, like Gecko) Chrome/71.0.3578.99 Mobile Safari/537.36" "-"
5.209.192.21 - - [26/Jan/2019:20:26:35 +0330] "GET /image/43/brand HTTP/1.1" 200 2376 "https://www.zanbil.ir/m/browse/tv/%D8%AA%D9%84%D9%88%DB%8C%D8%B2%DB%8C%D9%88%D9%86" "Mozilla/5.0 (Linux; Android 7.0; TRT-L21A) AppleWebKit/537.36 (KHTML, like Gecko) Chrome/71.0.3578.99 Mobile Safari/537.36" "-"
5.211.167.161 - - [26/Jan/2019:20:26:35 +0330] "GET /settings/logo HTTP/1.1" 200 4120 "https://www.zanbil.ir/m/filter/p7?page=1" "Mozilla/5.0 (iPhone; CPU iPhone OS 10_3_3 like Mac OS X) AppleWebKit/603.3.8 (KHTML, like Gecko) Version/10.0 Mobile/14G60 Safari/602.1" "-"
5.117.218.134 - - [26/Jan/2019:20:26:35 +0330] "GET /image/32477/productModel/150x150 HTTP/1.1" 200 3273 "https://www.zanbil.ir/filter/p16680?page=10" "Mozilla/5.0 (Windows NT 6.1; Win64; x64) AppleWebKit/537.36 (KHTML, like Gecko) Chrome/71.0.3578.98 Safari/537.36" "-"
5.117.218.134 - - [26/Jan/2019:20:26:35 +0330] "GET /image/31913/productModel/150x150 HTTP/1.1" 200 2402 "https://www.zanbil.ir/filter/p16680?page=10" "Mozilla/5.0 (Windows NT 6.1; Win64; x64) AppleWebKit/537.36 (KHTML, like Gecko) Chrome/71.0.3578.98 Safari/537.36" "-"
5.117.218.134 - - [26/Jan/2019:20:26:35 +0330] "GET /image/32269/productModel/150x150 HTTP/1.1" 200 2627 "https://www.zanbil.ir/filter/p16680?page=10" "Mozilla/5.0 (Windows NT 6.1; Win64; x64) AppleWebKit/537.36 (KHTML, like Gecko) Chrome/71.0.3578.98 Safari/537.36" "-"
5.209.192.21 - - [26/Jan/2019:20:26:35 +0330] "GET /image/31/productTypeType HTTP/1.1" 200 12351 "https://www.zanbil.ir/m/browse/tv/%D8%AA%D9%84%D9%88%DB%8C%D8%B2%DB%8C%D9%88%D9%86" "Mozilla/5.0 (Linux; Android 7.0; TRT-L21A) AppleWebKit/537.36 (KHTML, like Gecko) Chrome/71.0.3578.99 Mobile Safari/537.36" "-"
5.209.192.21 - - [26/Jan/2019:20:26:35 +0330] "GET /image/3/brand HTTP/1.1" 200 2885 "https://www.zanbil.ir/m/browse/tv/%D8%AA%D9%84%D9%88%DB%8C%D8%B2%DB%8C%D9%88%D9%86" "Mozilla/5.0 (Linux; Android 7.0; TRT-L21A) AppleWebKit/537.36 (KHTML, like Gecko) Chrome/71.0.3578.99 Mobile Safari/537.36" "-"
5.117.218.134 - - [26/Jan/2019:20:26:35 +0330] "GET /image/31915/productModel/150x150 HTTP/1.1" 200 2617 "https://www.zanbil.ir/filter/p16680?page=10" "Mozilla/5.0 (Windows NT 6.1; Win64; x64) AppleWebKit/537.36 (KHTML, like Gecko) Chrome/71.0.3578.98 Safari/537.36" "-"
5.117.218.134 - - [26/Jan/2019:20:26:35 +0330] "GET /image/32421/productModel/150x150 HTTP/1.1" 200 3240 "https://www.zanbil.ir/filter/p16680?page=10" "Mozilla/5.0 (Windows NT 6.1; Win64; x64) AppleWebKit/537.36 (KHTML, like Gecko) Chrome/71.0.3578.98 Safari/537.36" "-"
5.209.192.21 - - [26/Jan/2019:20:26:35 +0330] "GET /image/8866/specialSale?role=mobile HTTP/1.1" 200 36444 "https://www.zanbil.ir/m/browse/tv/%D8%AA%D9%84%D9%88%DB%8C%D8%B2%DB%8C%D9%88%D9%86" "Mozilla/5.0 (Linux; Android 7.0; TRT-L21A) AppleWebKit/537.36 (KHTML, like Gecko) Chrome/71.0.3578.99 Mobile Safari/537.36" "-"
5.217.49.231 - - [26/Jan/2019:20:26:35 +0330] "GET /image/54273/productModel/200x200 HTTP/1.1" 200 3249 "https://www.zanbil.ir/m/filter/b2%2Cp5" "Mozilla/5.0 (Linux; Android 8.0.0; SM-A520F) AppleWebKit/537.36 (KHTML, like Gecko) Chrome/71.0.3578.99 Mobile Safari/537.36" "-"
5.209.192.21 - - [26/Jan/2019:20:26:35 +0330] "GET /image/1020/mainSlideMobile HTTP/1.1" 200 68837 "https://www.zanbil.ir/m/browse/tv/%D8%AA%D9%84%D9%88%DB%8C%D8%B2%DB%8C%D9%88%D9%86" "Mozilla/5.0 (Linux; Android 7.0; TRT-L21A) AppleWebKit/537.36 (KHTML, like Gecko) Chrome/71.0.3578.99 Mobile Safari/537.36" "-"
5.209.192.21 - - [26/Jan/2019:20:26:35 +0330] "GET /image/462/productTypeType HTTP/1.1" 200 13405 "https://www.zanbil.ir/m/browse/tv/%D8%AA%D9%84%D9%88%DB%8C%D8%B2%DB%8C%D9%88%D9%86" "Mozilla/5.0 (Linux; Android 7.0; TRT-L21A) AppleWebKit/537.36 (KHTML, like Gecko) Chrome/71.0.3578.99 Mobile Safari/537.36" "-"
5.117.218.134 - - [26/Jan/2019:20:26:35 +0330] "GET /image/32283/productModel/150x150 HTTP/1.1" 200 3026 "https://www.zanbil.ir/filter/p16680?page=10" "Mozilla/5.0 (Windows NT 6.1; Win64; x64) AppleWebKit/537.36 (KHTML, like Gecko) Chrome/71.0.3578.98 Safari/537.36" "-"
5.117.218.134 - - [26/Jan/2019:20:26:35 +0330] "GET /image/31998/productModel/150x150 HTTP/1.1" 200 2382 "https://www.zanbil.ir/filter/p16680?page=10" "Mozilla/5.0 (Windows NT 6.1; Win64; x64) AppleWebKit/537.36 (KHTML, like Gecko) Chrome/71.0.3578.98 Safari/537.36" "-"
5.117.218.134 - - [26/Jan/2019:20:26:35 +0330] "GET /image/32013/productModel/150x150 HTTP/1.1" 200 2339 "https://www.zanbil.ir/filter/p16680?page=10" "Mozilla/5.0 (Windows NT 6.1; Win64; x64) AppleWebKit/537.36 (KHTML, like Gecko) Chrome/71.0.3578.98 Safari/537.36" "-"
5.117.218.134 - - [26/Jan/2019:20:26:35 +0330] "GET /image/34693/productModel/150x150 HTTP/1.1" 200 3168 "https://www.zanbil.ir/filter/p16680?page=10" "Mozilla/5.0 (Windows NT 6.1; Win64; x64) AppleWebKit/537.36 (KHTML, like Gecko) Chrome/71.0.3578.98 Safari/537.36" "-"
151.242.106.253 - - [26/Jan/2019:20:26:35 +0330] "GET /m/filter/p41%2Cb1?page=2 HTTP/1.1" 200 18925 "https://www.zanbil.ir/m/filter/p41%2Cb1?page=1" "Mozilla/5.0 (Linux; Android 7.0; P008) AppleWebKit/537.36 (KHTML, like Gecko) Chrome/71.0.3578.99 Safari/537.36" "-"
5.117.218.134 - - [26/Jan/2019:20:26:35 +0330] "GET /image/32479/productModel/150x150 HTTP/1.1" 200 2292 "https://www.zanbil.ir/filter/p16680?page=10" "Mozilla/5.0 (Windows NT 6.1; Win64; x64) AppleWebKit/537.36 (KHTML, like Gecko) Chrome/71.0.3578.98 Safari/537.36" "-"
5.117.218.134 - - [26/Jan/2019:20:26:35 +0330] "GET /image/32387/productModel/150x150 HTTP/1.1" 200 3112 "https://www.zanbil.ir/filter/p16680?page=10" "Mozilla/5.0 (Windows NT 6.1; Win64; x64) AppleWebKit/537.36 (KHTML, like Gecko) Chrome/71.0.3578.98 Safari/537.36" "-"
5.217.49.231 - - [26/Jan/2019:20:26:35 +0330] "GET /image/58356/productModel/200x200 HTTP/1.1" 200 2957 "https://www.zanbil.ir/m/filter/b2%2Cp5" "Mozilla/5.0 (Linux; Android 8.0.0; SM-A520F) AppleWebKit/537.36 (KHTML, like Gecko) Chrome/71.0.3578.99 Mobile Safari/537.36" "-"
5.116.101.234 - - [26/Jan/2019:20:26:35 +0330] "GET /image/1226/mainSlide HTTP/1.1" 200 100979 "https://www.zanbil.ir/browse/wristwatch/%D8%B3%D8%A7%D8%B9%D8%AA-%D9%85%DA%86%DB%8C" "Mozilla/5.0 (Windows NT 6.3; Win64; x64) AppleWebKit/537.36 (KHTML, like Gecko) Chrome/71.0.3578.98 Safari/537.36" "-"
5.117.218.134 - - [26/Jan/2019:20:26:35 +0330] "GET /image/31937/productModel/150x150 HTTP/1.1" 200 3222 "https://www.zanbil.ir/filter/p16680?page=10" "Mozilla/5.0 (Windows NT 6.1; Win64; x64) AppleWebKit/537.36 (KHTML, like Gecko) Chrome/71.0.3578.98 Safari/537.36" "-"
151.239.190.227 - - [26/Jan/2019:20:26:35 +0330] "GET /static/bundle-bundle_site_head.css HTTP/1.1" 200 55531 "https://www.zanbil.ir/browse/bath-valve/%D8%B4%DB%8C%D8%B1-%D8%AD%D9%85%D8%A7%D9%85" "Mozilla/5.0 (Windows NT 6.3; Win64; x64) AppleWebKit/537.36 (KHTML, like Gecko) Chrome/71.0.3578.98 Safari/537.36" "-"
31.56.189.5 - - [26/Jan/2019:20:26:35 +0330] "GET /m/product/34200/%D8%AF%D9%88%D8%B1%D8%A8%DB%8C%D9%86-%D8%B9%DA%A9%D8%A7%D8%B3%DB%8C-DSLR-%DA%A9%D8%A7%D9%86%D9%86-%D9%85%D8%AF%D9%84-Canon-DSLR-Digital-Camera-EOS-4000D-18MP HTTP/1.1" 200 21432 "-" "Mozilla/5.0 (iPhone; CPU iPhone OS 12_1_2 like Mac OS X) AppleWebKit/605.1.15 (KHTML, like Gecko) Version/12.0 Mobile/15E148 Safari/604.1" "-"
5.117.218.134 - - [26/Jan/2019:20:26:35 +0330] "GET /image/34721/productModel/150x150 HTTP/1.1" 200 2547 "https://www.zanbil.ir/filter/p16680?page=10" "Mozilla/5.0 (Windows NT 6.1; Win64; x64) AppleWebKit/537.36 (KHTML, like Gecko) Chrome/71.0.3578.98 Safari/537.36" "-"
5.117.218.134 - - [26/Jan/2019:20:26:35 +0330] "GET /image/31951/productModel/150x150 HTTP/1.1" 200 3220 "https://www.zanbil.ir/filter/p16680?page=10" "Mozilla/5.0 (Windows NT 6.1; Win64; x64) AppleWebKit/537.36 (KHTML, like Gecko) Chrome/71.0.3578.98 Safari/537.36" "-"
178.173.203.195 - - [26/Jan/2019:20:26:35 +0330] "GET /image/43/brand HTTP/1.1" 200 2376 "https://www.zanbil.ir/filter/b3,p5666" "Mozilla/5.0 (Windows NT 6.3; WOW64) AppleWebKit/537.36 (KHTML, like Gecko) Chrome/71.0.3578.98 Safari/537.36" "-"
178.173.203.195 - - [26/Jan/2019:20:26:35 +0330] "GET /image/183/brand HTTP/1.1" 200 2286 "https://www.zanbil.ir/filter/b3,p5666" "Mozilla/5.0 (Windows NT 6.3; WOW64) AppleWebKit/537.36 (KHTML, like Gecko) Chrome/71.0.3578.98 Safari/537.36" "-"
151.239.190.227 - - [26/Jan/2019:20:26:35 +0330] "GET /image/%7B%7BbasketItem.id%7D%7D?type=productModel&wh=50x50 HTTP/1.1" 200 5 "https://www.zanbil.ir/browse/bath-valve/%D8%B4%DB%8C%D8%B1-%D8%AD%D9%85%D8%A7%D9%85" "Mozilla/5.0 (Windows NT 6.3; Win64; x64) AppleWebKit/537.36 (KHTML, like Gecko) Chrome/71.0.3578.98 Safari/537.36" "-"
5.208.194.43 - - [26/Jan/2019:20:26:35 +0330] "GET /m/product/31164/61050/%DB%8C%D8%AE%DA%86%D8%A7%D9%84-%D9%81%D8%B1%DB%8C%D8%B2%D8%B1-%D8%B3%D8%A7%DB%8C%D8%AF-%D8%A8%D8%A7%DB%8C-%D8%B3%D8%A7%DB%8C%D8%AF-%D8%A8%D9%88%D8%B4-%D9%85%D8%AF%D9%84-KAN58A104 HTTP/1.1" 200 21827 "https://www.zanbil.ir/m/filter/p3%2Cb36%2Ct5" "Mozilla/5.0 (Linux; Android 6.0.1; SAMSUNG SM-G532F Build/MMB29T) AppleWebKit/537.36 (KHTML, like Gecko) SamsungBrowser/8.2 Chrome/63.0.3239.111 Mobile Safari/537.36" "-"
5.116.101.234 - - [26/Jan/2019:20:26:35 +0330] "GET /image/%7B%7BbasketItem.id%7D%7D?type=productModel&wh=50x50 HTTP/1.1" 200 5 "https://www.zanbil.ir/browse/wristwatch/%D8%B3%D8%A7%D8%B9%D8%AA-%D9%85%DA%86%DB%8C" "Mozilla/5.0 (Windows NT 6.3; Win64; x64) AppleWebKit/537.36 (KHTML, like Gecko) Chrome/71.0.3578.98 Safari/537.36" "-"
5.116.101.234 - - [26/Jan/2019:20:26:36 +0330] "GET /static/bundle-bundle_site_defer.min.js HTTP/1.1" 200 185207 "https://www.zanbil.ir/browse/wristwatch/%D8%B3%D8%A7%D8%B9%D8%AA-%D9%85%DA%86%DB%8C" "Mozilla/5.0 (Windows NT 6.3; Win64; x64) AppleWebKit/537.36 (KHTML, like Gecko) Chrome/71.0.3578.98 Safari/537.36" "-"
5.209.192.21 - - [26/Jan/2019:20:26:36 +0330] "GET /image/126/brand HTTP/1.1" 200 2436 "https://www.zanbil.ir/m/browse/tv/%D8%AA%D9%84%D9%88%DB%8C%D8%B2%DB%8C%D9%88%D9%86" "Mozilla/5.0 (Linux; Android 7.0; TRT-L21A) AppleWebKit/537.36 (KHTML, like Gecko) Chrome/71.0.3578.99 Mobile Safari/537.36" "-"
2.176.138.136 - - [26/Jan/2019:20:26:36 +0330] "POST /orderAdministration/act_transmission HTTP/1.1" 302 0 "https://www.zanbil.ir/orderAdministration/console/188206" "Mozilla/5.0 (Windows NT 10.0; Win64; x64; rv:64.0) Gecko/20100101 Firefox/64.0" "-"
5.209.192.21 - - [26/Jan/2019:20:26:36 +0330] "GET /image/67/brand HTTP/1.1" 200 2312 "https://www.zanbil.ir/m/browse/tv/%D8%AA%D9%84%D9%88%DB%8C%D8%B2%DB%8C%D9%88%D9%86" "Mozilla/5.0 (Linux; Android 7.0; TRT-L21A) AppleWebKit/537.36 (KHTML, like Gecko) Chrome/71.0.3578.99 Mobile Safari/537.36" "-"
5.209.192.21 - - [26/Jan/2019:20:26:36 +0330] "GET /image/2/brand HTTP/1.1" 200 4842 "https://www.zanbil.ir/m/browse/tv/%D8%AA%D9%84%D9%88%DB%8C%D8%B2%DB%8C%D9%88%D9%86" "Mozilla/5.0 (Linux; Android 7.0; TRT-L21A) AppleWebKit/537.36 (KHTML, like Gecko) Chrome/71.0.3578.99 Mobile Safari/537.36" "-"
31.56.180.237 - - [26/Jan/2019:20:26:36 +0330] "GET /image/32342?name=sms40c02ir-111.jpg&wh=200x200 HTTP/1.1" 200 4242 "-" "torob/5 CFNetwork/901.1 Darwin/17.6.0" "-"
66.249.66.91 - - [26/Jan/2019:20:26:36 +0330] "GET /product/31321/61261/%D8%B3%D8%A7%D8%B9%D8%AA-%D9%85%DA%86%DB%8C-%D8%B9%D9%82%D8%B1%D8%A8%D9%87-%D8%A7%DB%8C-%D8%B2%D9%86%D8%A7%D9%86%D9%87-TISSOT-%D9%85%D8%AF%D9%84-T033.210.16.111.00 HTTP/1.1" 200 40846 "-" "Mozilla/5.0 (compatible; Googlebot/2.1; +http://www.google.com/bot.html)" "-"
151.239.190.227 - - [26/Jan/2019:20:26:36 +0330] "GET /image/807/mainSlide HTTP/1.1" 200 91941 "https://www.zanbil.ir/browse/bath-valve/%D8%B4%DB%8C%D8%B1-%D8%AD%D9%85%D8%A7%D9%85" "Mozilla/5.0 (Windows NT 6.3; Win64; x64) AppleWebKit/537.36 (KHTML, like Gecko) Chrome/71.0.3578.98 Safari/537.36" "-"
5.209.192.21 - - [26/Jan/2019:20:26:36 +0330] "GET /image/163/productTypeType HTTP/1.1" 200 27213 "https://www.zanbil.ir/m/browse/tv/%D8%AA%D9%84%D9%88%DB%8C%D8%B2%DB%8C%D9%88%D9%86" "Mozilla/5.0 (Linux; Android 7.0; TRT-L21A) AppleWebKit/537.36 (KHTML, like Gecko) Chrome/71.0.3578.99 Mobile Safari/537.36" "-"
5.211.167.161 - - [26/Jan/2019:20:26:36 +0330] "HEAD /amp_preconnect_polyfill_404_or_other_error_expected._Do_not_worry_about_it?1548522000000 HTTP/1.1" 404 0 "https://www.zanbil.ir/m/filter/p7?page=1" "Mozilla/5.0 (iPhone; CPU iPhone OS 10_3_3 like Mac OS X) AppleWebKit/603.3.8 (KHTML, like Gecko) Version/10.0 Mobile/14G60 Safari/602.1" "-"
31.58.57.5 - - [26/Jan/2019:20:26:36 +0330] "GET /image/6430?name=mc-cj913.5.jpg&wh=300x300 HTTP/1.1" 200 12065 "https://www.zanbil.ir/product/6430/7445/%D8%AC%D8%A7%D8%B1%D9%88%D8%A8%D8%B1%D9%82%DB%8C-%D8%A8%D8%A7-%D9%BE%D8%A7%DA%A9%D8%AA-%D9%BE%D8%A7%D9%86%D8%A7%D8%B3%D9%88%D9%86%DB%8C%DA%A9-%D9%85%D8%AF%D9%84-MC-CJ913" "Mozilla/5.0 (Windows NT 6.1; rv:64.0) Gecko/20100101 Firefox/64.0" "-"
5.209.192.21 - - [26/Jan/2019:20:26:36 +0330] "GET /image/987/mainSlideMobile HTTP/1.1" 200 73012 "https://www.zanbil.ir/m/browse/tv/%D8%AA%D9%84%D9%88%DB%8C%D8%B2%DB%8C%D9%88%D9%86" "Mozilla/5.0 (Linux; Android 7.0; TRT-L21A) AppleWebKit/537.36 (KHTML, like Gecko) Chrome/71.0.3578.99 Mobile Safari/537.36" "-"
40.77.167.122 - - [26/Jan/2019:20:26:36 +0330] "GET /filter/b186%2Cb224%2Cb43%2Cb614?page=5 HTTP/1.1" 200 37021 "-" "Mozilla/5.0 (compatible; bingbot/2.0; +http://www.bing.com/bingbot.htm)" "-"
151.239.190.227 - - [26/Jan/2019:20:26:36 +0330] "GET /static/images/loading.gif HTTP/1.1" 200 7370 "https://www.zanbil.ir/browse/bath-valve/%D8%B4%DB%8C%D8%B1-%D8%AD%D9%85%D8%A7%D9%85" "Mozilla/5.0 (Windows NT 6.3; Win64; x64) AppleWebKit/537.36 (KHTML, like Gecko) Chrome/71.0.3578.98 Safari/537.36" "-"
5.211.167.161 - - [26/Jan/2019:20:26:36 +0330] "GET /image/11581/productModel/200x200 HTTP/1.1" 200 4683 "https://www.zanbil.ir/m/filter/p7?page=1" "Mozilla/5.0 (iPhone; CPU iPhone OS 10_3_3 like Mac OS X) AppleWebKit/603.3.8 (KHTML, like Gecko) Version/10.0 Mobile/14G60 Safari/602.1" "-"
31.58.57.5 - - [26/Jan/2019:20:26:36 +0330] "GET /image/14045/productTypeMenu HTTP/1.1" 200 11 "https://www.zanbil.ir/product/6430/7445/%D8%AC%D8%A7%D8%B1%D9%88%D8%A8%D8%B1%D9%82%DB%8C-%D8%A8%D8%A7-%D9%BE%D8%A7%DA%A9%D8%AA-%D9%BE%D8%A7%D9%86%D8%A7%D8%B3%D9%88%D9%86%DB%8C%DA%A9-%D9%85%D8%AF%D9%84-MC-CJ913" "Mozilla/5.0 (Windows NT 6.1; rv:64.0) Gecko/20100101 Firefox/64.0" "-"
151.239.190.227 - - [26/Jan/2019:20:26:36 +0330] "GET /static/images/exists.png HTTP/1.1" 200 2212 "https://www.zanbil.ir/browse/bath-valve/%D8%B4%DB%8C%D8%B1-%D8%AD%D9%85%D8%A7%D9%85" "Mozilla/5.0 (Windows NT 6.3; Win64; x64) AppleWebKit/537.36 (KHTML, like Gecko) Chrome/71.0.3578.98 Safari/537.36" "-"
151.239.190.227 - - [26/Jan/2019:20:26:36 +0330] "GET /image/32401/productModel/150x150 HTTP/1.1" 200 3519 "https://www.zanbil.ir/browse/bath-valve/%D8%B4%DB%8C%D8%B1-%D8%AD%D9%85%D8%A7%D9%85" "Mozilla/5.0 (Windows NT 6.3; Win64; x64) AppleWebKit/537.36 (KHTML, like Gecko) Chrome/71.0.3578.98 Safari/537.36" "-"
151.242.106.253 - - [26/Jan/2019:20:26:36 +0330] "GET /settings/logo HTTP/1.1" 200 4120 "https://www.zanbil.ir/m/filter/p41%2Cb1?page=2" "Mozilla/5.0 (Linux; Android 7.0; P008) AppleWebKit/537.36 (KHTML, like Gecko) Chrome/71.0.3578.99 Safari/537.36" "-"
5.217.49.231 - - [26/Jan/2019:20:26:36 +0330] "GET /image/65402/productModel/200x200 HTTP/1.1" 200 3809 "https://www.zanbil.ir/m/filter/b2%2Cp5" "Mozilla/5.0 (Linux; Android 8.0.0; SM-A520F) AppleWebKit/537.36 (KHTML, like Gecko) Chrome/71.0.3578.99 Mobile Safari/537.36" "-"
151.242.106.253 - - [26/Jan/2019:20:26:36 +0330] "GET /image/20543/productModel/200x200 HTTP/1.1" 200 3357 "https://www.zanbil.ir/m/filter/p41%2Cb1?page=2" "Mozilla/5.0 (Linux; Android 7.0; P008) AppleWebKit/537.36 (KHTML, like Gecko) Chrome/71.0.3578.99 Safari/537.36" "-"
151.239.190.227 - - [26/Jan/2019:20:26:36 +0330] "GET /image/32363/productModel/150x150 HTTP/1.1" 200 3327 "https://www.zanbil.ir/browse/bath-valve/%D8%B4%DB%8C%D8%B1-%D8%AD%D9%85%D8%A7%D9%85" "Mozilla/5.0 (Windows NT 6.3; Win64; x64) AppleWebKit/537.36 (KHTML, like Gecko) Chrome/71.0.3578.98 Safari/537.36" "-"
31.184.135.124 - - [26/Jan/2019:20:26:36 +0330] "GET /filter/b58,b6,b1 HTTP/1.1" 200 36636 "http://www.zanbil.ir/" "Mozilla/5.0 (compatible; Parsijoobot; +http://www.parsijoo.ir/bot.html; crawler@parsijoo.ir)" "-"
151.239.190.227 - - [26/Jan/2019:20:26:36 +0330] "GET /static/bundle-bundle_site_defer.min.js HTTP/1.1" 200 185207 "https://www.zanbil.ir/browse/bath-valve/%D8%B4%DB%8C%D8%B1-%D8%AD%D9%85%D8%A7%D9%85" "Mozilla/5.0 (Windows NT 6.3; Win64; x64) AppleWebKit/537.36 (KHTML, like Gecko) Chrome/71.0.3578.98 Safari/537.36" "-"
151.239.190.227 - - [26/Jan/2019:20:26:36 +0330] "GET /image/32337/productModel/150x150 HTTP/1.1" 200 3299 "https://www.zanbil.ir/browse/bath-valve/%D8%B4%DB%8C%D8%B1-%D8%AD%D9%85%D8%A7%D9%85" "Mozilla/5.0 (Windows NT 6.3; Win64; x64) AppleWebKit/537.36 (KHTML, like Gecko) Chrome/71.0.3578.98 Safari/537.36" "-"
151.242.106.253 - - [26/Jan/2019:20:26:36 +0330] "GET /image/63849/productModel/200x200 HTTP/1.1" 200 2951 "https://www.zanbil.ir/m/filter/p41%2Cb1?page=2" "Mozilla/5.0 (Linux; Android 7.0; P008) AppleWebKit/537.36 (KHTML, like Gecko) Chrome/71.0.3578.99 Safari/537.36" "-"
151.242.106.253 - - [26/Jan/2019:20:26:36 +0330] "GET /image/20539/productModel/200x200 HTTP/1.1" 200 3357 "https://www.zanbil.ir/m/filter/p41%2Cb1?page=2" "Mozilla/5.0 (Linux; Android 7.0; P008) AppleWebKit/537.36 (KHTML, like Gecko) Chrome/71.0.3578.99 Safari/537.36" "-"
151.242.106.253 - - [26/Jan/2019:20:26:36 +0330] "GET /image/53177/productModel/200x200 HTTP/1.1" 200 2601 "https://www.zanbil.ir/m/filter/p41%2Cb1?page=2" "Mozilla/5.0 (Linux; Android 7.0; P008) AppleWebKit/537.36 (KHTML, like Gecko) Chrome/71.0.3578.99 Safari/537.36" "-"
151.242.106.253 - - [26/Jan/2019:20:26:36 +0330] "GET /image/2131/productModel/200x200 HTTP/1.1" 200 3289 "https://www.zanbil.ir/m/filter/p41%2Cb1?page=2" "Mozilla/5.0 (Linux; Android 7.0; P008) AppleWebKit/537.36 (KHTML, like Gecko) Chrome/71.0.3578.99 Safari/537.36" "-"
151.242.106.253 - - [26/Jan/2019:20:26:36 +0330] "GET /image/2130/productModel/200x200 HTTP/1.1" 200 3367 "https://www.zanbil.ir/m/filter/p41%2Cb1?page=2" "Mozilla/5.0 (Linux; Android 7.0; P008) AppleWebKit/537.36 (KHTML, like Gecko) Chrome/71.0.3578.99 Safari/537.36" "-"
5.116.101.234 - - [26/Jan/2019:20:26:36 +0330] "GET /image/615/mainSlide HTTP/1.1" 200 88650 "https://www.zanbil.ir/browse/wristwatch/%D8%B3%D8%A7%D8%B9%D8%AA-%D9%85%DA%86%DB%8C" "Mozilla/5.0 (Windows NT 6.3; Win64; x64) AppleWebKit/537.36 (KHTML, like Gecko) Chrome/71.0.3578.98 Safari/537.36" "-"
151.239.190.227 - - [26/Jan/2019:20:26:36 +0330] "GET /image/32439/productModel/150x150 HTTP/1.1" 200 2511 "https://www.zanbil.ir/browse/bath-valve/%D8%B4%DB%8C%D8%B1-%D8%AD%D9%85%D8%A7%D9%85" "Mozilla/5.0 (Windows NT 6.3; Win64; x64) AppleWebKit/537.36 (KHTML, like Gecko) Chrome/71.0.3578.98 Safari/537.36" "-"
192.15.20.174 - - [26/Jan/2019:20:26:36 +0330] "GET /static/images/amp/instagram.png HTTP/1.1" 200 7146 "https://www.zanbil.ir/m/product/31578/61627/%D9%85%D8%A7%D8%B4%DB%8C%D9%86-%D8%B8%D8%B1%D9%81%D8%B4%D9%88%DB%8C%DB%8C-%D8%A7%DB%8C%D8%B3%D8%AA%D8%A7%D8%AF%D9%87-%D9%85%DB%8C%D8%AF%DB%8C%D8%A7-%D9%85%D8%AF%D9%84-WQP12-7605V-W?utm_medium=PPC&utm_source=Torob" "Mozilla/5.0 (Linux; Android 4.4.4; SM-G360H Build/KTU84P) AppleWebKit/537.36 (KHTML, like Gecko) Chrome/67.0.3396.87 Mobile Safari/537.36" "-"
104.194.25.177 - - [26/Jan/2019:20:26:36 +0330] "GET /image/25229/productModel/200x200 HTTP/1.1" 200 5312 "https://www.zanbil.ir/m/browse/knee-support/%D8%B2%D8%A7%D9%86%D9%88-%D8%A8%D9%86%D8%AF" "Mozilla/5.0 (Linux; Android 5.1.1; SAMSUNG SM-G531H Build/LMY48B) AppleWebKit/537.36 (KHTML, like Gecko) SamsungBrowser/3.3 Chrome/38.0.2125.102 Mobile Safari/537.36" "-"
104.194.25.177 - - [26/Jan/2019:20:26:36 +0330] "GET /image/25225/productModel/200x200 HTTP/1.1" 200 5361 "https://www.zanbil.ir/m/browse/knee-support/%D8%B2%D8%A7%D9%86%D9%88-%D8%A8%D9%86%D8%AF" "Mozilla/5.0 (Linux; Android 5.1.1; SAMSUNG SM-G531H Build/LMY48B) AppleWebKit/537.36 (KHTML, like Gecko) SamsungBrowser/3.3 Chrome/38.0.2125.102 Mobile Safari/537.36" "-"
104.194.25.177 - - [26/Jan/2019:20:26:36 +0330] "GET /image/25247/productModel/200x200 HTTP/1.1" 200 6176 "https://www.zanbil.ir/m/browse/knee-support/%D8%B2%D8%A7%D9%86%D9%88-%D8%A8%D9%86%D8%AF" "Mozilla/5.0 (Linux; Android 5.1.1; SAMSUNG SM-G531H Build/LMY48B) AppleWebKit/537.36 (KHTML, like Gecko) SamsungBrowser/3.3 Chrome/38.0.2125.102 Mobile Safari/537.36" "-"
104.194.25.177 - - [26/Jan/2019:20:26:36 +0330] "GET /image/50297/productModel/200x200 HTTP/1.1" 200 4190 "https://www.zanbil.ir/m/browse/knee-support/%D8%B2%D8%A7%D9%86%D9%88-%D8%A8%D9%86%D8%AF" "Mozilla/5.0 (Linux; Android 5.1.1; SAMSUNG SM-G531H Build/LMY48B) AppleWebKit/537.36 (KHTML, like Gecko) SamsungBrowser/3.3 Chrome/38.0.2125.102 Mobile Safari/537.36" "-"
104.194.25.177 - - [26/Jan/2019:20:26:36 +0330] "GET /image/25221/productModel/200x200 HTTP/1.1" 200 5843 "https://www.zanbil.ir/m/browse/knee-support/%D8%B2%D8%A7%D9%86%D9%88-%D8%A8%D9%86%D8%AF" "Mozilla/5.0 (Linux; Android 5.1.1; SAMSUNG SM-G531H Build/LMY48B) AppleWebKit/537.36 (KHTML, like Gecko) SamsungBrowser/3.3 Chrome/38.0.2125.102 Mobile Safari/537.36" "-"
89.34.41.26 - - [26/Jan/2019:20:26:36 +0330] "GET /static/images/guarantees/goodShopping.png HTTP/1.1" 200 6496 "https://www.zanbil.ir/m/product/4261/%DB%8C%D8%AE%DA%86%D8%A7%D9%84-%D9%81%D8%B1%DB%8C%D8%B2%D8%B1-%D9%81%D8%B1%DB%8C%D8%B2%D8%B1-%D8%A8%D8%A7%D9%84%D8%A7-%D8%A7%D8%B3%D9%86%D9%88%D8%A7-%D9%85%D8%AF%D9%84-MORANO-SR-T288" "Mozilla/5.0 (Linux; Android 7.0; SM-A710F) AppleWebKit/537.36 (KHTML, like Gecko) Chrome/71.0.3578.99 Mobile Safari/537.36" "-"
31.56.189.5 - - [26/Jan/2019:20:26:36 +0330] "GET /apple-touch-icon-120x120-precomposed.png HTTP/1.1" 404 32424 "-" "MobileSafari/604.1 CFNetwork/976 Darwin/18.2.0" "-"
151.239.190.227 - - [26/Jan/2019:20:26:36 +0330] "GET /image/32409/productModel/150x150 HTTP/1.1" 200 2645 "https://www.zanbil.ir/browse/bath-valve/%D8%B4%DB%8C%D8%B1-%D8%AD%D9%85%D8%A7%D9%85" "Mozilla/5.0 (Windows NT 6.3; Win64; x64) AppleWebKit/537.36 (KHTML, like Gecko) Chrome/71.0.3578.98 Safari/537.36" "-"
89.34.41.26 - - [26/Jan/2019:20:26:36 +0330] "GET /static/images/guarantees/warranty.png HTTP/1.1" 200 5807 "https://www.zanbil.ir/m/product/4261/%DB%8C%D8%AE%DA%86%D8%A7%D9%84-%D9%81%D8%B1%DB%8C%D8%B2%D8%B1-%D9%81%D8%B1%DB%8C%D8%B2%D8%B1-%D8%A8%D8%A7%D9%84%D8%A7-%D8%A7%D8%B3%D9%86%D9%88%D8%A7-%D9%85%D8%AF%D9%84-MORANO-SR-T288" "Mozilla/5.0 (Linux; Android 7.0; SM-A710F) AppleWebKit/537.36 (KHTML, like Gecko) Chrome/71.0.3578.99 Mobile Safari/537.36" "-"
89.34.41.26 - - [26/Jan/2019:20:26:36 +0330] "GET /static/images/guarantees/bestPrice.png HTTP/1.1" 200 7356 "https://www.zanbil.ir/m/product/4261/%DB%8C%D8%AE%DA%86%D8%A7%D9%84-%D9%81%D8%B1%DB%8C%D8%B2%D8%B1-%D9%81%D8%B1%DB%8C%D8%B2%D8%B1-%D8%A8%D8%A7%D9%84%D8%A7-%D8%A7%D8%B3%D9%86%D9%88%D8%A7-%D9%85%D8%AF%D9%84-MORANO-SR-T288" "Mozilla/5.0 (Linux; Android 7.0; SM-A710F) AppleWebKit/537.36 (KHTML, like Gecko) Chrome/71.0.3578.99 Mobile Safari/537.36" "-"
5.114.204.68 - - [26/Jan/2019:20:26:36 +0330] "GET /static/images/amp/instagram.png HTTP/1.1" 200 7146 "https://www.zanbil.ir/m/product/8655/11043/%D9%86%D8%A8%D9%88%D9%84%D8%A7%DB%8C%D8%B2%D8%B1-%D8%A8%DB%8C%D9%88%D8%B1%D8%B1-%D9%85%D8%AF%D9%84-IH50" "Mozilla/5.0 (Linux; Android 4.4.2; GT-N5100) AppleWebKit/537.36 (KHTML, like Gecko) Chrome/70.0.3538.110 Safari/537.36" "-"
151.239.190.227 - - [26/Jan/2019:20:26:36 +0330] "GET /image/31907/productModel/150x150 HTTP/1.1" 200 3210 "https://www.zanbil.ir/browse/bath-valve/%D8%B4%DB%8C%D8%B1-%D8%AD%D9%85%D8%A7%D9%85" "Mozilla/5.0 (Windows NT 6.3; Win64; x64) AppleWebKit/537.36 (KHTML, like Gecko) Chrome/71.0.3578.98 Safari/537.36" "-"
5.114.204.68 - - [26/Jan/2019:20:26:36 +0330] "GET /static/images/amp/telegram.png HTTP/1.1" 200 4859 "https://www.zanbil.ir/m/product/8655/11043/%D9%86%D8%A8%D9%88%D9%84%D8%A7%DB%8C%D8%B2%D8%B1-%D8%A8%DB%8C%D9%88%D8%B1%D8%B1-%D9%85%D8%AF%D9%84-IH50" "Mozilla/5.0 (Linux; Android 4.4.2; GT-N5100) AppleWebKit/537.36 (KHTML, like Gecko) Chrome/70.0.3538.110 Safari/537.36" "-"
5.114.204.68 - - [26/Jan/2019:20:26:36 +0330] "GET /static/images/amp/blog.png HTTP/1.1" 200 3863 "https://www.zanbil.ir/m/product/8655/11043/%D9%86%D8%A8%D9%88%D9%84%D8%A7%DB%8C%D8%B2%D8%B1-%D8%A8%DB%8C%D9%88%D8%B1%D8%B1-%D9%85%D8%AF%D9%84-IH50" "Mozilla/5.0 (Linux; Android 4.4.2; GT-N5100) AppleWebKit/537.36 (KHTML, like Gecko) Chrome/70.0.3538.110 Safari/537.36" "-"
2.178.35.200 - - [26/Jan/2019:20:26:36 +0330] "GET /m/product/21660/%DA%AF%D9%88%D8%B4%D8%AA-%DA%A9%D9%88%D8%A8-%D8%A8%D8%B1%D9%82%DB%8C-%D9%BE%D8%A7%D8%B1%D8%B3-%D8%AE%D8%B2%D8%B1-%D9%85%D8%AF%D9%84-HB-5501AP HTTP/1.1" 200 20224 "https://www.google.com/" "Mozilla/5.0 (Linux; Android 4.4.4; GT-I9300I) AppleWebKit/537.36 (KHTML, like Gecko) Chrome/70.0.3538.64 Mobile Safari/537.36" "-"
5.114.204.68 - - [26/Jan/2019:20:26:36 +0330] "GET /static/images/amp/third-party/footer-mobile.png HTTP/1.1" 200 62894 "https://www.zanbil.ir/m/product/8655/11043/%D9%86%D8%A8%D9%88%D9%84%D8%A7%DB%8C%D8%B2%D8%B1-%D8%A8%DB%8C%D9%88%D8%B1%D8%B1-%D9%85%D8%AF%D9%84-IH50" "Mozilla/5.0 (Linux; Android 4.4.2; GT-N5100) AppleWebKit/537.36 (KHTML, like Gecko) Chrome/70.0.3538.110 Safari/537.36" "-"
151.239.190.227 - - [26/Jan/2019:20:26:36 +0330] "GET /image/32287/productModel/150x150 HTTP/1.1" 200 2357 "https://www.zanbil.ir/browse/bath-valve/%D8%B4%DB%8C%D8%B1-%D8%AD%D9%85%D8%A7%D9%85" "Mozilla/5.0 (Windows NT 6.3; Win64; x64) AppleWebKit/537.36 (KHTML, like Gecko) Chrome/71.0.3578.98 Safari/537.36" "-"
40.77.167.108 - - [26/Jan/2019:20:26:36 +0330] "GET /filter/b136,b2,b231 HTTP/1.1" 200 36238 "-" "Mozilla/5.0 (compatible; bingbot/2.0; +http://www.bing.com/bingbot.htm)" "-"
89.34.41.26 - - [26/Jan/2019:20:26:36 +0330] "GET /static/images/guarantees/support.png HTTP/1.1" 200 6454 "https://www.zanbil.ir/m/product/4261/%DB%8C%D8%AE%DA%86%D8%A7%D9%84-%D9%81%D8%B1%DB%8C%D8%B2%D8%B1-%D9%81%D8%B1%DB%8C%D8%B2%D8%B1-%D8%A8%D8%A7%D9%84%D8%A7-%D8%A7%D8%B3%D9%86%D9%88%D8%A7-%D9%85%D8%AF%D9%84-MORANO-SR-T288" "Mozilla/5.0 (Linux; Android 7.0; SM-A710F) AppleWebKit/537.36 (KHTML, like Gecko) Chrome/71.0.3578.99 Mobile Safari/537.36" "-"
5.115.154.179 - - [26/Jan/2019:20:26:36 +0330] "GET /image/28233?name=hood-300...jpg&wh=200x200 HTTP/1.1" 200 3381 "-" "Dalvik/2.1.0 (Linux; U; Android 5.1.1; SM-J111F Build/LMY47V)" "-"
31.56.189.5 - - [26/Jan/2019:20:26:36 +0330] "GET /apple-touch-icon-120x120.png HTTP/1.1" 404 32418 "-" "MobileSafari/604.1 CFNetwork/976 Darwin/18.2.0" "-"
89.34.41.26 - - [26/Jan/2019:20:26:36 +0330] "GET /static/images/guarantees/fastDelivery.png HTTP/1.1" 200 7713 "https://www.zanbil.ir/m/product/4261/%DB%8C%D8%AE%DA%86%D8%A7%D9%84-%D9%81%D8%B1%DB%8C%D8%B2%D8%B1-%D9%81%D8%B1%DB%8C%D8%B2%D8%B1-%D8%A8%D8%A7%D9%84%D8%A7-%D8%A7%D8%B3%D9%86%D9%88%D8%A7-%D9%85%D8%AF%D9%84-MORANO-SR-T288" "Mozilla/5.0 (Linux; Android 7.0; SM-A710F) AppleWebKit/537.36 (KHTML, like Gecko) Chrome/71.0.3578.99 Mobile Safari/537.36" "-"
78.38.183.40 - - [26/Jan/2019:20:26:36 +0330] "GET /image/21565?name=17.jpg&wh=300x300 HTTP/1.1" 200 9522 "-" "Mozilla/5.0 (Linux; U; Android 4.2.1; fa-ir; HUAWEI G610-U20 Build/HuaweiG610-U20) AppleWebKit/534.30 (KHTML, like Gecko) Version/4.0 Mobile Safari/534.30 GSA/3.2.17.1009776.arm" "-"
5.115.154.179 - - [26/Jan/2019:20:26:37 +0330] "GET /image/28265?name=2000can.jpg&wh=200x200 HTTP/1.1" 200 3932 "-" "Dalvik/2.1.0 (Linux; U; Android 5.1.1; SM-J111F Build/LMY47V)" "-"
151.239.190.227 - - [26/Jan/2019:20:26:37 +0330] "GET /static/images/guarantees/goodShopping.png HTTP/1.1" 200 6496 "https://www.zanbil.ir/browse/bath-valve/%D8%B4%DB%8C%D8%B1-%D8%AD%D9%85%D8%A7%D9%85" "Mozilla/5.0 (Windows NT 6.3; Win64; x64) AppleWebKit/537.36 (KHTML, like Gecko) Chrome/71.0.3578.98 Safari/537.36" "-"
151.239.190.227 - - [26/Jan/2019:20:26:37 +0330] "GET /static/images/guarantees/warranty.png HTTP/1.1" 200 5807 "https://www.zanbil.ir/browse/bath-valve/%D8%B4%DB%8C%D8%B1-%D8%AD%D9%85%D8%A7%D9%85" "Mozilla/5.0 (Windows NT 6.3; Win64; x64) AppleWebKit/537.36 (KHTML, like Gecko) Chrome/71.0.3578.98 Safari/537.36" "-"
151.239.190.227 - - [26/Jan/2019:20:26:37 +0330] "GET /static/css/font/wyekan/font.woff HTTP/1.1" 200 28536 "https://znbl.ir/static/bundle-bundle_site_head.css" "Mozilla/5.0 (Windows NT 6.3; Win64; x64) AppleWebKit/537.36 (KHTML, like Gecko) Chrome/71.0.3578.98 Safari/537.36" "-"
31.56.189.5 - - [26/Jan/2019:20:26:37 +0330] "GET /apple-touch-icon-precomposed.png HTTP/1.1" 404 392 "-" "MobileSafari/604.1 CFNetwork/976 Darwin/18.2.0" "-"
151.239.190.227 - - [26/Jan/2019:20:26:37 +0330] "GET /static/images/guarantees/bestPrice.png HTTP/1.1" 200 7356 "https://www.zanbil.ir/browse/bath-valve/%D8%B4%DB%8C%D8%B1-%D8%AD%D9%85%D8%A7%D9%85" "Mozilla/5.0 (Windows NT 6.3; Win64; x64) AppleWebKit/537.36 (KHTML, like Gecko) Chrome/71.0.3578.98 Safari/537.36" "-"
151.239.190.227 - - [26/Jan/2019:20:26:37 +0330] "GET /static/images/guarantees/fastDelivery.png HTTP/1.1" 200 7713 "https://www.zanbil.ir/browse/bath-valve/%D8%B4%DB%8C%D8%B1-%D8%AD%D9%85%D8%A7%D9%85" "Mozilla/5.0 (Windows NT 6.3; Win64; x64) AppleWebKit/537.36 (KHTML, like Gecko) Chrome/71.0.3578.98 Safari/537.36" "-"
5.208.194.43 - - [26/Jan/2019:20:26:37 +0330] "GET /settings/logo HTTP/1.1" 200 4120 "https://www.zanbil.ir/m/product/31164/61050/%DB%8C%D8%AE%DA%86%D8%A7%D9%84-%D9%81%D8%B1%DB%8C%D8%B2%D8%B1-%D8%B3%D8%A7%DB%8C%D8%AF-%D8%A8%D8%A7%DB%8C-%D8%B3%D8%A7%DB%8C%D8%AF-%D8%A8%D9%88%D8%B4-%D9%85%D8%AF%D9%84-KAN58A104" "Mozilla/5.0 (Linux; Android 6.0.1; SAMSUNG SM-G532F Build/MMB29T) AppleWebKit/537.36 (KHTML, like Gecko) SamsungBrowser/8.2 Chrome/63.0.3239.111 Mobile Safari/537.36" "-"
151.239.190.227 - - [26/Jan/2019:20:26:37 +0330] "GET /static/images/guarantees/support.png HTTP/1.1" 200 6454 "https://www.zanbil.ir/browse/bath-valve/%D8%B4%DB%8C%D8%B1-%D8%AD%D9%85%D8%A7%D9%85" "Mozilla/5.0 (Windows NT 6.3; Win64; x64) AppleWebKit/537.36 (KHTML, like Gecko) Chrome/71.0.3578.98 Safari/537.36" "-"
151.239.190.227 - - [26/Jan/2019:20:26:37 +0330] "GET /static/images/guarantees/pos.png HTTP/1.1" 200 6465 "https://www.zanbil.ir/browse/bath-valve/%D8%B4%DB%8C%D8%B1-%D8%AD%D9%85%D8%A7%D9%85" "Mozilla/5.0 (Windows NT 6.3; Win64; x64) AppleWebKit/537.36 (KHTML, like Gecko) Chrome/71.0.3578.98 Safari/537.36" "-"
31.56.189.5 - - [26/Jan/2019:20:26:37 +0330] "GET /apple-touch-icon.png HTTP/1.1" 404 392 "-" "MobileSafari/604.1 CFNetwork/976 Darwin/18.2.0" "-"
5.219.174.108 - - [26/Jan/2019:20:26:37 +0330] "GET /static/images/amp/instagram.png HTTP/1.1" 200 7146 "https://www.zanbil.ir/m/article/616/%D8%B9%D9%84%D8%AA-%D8%AE%D9%88%D8%A7%D8%A8-%D8%B1%D9%81%D8%AA%D9%86%D8%8C%DA%AF%D8%B2%DA%AF%D8%B2%D8%8C%D8%A8%DB%8C-%D8%AD%D8%B3%DB%8C-%D9%88-%D9%85%D9%88%D8%B1-%D9%85%D9%88%D8%B1-%D8%B4%D8%AF%D9%86-%D8%A7%D9%86%DA%AF%D8%B4%D8%AA%D8%A7%D9%86-%D8%AF%D8%B3%D8%AA-%D9%88-%D8%AF%D8%B1%D9%85%D8%A7%D9%86-%D8%A2%D9%86" "Mozilla/5.0 (Linux; Android 4.2.1; HUAWEI G610-U20 Build/HuaweiG610-U20) AppleWebKit/537.36 (KHTML, like Gecko) Chrome/31.0.1650.59 Mobile Safari/537.36" "-"
5.219.174.108 - - [26/Jan/2019:20:26:37 +0330] "GET /static/images/amp/telegram.png HTTP/1.1" 200 4859 "https://www.zanbil.ir/m/article/616/%D8%B9%D9%84%D8%AA-%D8%AE%D9%88%D8%A7%D8%A8-%D8%B1%D9%81%D8%AA%D9%86%D8%8C%DA%AF%D8%B2%DA%AF%D8%B2%D8%8C%D8%A8%DB%8C-%D8%AD%D8%B3%DB%8C-%D9%88-%D9%85%D9%88%D8%B1-%D9%85%D9%88%D8%B1-%D8%B4%D8%AF%D9%86-%D8%A7%D9%86%DA%AF%D8%B4%D8%AA%D8%A7%D9%86-%D8%AF%D8%B3%D8%AA-%D9%88-%D8%AF%D8%B1%D9%85%D8%A7%D9%86-%D8%A2%D9%86" "Mozilla/5.0 (Linux; Android 4.2.1; HUAWEI G610-U20 Build/HuaweiG610-U20) AppleWebKit/537.36 (KHTML, like Gecko) Chrome/31.0.1650.59 Mobile Safari/537.36" "-"
66.249.66.91 - - [26/Jan/2019:20:26:37 +0330] "GET /static/css/font/wyekan/font.woff HTTP/1.1" 304 0 "-" "Mozilla/5.0 (Linux; Android 6.0.1; Nexus 5X Build/MMB29P) AppleWebKit/537.36 (KHTML, like Gecko) Chrome/41.0.2272.96 Mobile Safari/537.36 (compatible; Googlebot/2.1; +http://www.google.com/bot.html)" "-"
151.239.190.227 - - [26/Jan/2019:20:26:37 +0330] "GET /static/images/zanbil-kharid.png HTTP/1.1" 200 358 "https://znbl.ir/static/bundle-bundle_site_head.css" "Mozilla/5.0 (Windows NT 6.3; Win64; x64) AppleWebKit/537.36 (KHTML, like Gecko) Chrome/71.0.3578.98 Safari/537.36" "-"
