31.58.80.179 - - [26/Jan/2019:20:26:46 +0330] "GET /image/17/productType/240x180 HTTP/1.1" 200 12942 "https://www.zanbil.ir/browse/home-appliances/%D9%84%D9%88%D8%A7%D8%B2%D9%85-%D8%AE%D8%A7%D9%86%DA%AF%DB%8C" "Mozilla/5.0 (Windows NT 10.0; Win64; x64) AppleWebKit/537.36 (KHTML, like Gecko) Chrome/71.0.3578.98 Safari/537.36" "-"
66.249.66.92 - - [26/Jan/2019:20:26:46 +0330] "GET /static/css/font/wyekan/font.woff HTTP/1.1" 304 0 "-" "Mozilla/5.0 (Linux; Android 6.0.1; Nexus 5X Build/MMB29P) AppleWebKit/537.36 (KHTML, like Gecko) Chrome/41.0.2272.96 Mobile Safari/537.36 (compatible; Googlebot/2.1; +http://www.google.com/bot.html)" "-"
2.185.75.221 - - [26/Jan/2019:20:26:46 +0330] "GET /favicon.ico HTTP/1.1" 200 0 "-" "Mozilla/5.0 (Linux; Android 4.4.4; SAMSUNG SM-J110H Build/KTU84P) AppleWebKit/537.36 (KHTML, like Gecko) SamsungBrowser/2.0 Chrome/34.0.1847.76 Mobile Safari/537.36" "-"
31.58.80.179 - - [26/Jan/2019:20:26:46 +0330] "GET /image/64844/productModel/150x150 HTTP/1.1" 200 3862 "https://www.zanbil.ir/browse/home-appliances/%D9%84%D9%88%D8%A7%D8%B2%D9%85-%D8%AE%D8%A7%D9%86%DA%AF%DB%8C" "Mozilla/5.0 (Windows NT 10.0; Win64; x64) AppleWebKit/537.36 (KHTML, like Gecko) Chrome/71.0.3578.98 Safari/537.36" "-"
31.58.80.179 - - [26/Jan/2019:20:26:46 +0330] "GET /image/57274/productModel/150x150 HTTP/1.1" 200 5687 "https://www.zanbil.ir/browse/home-appliances/%D9%84%D9%88%D8%A7%D8%B2%D9%85-%D8%AE%D8%A7%D9%86%DA%AF%DB%8C" "Mozilla/5.0 (Windows NT 10.0; Win64; x64) AppleWebKit/537.36 (KHTML, like Gecko) Chrome/71.0.3578.98 Safari/537.36" "-"
31.58.80.179 - - [26/Jan/2019:20:26:46 +0330] "GET /image/46/productType/240x180 HTTP/1.1" 200 15088 "https://www.zanbil.ir/browse/home-appliances/%D9%84%D9%88%D8%A7%D8%B2%D9%85-%D8%AE%D8%A7%D9%86%DA%AF%DB%8C" "Mozilla/5.0 (Windows NT 10.0; Win64; x64) AppleWebKit/537.36 (KHTML, like Gecko) Chrome/71.0.3578.98 Safari/537.36" "-"
31.56.107.223 - - [26/Jan/2019:20:26:46 +0330] "GET /image/8915/specialSale?role=e1 HTTP/1.1" 200 11 "https://www.zanbil.ir/filter/b131" "Mozilla/5.0 (Windows NT 6.3; Win64; x64) AppleWebKit/537.36 (KHTML, like Gecko) Chrome/71.0.3578.98 Safari/537.36" "-"
31.56.107.223 - - [26/Jan/2019:20:26:46 +0330] "GET /image/8915/specialSale?role=e2 HTTP/1.1" 200 11 "https://www.zanbil.ir/filter/b131" "Mozilla/5.0 (Windows NT 6.3; Win64; x64) AppleWebKit/537.36 (KHTML, like Gecko) Chrome/71.0.3578.98 Safari/537.36" "-"
31.58.80.179 - - [26/Jan/2019:20:26:46 +0330] "GET /image/8872/specialSale HTTP/1.1" 200 36863 "https://www.zanbil.ir/browse/home-appliances/%D9%84%D9%88%D8%A7%D8%B2%D9%85-%D8%AE%D8%A7%D9%86%DA%AF%DB%8C" "Mozilla/5.0 (Windows NT 10.0; Win64; x64) AppleWebKit/537.36 (KHTML, like Gecko) Chrome/71.0.3578.98 Safari/537.36" "-"
31.56.107.223 - - [26/Jan/2019:20:26:47 +0330] "GET /image/8915/specialSale?role=e3 HTTP/1.1" 200 11 "https://www.zanbil.ir/filter/b131" "Mozilla/5.0 (Windows NT 6.3; Win64; x64) AppleWebKit/537.36 (KHTML, like Gecko) Chrome/71.0.3578.98 Safari/537.36" "-"
31.58.80.179 - - [26/Jan/2019:20:26:47 +0330] "GET /image/18342/productType/240x180 HTTP/1.1" 200 16983 "https://www.zanbil.ir/browse/home-appliances/%D9%84%D9%88%D8%A7%D8%B2%D9%85-%D8%AE%D8%A7%D9%86%DA%AF%DB%8C" "Mozilla/5.0 (Windows NT 10.0; Win64; x64) AppleWebKit/537.36 (KHTML, like Gecko) Chrome/71.0.3578.98 Safari/537.36" "-"
66.249.66.91 - - [26/Jan/2019:20:26:47 +0330] "GET /filter/b481%2Cb656%2Cb36%2Cb226%2Cb180%2Cb615%2Cb648%2Cb148%2Cb80%2Cb213%2Cb724%2Cb613%2Cb35%2Cb679%2Cb645%2Cb861%2Cb6%2Cb5%2Cb703%2Cb231%2Cb219%2Cb854%2Cb88%2Cb42%2Cb95%2Cb879%2Cb574%2Cb238%2Cb215%2Cb185%2Cb614%2Cb126%2Cb523%2Cb1%2Cb168%2Cb105%2Cb874%2Cb8%2Cb212%2Cb50%2Cb74%2Cb221%2Cb183%2Cb194%2Cb482%2Cb570%2Cb113%2Cb484%2Cb218%2Cb82%2Cb568?page=146 HTTP/1.1" 200 39946 "-" "Mozilla/5.0 (compatible; Googlebot/2.1; +http://www.google.com/bot.html)" "-"
5.116.101.234 - - [26/Jan/2019:20:26:47 +0330] "GET /image/8905/specialSale?role=e1 HTTP/1.1" 200 11 "https://www.zanbil.ir/browse/wristwatch/%D8%B3%D8%A7%D8%B9%D8%AA-%D9%85%DA%86%DB%8C" "Mozilla/5.0 (Windows NT 6.3; Win64; x64) AppleWebKit/537.36 (KHTML, like Gecko) Chrome/71.0.3578.98 Safari/537.36" "-"
5.116.101.234 - - [26/Jan/2019:20:26:47 +0330] "GET /image/8905/specialSale?role=e3 HTTP/1.1" 200 11 "https://www.zanbil.ir/browse/wristwatch/%D8%B3%D8%A7%D8%B9%D8%AA-%D9%85%DA%86%DB%8C" "Mozilla/5.0 (Windows NT 6.3; Win64; x64) AppleWebKit/537.36 (KHTML, like Gecko) Chrome/71.0.3578.98 Safari/537.36" "-"
5.116.101.234 - - [26/Jan/2019:20:26:47 +0330] "GET /image/8905/specialSale?role=e2 HTTP/1.1" 200 11 "https://www.zanbil.ir/browse/wristwatch/%D8%B3%D8%A7%D8%B9%D8%AA-%D9%85%DA%86%DB%8C" "Mozilla/5.0 (Windows NT 6.3; Win64; x64) AppleWebKit/537.36 (KHTML, like Gecko) Chrome/71.0.3578.98 Safari/537.36" "-"
66.249.66.92 - - [26/Jan/2019:20:26:47 +0330] "GET /filter/b481%2Cb656%2Cb36%2Cb226%2Cb180%2Cb615%2Cb148%2Cb80%2Cb213%2Cb724%2Cb613%2Cb35%2Cb679%2Cb861%2Cb5%2Cb703%2Cb231%2Cb219%2Cb854%2Cb88%2Cb42%2Cb95%2Cb879%2Cb574%2Cb238%2Cb215%2Cb185%2Cb614%2Cb126%2Cb523%2Cb1%2Cb105%2Cb874%2Cb8%2Cb212%2Cb50%2Cb74%2Cb221%2Cb183%2Cb194%2Cb570%2Cb113%2Cb435%2Cb118%2Cb484%2Cb218%2Cb82%2Cb619%2Cb19%2Cb136%2Cb43%2Cb261%2Cstexists%2Cb202%2Cb63%2Cb22%2Cb454%2Cb543%2Cb220%2Cb211%2Cb135?page=88 HTTP/1.1" 200 40509 "-" "Mozilla/5.0 (compatible; Googlebot/2.1; +http://www.google.com/bot.html)" "-"
31.58.80.179 - - [26/Jan/2019:20:26:47 +0330] "GET /image/2/productType/240x180 HTTP/1.1" 200 10527 "https://www.zanbil.ir/browse/home-appliances/%D9%84%D9%88%D8%A7%D8%B2%D9%85-%D8%AE%D8%A7%D9%86%DA%AF%DB%8C" "Mozilla/5.0 (Windows NT 10.0; Win64; x64) AppleWebKit/537.36 (KHTML, like Gecko) Chrome/71.0.3578.98 Safari/537.36" "-"
31.58.80.179 - - [26/Jan/2019:20:26:47 +0330] "GET /image/1176/mainSlide HTTP/1.1" 200 88483 "https://www.zanbil.ir/browse/home-appliances/%D9%84%D9%88%D8%A7%D8%B2%D9%85-%D8%AE%D8%A7%D9%86%DA%AF%DB%8C" "Mozilla/5.0 (Windows NT 10.0; Win64; x64) AppleWebKit/537.36 (KHTML, like Gecko) Chrome/71.0.3578.98 Safari/537.36" "-"
2.179.216.46 - - [26/Jan/2019:20:26:47 +0330] "GET /image/7886?name=22220.jpg&wh=200x200 HTTP/1.1" 200 5617 "-" "Mozilla/5.0 (Windows NT 6.1; rv:64.0) Gecko/20100101 Firefox/64.0" "-"
31.58.80.179 - - [26/Jan/2019:20:26:47 +0330] "GET /image/8866/specialSale HTTP/1.1" 200 36435 "https://www.zanbil.ir/browse/home-appliances/%D9%84%D9%88%D8%A7%D8%B2%D9%85-%D8%AE%D8%A7%D9%86%DA%AF%DB%8C" "Mozilla/5.0 (Windows NT 10.0; Win64; x64) AppleWebKit/537.36 (KHTML, like Gecko) Chrome/71.0.3578.98 Safari/537.36" "-"
31.58.80.179 - - [26/Jan/2019:20:26:47 +0330] "GET /image/8862/specialSale HTTP/1.1" 200 36415 "https://www.zanbil.ir/browse/home-appliances/%D9%84%D9%88%D8%A7%D8%B2%D9%85-%D8%AE%D8%A7%D9%86%DA%AF%DB%8C" "Mozilla/5.0 (Windows NT 10.0; Win64; x64) AppleWebKit/537.36 (KHTML, like Gecko) Chrome/71.0.3578.98 Safari/537.36" "-"
31.58.80.179 - - [26/Jan/2019:20:26:47 +0330] "GET /image/50356/productModel/150x150 HTTP/1.1" 200 3306 "https://www.zanbil.ir/browse/home-appliances/%D9%84%D9%88%D8%A7%D8%B2%D9%85-%D8%AE%D8%A7%D9%86%DA%AF%DB%8C" "Mozilla/5.0 (Windows NT 10.0; Win64; x64) AppleWebKit/537.36 (KHTML, like Gecko) Chrome/71.0.3578.98 Safari/537.36" "-"
31.58.80.179 - - [26/Jan/2019:20:26:47 +0330] "GET /image/59096/productModel/150x150 HTTP/1.1" 200 2253 "https://www.zanbil.ir/browse/home-appliances/%D9%84%D9%88%D8%A7%D8%B2%D9%85-%D8%AE%D8%A7%D9%86%DA%AF%DB%8C" "Mozilla/5.0 (Windows NT 10.0; Win64; x64) AppleWebKit/537.36 (KHTML, like Gecko) Chrome/71.0.3578.98 Safari/537.36" "-"
178.131.193.155 - - [26/Jan/2019:20:26:47 +0330] "GET /browse/scapula-and-shoulder-massager/%D9%85%D8%A7%D8%B3%D8%A7%DA%98%D9%88%D8%B1-%DA%A9%D8%AA%D9%81-%D9%88-%D8%B4%D8%A7%D9%86%D9%87 HTTP/1.1" 200 29886 "https://www.zanbil.ir/browse/massager/%D9%85%D8%A7%D8%B3%D8%A7%DA%98%D9%88%D8%B1" "Mozilla/5.0 (Windows NT 6.1) AppleWebKit/537.36 (KHTML, like Gecko) Chrome/71.0.3578.98 Safari/537.36" "-"
31.58.80.179 - - [26/Jan/2019:20:26:47 +0330] "GET /image/34195/productModel/150x150 HTTP/1.1" 200 2708 "https://www.zanbil.ir/browse/home-appliances/%D9%84%D9%88%D8%A7%D8%B2%D9%85-%D8%AE%D8%A7%D9%86%DA%AF%DB%8C" "Mozilla/5.0 (Windows NT 10.0; Win64; x64) AppleWebKit/537.36 (KHTML, like Gecko) Chrome/71.0.3578.98 Safari/537.36" "-"
31.58.80.179 - - [26/Jan/2019:20:26:47 +0330] "GET /image/7589/productModel/150x150 HTTP/1.1" 200 2939 "https://www.zanbil.ir/browse/home-appliances/%D9%84%D9%88%D8%A7%D8%B2%D9%85-%D8%AE%D8%A7%D9%86%DA%AF%DB%8C" "Mozilla/5.0 (Windows NT 10.0; Win64; x64) AppleWebKit/537.36 (KHTML, like Gecko) Chrome/71.0.3578.98 Safari/537.36" "-"
31.58.80.179 - - [26/Jan/2019:20:26:47 +0330] "GET /image/62170/productModel/150x150 HTTP/1.1" 200 3901 "https://www.zanbil.ir/browse/home-appliances/%D9%84%D9%88%D8%A7%D8%B2%D9%85-%D8%AE%D8%A7%D9%86%DA%AF%DB%8C" "Mozilla/5.0 (Windows NT 10.0; Win64; x64) AppleWebKit/537.36 (KHTML, like Gecko) Chrome/71.0.3578.98 Safari/537.36" "-"
31.58.80.179 - - [26/Jan/2019:20:26:47 +0330] "GET /image/51/productModel/150x150 HTTP/1.1" 200 3145 "https://www.zanbil.ir/browse/home-appliances/%D9%84%D9%88%D8%A7%D8%B2%D9%85-%D8%AE%D8%A7%D9%86%DA%AF%DB%8C" "Mozilla/5.0 (Windows NT 10.0; Win64; x64) AppleWebKit/537.36 (KHTML, like Gecko) Chrome/71.0.3578.98 Safari/537.36" "-"
31.58.80.179 - - [26/Jan/2019:20:26:47 +0330] "GET /image/58510/productModel/150x150 HTTP/1.1" 200 2736 "https://www.zanbil.ir/browse/home-appliances/%D9%84%D9%88%D8%A7%D8%B2%D9%85-%D8%AE%D8%A7%D9%86%DA%AF%DB%8C" "Mozilla/5.0 (Windows NT 10.0; Win64; x64) AppleWebKit/537.36 (KHTML, like Gecko) Chrome/71.0.3578.98 Safari/537.36" "-"
31.58.80.179 - - [26/Jan/2019:20:26:47 +0330] "GET /image/62718/productModel/150x150 HTTP/1.1" 200 2990 "https://www.zanbil.ir/browse/home-appliances/%D9%84%D9%88%D8%A7%D8%B2%D9%85-%D8%AE%D8%A7%D9%86%DA%AF%DB%8C" "Mozilla/5.0 (Windows NT 10.0; Win64; x64) AppleWebKit/537.36 (KHTML, like Gecko) Chrome/71.0.3578.98 Safari/537.36" "-"
31.58.80.179 - - [26/Jan/2019:20:26:47 +0330] "GET /image/47646/productModel/150x150 HTTP/1.1" 200 2595 "https://www.zanbil.ir/browse/home-appliances/%D9%84%D9%88%D8%A7%D8%B2%D9%85-%D8%AE%D8%A7%D9%86%DA%AF%DB%8C" "Mozilla/5.0 (Windows NT 10.0; Win64; x64) AppleWebKit/537.36 (KHTML, like Gecko) Chrome/71.0.3578.98 Safari/537.36" "-"
5.113.157.15 - - [26/Jan/2019:20:26:47 +0330] "GET /site/enamad HTTP/1.1" 200 278 "https://www.zanbil.ir/filter/b2,p5,stexists" "Mozilla/5.0 (Windows NT 6.1; Win64; x64) AppleWebKit/537.36 (KHTML, like Gecko) Chrome/71.0.3578.98 Safari/537.36" "-"
66.249.66.91 - - [26/Jan/2019:20:26:47 +0330] "GET /static/css/font/wyekan/font.woff HTTP/1.1" 304 0 "-" "Mozilla/5.0 (Linux; Android 6.0.1; Nexus 5X Build/MMB29P) AppleWebKit/537.36 (KHTML, like Gecko) Chrome/41.0.2272.96 Mobile Safari/537.36 (compatible; Googlebot/2.1; +http://www.google.com/bot.html)" "-"
31.58.80.179 - - [26/Jan/2019:20:26:47 +0330] "GET /image/62395/productModel/150x150 HTTP/1.1" 200 1949 "https://www.zanbil.ir/browse/home-appliances/%D9%84%D9%88%D8%A7%D8%B2%D9%85-%D8%AE%D8%A7%D9%86%DA%AF%DB%8C" "Mozilla/5.0 (Windows NT 10.0; Win64; x64) AppleWebKit/537.36 (KHTML, like Gecko) Chrome/71.0.3578.98 Safari/537.36" "-"
31.58.80.179 - - [26/Jan/2019:20:26:47 +0330] "GET /image/63149/productModel/150x150 HTTP/1.1" 200 1703 "https://www.zanbil.ir/browse/home-appliances/%D9%84%D9%88%D8%A7%D8%B2%D9%85-%D8%AE%D8%A7%D9%86%DA%AF%DB%8C" "Mozilla/5.0 (Windows NT 10.0; Win64; x64) AppleWebKit/537.36 (KHTML, like Gecko) Chrome/71.0.3578.98 Safari/537.36" "-"
2.176.138.136 - - [26/Jan/2019:20:26:47 +0330] "GET /rapidGrails/jsonList?maxColumns=16&domainClass=eshop.Order&filter=[{op:%27inSession%27,%20field:%27id%27,%20val:%27orderList5e5413ba31114cfaaaad1ce514b7d1a0%27}]&columns=[{%27name%27:%27trackingCode%27,%27width%27:110},{%27name%27:%27ownerName%27,%27width%27:120},{%27name%27:%27productsName%27,%27width%27:320,%27sortable%27:false},{%27name%27:%27ownerMobile%27,%27width%27:110},{%27name%27:%27deliveryMethodName%27,%27width%27:120,%27sortable%27:false},{%27name%27:%27deliveryCityName%27,%27width%27:120,%27sortable%27:false},{%27name%27:%27addressRegionName%27,%27width%27:120,%27sortable%27:false},{%27name%27:%27courier%27,%27width%27:120,%27expression%27:%27obj[\x5C%27courier\x5C%27]?.fullName%27},{%27name%27:%27status%27,%27width%27:110},{%27name%27:%27invoiceType%27,%27width%27:60,%27expression%27:%27g.message(code:%20obj[\x5C%27invoiceTypeCode\x5C%27])%27},{%27name%27:%27itemsDeliveryStatus%27,%27width%27:60},{%27name%27:%27creationType%27,%27width%27:50},{%27name%27:%27creationMedia%27,%27width%27:50},{%27name%27:%27completionMedia%27,%27width%27:50},{%27name%27:%27completionFollower%27,%27width%27:120},{%27name%27:%27lastActionDate%27,%27width%27:100,%27expression%27:%27rg.formatJalaliDate(date:%20%20obj[\x5C%27lastActionDate\x5C%27],%20hm:\x5C%27true\x5C%27%20)%27}]&_search=false&nd=1548522025809&rows=10&page=1&sidx=lastActionDate&sord=desc HTTP/1.1" 200 333 "https://www.zanbil.ir/orderAdministration/console/188206" "Mozilla/5.0 (Windows NT 10.0; Win64; x64; rv:64.0) Gecko/20100101 Firefox/64.0" "-"
31.58.80.179 - - [26/Jan/2019:20:26:47 +0330] "GET /image/61754/productModel/150x150 HTTP/1.1" 200 3821 "https://www.zanbil.ir/browse/home-appliances/%D9%84%D9%88%D8%A7%D8%B2%D9%85-%D8%AE%D8%A7%D9%86%DA%AF%DB%8C" "Mozilla/5.0 (Windows NT 10.0; Win64; x64) AppleWebKit/537.36 (KHTML, like Gecko) Chrome/71.0.3578.98 Safari/537.36" "-"
5.113.157.15 - - [26/Jan/2019:20:26:47 +0330] "GET /site/alexaGooleAnalitic HTTP/1.1" 200 323 "https://www.zanbil.ir/filter/b2,p5,stexists" "Mozilla/5.0 (Windows NT 6.1; Win64; x64) AppleWebKit/537.36 (KHTML, like Gecko) Chrome/71.0.3578.98 Safari/537.36" "-"
31.58.80.179 - - [26/Jan/2019:20:26:47 +0330] "GET /image/55867/productModel/150x150 HTTP/1.1" 200 3414 "https://www.zanbil.ir/browse/home-appliances/%D9%84%D9%88%D8%A7%D8%B2%D9%85-%D8%AE%D8%A7%D9%86%DA%AF%DB%8C" "Mozilla/5.0 (Windows NT 10.0; Win64; x64) AppleWebKit/537.36 (KHTML, like Gecko) Chrome/71.0.3578.98 Safari/537.36" "-"
31.58.80.179 - - [26/Jan/2019:20:26:47 +0330] "GET /image/63227/productModel/150x150 HTTP/1.1" 200 2933 "https://www.zanbil.ir/browse/home-appliances/%D9%84%D9%88%D8%A7%D8%B2%D9%85-%D8%AE%D8%A7%D9%86%DA%AF%DB%8C" "Mozilla/5.0 (Windows NT 10.0; Win64; x64) AppleWebKit/537.36 (KHTML, like Gecko) Chrome/71.0.3578.98 Safari/537.36" "-"
31.58.80.179 - - [26/Jan/2019:20:26:47 +0330] "GET /image/873/productModel/100x100 HTTP/1.1" 200 1214 "https://www.zanbil.ir/browse/home-appliances/%D9%84%D9%88%D8%A7%D8%B2%D9%85-%D8%AE%D8%A7%D9%86%DA%AF%DB%8C" "Mozilla/5.0 (Windows NT 10.0; Win64; x64) AppleWebKit/537.36 (KHTML, like Gecko) Chrome/71.0.3578.98 Safari/537.36" "-"
31.58.80.179 - - [26/Jan/2019:20:26:47 +0330] "GET /image/409/productModel/100x100 HTTP/1.1" 200 1998 "https://www.zanbil.ir/browse/home-appliances/%D9%84%D9%88%D8%A7%D8%B2%D9%85-%D8%AE%D8%A7%D9%86%DA%AF%DB%8C" "Mozilla/5.0 (Windows NT 10.0; Win64; x64) AppleWebKit/537.36 (KHTML, like Gecko) Chrome/71.0.3578.98 Safari/537.36" "-"
31.58.80.179 - - [26/Jan/2019:20:26:47 +0330] "GET /image/59598/productModel/150x150 HTTP/1.1" 200 3021 "https://www.zanbil.ir/browse/home-appliances/%D9%84%D9%88%D8%A7%D8%B2%D9%85-%D8%AE%D8%A7%D9%86%DA%AF%DB%8C" "Mozilla/5.0 (Windows NT 10.0; Win64; x64) AppleWebKit/537.36 (KHTML, like Gecko) Chrome/71.0.3578.98 Safari/537.36" "-"
66.249.66.194 - - [26/Jan/2019:20:26:47 +0330] "GET /image/29604?name=-1%D8%A2%D9%86%D8%A7%D9%87%DB%8C%D8%AA%D8%A7.jpg&wh=50x50 HTTP/1.1" 200 1002 "-" "Googlebot-Image/1.0" "-"
31.58.80.179 - - [26/Jan/2019:20:26:47 +0330] "GET /image/57189/productModel/150x150 HTTP/1.1" 200 4223 "https://www.zanbil.ir/browse/home-appliances/%D9%84%D9%88%D8%A7%D8%B2%D9%85-%D8%AE%D8%A7%D9%86%DA%AF%DB%8C" "Mozilla/5.0 (Windows NT 10.0; Win64; x64) AppleWebKit/537.36 (KHTML, like Gecko) Chrome/71.0.3578.98 Safari/537.36" "-"
31.58.80.179 - - [26/Jan/2019:20:26:47 +0330] "GET /image/14296/productModel/100x100 HTTP/1.1" 200 1905 "https://www.zanbil.ir/browse/home-appliances/%D9%84%D9%88%D8%A7%D8%B2%D9%85-%D8%AE%D8%A7%D9%86%DA%AF%DB%8C" "Mozilla/5.0 (Windows NT 10.0; Win64; x64) AppleWebKit/537.36 (KHTML, like Gecko) Chrome/71.0.3578.98 Safari/537.36" "-"
31.58.80.179 - - [26/Jan/2019:20:26:47 +0330] "GET /image/1659/productModel/100x100 HTTP/1.1" 200 1936 "https://www.zanbil.ir/browse/home-appliances/%D9%84%D9%88%D8%A7%D8%B2%D9%85-%D8%AE%D8%A7%D9%86%DA%AF%DB%8C" "Mozilla/5.0 (Windows NT 10.0; Win64; x64) AppleWebKit/537.36 (KHTML, like Gecko) Chrome/71.0.3578.98 Safari/537.36" "-"
31.58.80.179 - - [26/Jan/2019:20:26:47 +0330] "GET /image/2106/productModel/100x100 HTTP/1.1" 200 2526 "https://www.zanbil.ir/browse/home-appliances/%D9%84%D9%88%D8%A7%D8%B2%D9%85-%D8%AE%D8%A7%D9%86%DA%AF%DB%8C" "Mozilla/5.0 (Windows NT 10.0; Win64; x64) AppleWebKit/537.36 (KHTML, like Gecko) Chrome/71.0.3578.98 Safari/537.36" "-"
31.58.80.179 - - [26/Jan/2019:20:26:47 +0330] "GET /image/1168/productModel/100x100 HTTP/1.1" 200 2375 "https://www.zanbil.ir/browse/home-appliances/%D9%84%D9%88%D8%A7%D8%B2%D9%85-%D8%AE%D8%A7%D9%86%DA%AF%DB%8C" "Mozilla/5.0 (Windows NT 10.0; Win64; x64) AppleWebKit/537.36 (KHTML, like Gecko) Chrome/71.0.3578.98 Safari/537.36" "-"
31.58.80.179 - - [26/Jan/2019:20:26:47 +0330] "GET /image/2515/productModel/100x100 HTTP/1.1" 200 2399 "https://www.zanbil.ir/browse/home-appliances/%D9%84%D9%88%D8%A7%D8%B2%D9%85-%D8%AE%D8%A7%D9%86%DA%AF%DB%8C" "Mozilla/5.0 (Windows NT 10.0; Win64; x64) AppleWebKit/537.36 (KHTML, like Gecko) Chrome/71.0.3578.98 Safari/537.36" "-"
31.58.80.179 - - [26/Jan/2019:20:26:47 +0330] "GET /image/3857/productModel/100x100 HTTP/1.1" 200 2693 "https://www.zanbil.ir/browse/home-appliances/%D9%84%D9%88%D8%A7%D8%B2%D9%85-%D8%AE%D8%A7%D9%86%DA%AF%DB%8C" "Mozilla/5.0 (Windows NT 10.0; Win64; x64) AppleWebKit/537.36 (KHTML, like Gecko) Chrome/71.0.3578.98 Safari/537.36" "-"
31.58.80.179 - - [26/Jan/2019:20:26:47 +0330] "GET /image/192/productModel/100x100 HTTP/1.1" 200 2235 "https://www.zanbil.ir/browse/home-appliances/%D9%84%D9%88%D8%A7%D8%B2%D9%85-%D8%AE%D8%A7%D9%86%DA%AF%DB%8C" "Mozilla/5.0 (Windows NT 10.0; Win64; x64) AppleWebKit/537.36 (KHTML, like Gecko) Chrome/71.0.3578.98 Safari/537.36" "-"
31.58.80.179 - - [26/Jan/2019:20:26:47 +0330] "GET /image/58848/productModel/100x100 HTTP/1.1" 200 1957 "https://www.zanbil.ir/browse/home-appliances/%D9%84%D9%88%D8%A7%D8%B2%D9%85-%D8%AE%D8%A7%D9%86%DA%AF%DB%8C" "Mozilla/5.0 (Windows NT 10.0; Win64; x64) AppleWebKit/537.36 (KHTML, like Gecko) Chrome/71.0.3578.98 Safari/537.36" "-"
31.58.80.179 - - [26/Jan/2019:20:26:47 +0330] "GET /image/6458/productModel/100x100 HTTP/1.1" 200 1722 "https://www.zanbil.ir/browse/home-appliances/%D9%84%D9%88%D8%A7%D8%B2%D9%85-%D8%AE%D8%A7%D9%86%DA%AF%DB%8C" "Mozilla/5.0 (Windows NT 10.0; Win64; x64) AppleWebKit/537.36 (KHTML, like Gecko) Chrome/71.0.3578.98 Safari/537.36" "-"
2.185.75.221 - - [26/Jan/2019:20:26:47 +0330] "GET /favicon.ico HTTP/1.1" 200 0 "-" "Mozilla/5.0 (Linux; Android 4.4.4; SAMSUNG SM-J110H Build/KTU84P) AppleWebKit/537.36 (KHTML, like Gecko) SamsungBrowser/2.0 Chrome/34.0.1847.76 Mobile Safari/537.36" "-"
31.58.80.179 - - [26/Jan/2019:20:26:47 +0330] "GET /image/937/productModel/100x100 HTTP/1.1" 200 2239 "https://www.zanbil.ir/browse/home-appliances/%D9%84%D9%88%D8%A7%D8%B2%D9%85-%D8%AE%D8%A7%D9%86%DA%AF%DB%8C" "Mozilla/5.0 (Windows NT 10.0; Win64; x64) AppleWebKit/537.36 (KHTML, like Gecko) Chrome/71.0.3578.98 Safari/537.36" "-"
66.249.66.92 - - [26/Jan/2019:20:26:47 +0330] "GET /static/css/font/wyekan/font.woff HTTP/1.1" 304 0 "-" "Mozilla/5.0 (Linux; Android 6.0.1; Nexus 5X Build/MMB29P) AppleWebKit/537.36 (KHTML, like Gecko) Chrome/41.0.2272.96 Mobile Safari/537.36 (compatible; Googlebot/2.1; +http://www.google.com/bot.html)" "-"
31.58.80.179 - - [26/Jan/2019:20:26:47 +0330] "GET /image/2195/productModel/100x100 HTTP/1.1" 200 1993 "https://www.zanbil.ir/browse/home-appliances/%D9%84%D9%88%D8%A7%D8%B2%D9%85-%D8%AE%D8%A7%D9%86%DA%AF%DB%8C" "Mozilla/5.0 (Windows NT 10.0; Win64; x64) AppleWebKit/537.36 (KHTML, like Gecko) Chrome/71.0.3578.98 Safari/537.36" "-"
31.58.80.179 - - [26/Jan/2019:20:26:47 +0330] "GET /image/2353/productModel/100x100 HTTP/1.1" 200 2355 "https://www.zanbil.ir/browse/home-appliances/%D9%84%D9%88%D8%A7%D8%B2%D9%85-%D8%AE%D8%A7%D9%86%DA%AF%DB%8C" "Mozilla/5.0 (Windows NT 10.0; Win64; x64) AppleWebKit/537.36 (KHTML, like Gecko) Chrome/71.0.3578.98 Safari/537.36" "-"
31.58.80.179 - - [26/Jan/2019:20:26:47 +0330] "GET /image/10069/productModel/100x100 HTTP/1.1" 200 2026 "https://www.zanbil.ir/browse/home-appliances/%D9%84%D9%88%D8%A7%D8%B2%D9%85-%D8%AE%D8%A7%D9%86%DA%AF%DB%8C" "Mozilla/5.0 (Windows NT 10.0; Win64; x64) AppleWebKit/537.36 (KHTML, like Gecko) Chrome/71.0.3578.98 Safari/537.36" "-"
31.58.80.179 - - [26/Jan/2019:20:26:47 +0330] "GET /image/1746/productModel/100x100 HTTP/1.1" 200 2538 "https://www.zanbil.ir/browse/home-appliances/%D9%84%D9%88%D8%A7%D8%B2%D9%85-%D8%AE%D8%A7%D9%86%DA%AF%DB%8C" "Mozilla/5.0 (Windows NT 10.0; Win64; x64) AppleWebKit/537.36 (KHTML, like Gecko) Chrome/71.0.3578.98 Safari/537.36" "-"
31.58.80.179 - - [26/Jan/2019:20:26:47 +0330] "GET /image/1539/productModel/100x100 HTTP/1.1" 200 2269 "https://www.zanbil.ir/browse/home-appliances/%D9%84%D9%88%D8%A7%D8%B2%D9%85-%D8%AE%D8%A7%D9%86%DA%AF%DB%8C" "Mozilla/5.0 (Windows NT 10.0; Win64; x64) AppleWebKit/537.36 (KHTML, like Gecko) Chrome/71.0.3578.98 Safari/537.36" "-"
31.58.80.179 - - [26/Jan/2019:20:26:47 +0330] "GET /image/1458/productModel/100x100 HTTP/1.1" 200 2064 "https://www.zanbil.ir/browse/home-appliances/%D9%84%D9%88%D8%A7%D8%B2%D9%85-%D8%AE%D8%A7%D9%86%DA%AF%DB%8C" "Mozilla/5.0 (Windows NT 10.0; Win64; x64) AppleWebKit/537.36 (KHTML, like Gecko) Chrome/71.0.3578.98 Safari/537.36" "-"
31.58.80.179 - - [26/Jan/2019:20:26:47 +0330] "GET /image/2604/productModel/100x100 HTTP/1.1" 200 1458 "https://www.zanbil.ir/browse/home-appliances/%D9%84%D9%88%D8%A7%D8%B2%D9%85-%D8%AE%D8%A7%D9%86%DA%AF%DB%8C" "Mozilla/5.0 (Windows NT 10.0; Win64; x64) AppleWebKit/537.36 (KHTML, like Gecko) Chrome/71.0.3578.98 Safari/537.36" "-"
31.58.80.179 - - [26/Jan/2019:20:26:47 +0330] "GET /image/15504/productModel/100x100 HTTP/1.1" 200 2637 "https://www.zanbil.ir/browse/home-appliances/%D9%84%D9%88%D8%A7%D8%B2%D9%85-%D8%AE%D8%A7%D9%86%DA%AF%DB%8C" "Mozilla/5.0 (Windows NT 10.0; Win64; x64) AppleWebKit/537.36 (KHTML, like Gecko) Chrome/71.0.3578.98 Safari/537.36" "-"
2.179.216.46 - - [26/Jan/2019:20:26:47 +0330] "GET /favicon.ico HTTP/1.1" 200 0 "-" "Mozilla/5.0 (Windows NT 6.1; rv:64.0) Gecko/20100101 Firefox/64.0" "-"
31.58.80.179 - - [26/Jan/2019:20:26:47 +0330] "GET /image/1185/article/100x100 HTTP/1.1" 200 17461 "https://www.zanbil.ir/browse/home-appliances/%D9%84%D9%88%D8%A7%D8%B2%D9%85-%D8%AE%D8%A7%D9%86%DA%AF%DB%8C" "Mozilla/5.0 (Windows NT 10.0; Win64; x64) AppleWebKit/537.36 (KHTML, like Gecko) Chrome/71.0.3578.98 Safari/537.36" "-"
31.58.80.179 - - [26/Jan/2019:20:26:47 +0330] "GET /image/1184/article/100x100 HTTP/1.1" 200 18792 "https://www.zanbil.ir/browse/home-appliances/%D9%84%D9%88%D8%A7%D8%B2%D9%85-%D8%AE%D8%A7%D9%86%DA%AF%DB%8C" "Mozilla/5.0 (Windows NT 10.0; Win64; x64) AppleWebKit/537.36 (KHTML, like Gecko) Chrome/71.0.3578.98 Safari/537.36" "-"
31.58.80.179 - - [26/Jan/2019:20:26:47 +0330] "GET /image/1178/article/100x100 HTTP/1.1" 200 16857 "https://www.zanbil.ir/browse/home-appliances/%D9%84%D9%88%D8%A7%D8%B2%D9%85-%D8%AE%D8%A7%D9%86%DA%AF%DB%8C" "Mozilla/5.0 (Windows NT 10.0; Win64; x64) AppleWebKit/537.36 (KHTML, like Gecko) Chrome/71.0.3578.98 Safari/537.36" "-"
31.58.80.179 - - [26/Jan/2019:20:26:47 +0330] "GET /image/8872/specialSale?role=e1 HTTP/1.1" 200 11 "https://www.zanbil.ir/browse/home-appliances/%D9%84%D9%88%D8%A7%D8%B2%D9%85-%D8%AE%D8%A7%D9%86%DA%AF%DB%8C" "Mozilla/5.0 (Windows NT 10.0; Win64; x64) AppleWebKit/537.36 (KHTML, like Gecko) Chrome/71.0.3578.98 Safari/537.36" "-"
31.58.80.179 - - [26/Jan/2019:20:26:47 +0330] "GET /image/1174/article/100x100 HTTP/1.1" 200 15481 "https://www.zanbil.ir/browse/home-appliances/%D9%84%D9%88%D8%A7%D8%B2%D9%85-%D8%AE%D8%A7%D9%86%DA%AF%DB%8C" "Mozilla/5.0 (Windows NT 10.0; Win64; x64) AppleWebKit/537.36 (KHTML, like Gecko) Chrome/71.0.3578.98 Safari/537.36" "-"
31.58.80.179 - - [26/Jan/2019:20:26:47 +0330] "GET /image/231/brand HTTP/1.1" 200 2568 "https://www.zanbil.ir/browse/home-appliances/%D9%84%D9%88%D8%A7%D8%B2%D9%85-%D8%AE%D8%A7%D9%86%DA%AF%DB%8C" "Mozilla/5.0 (Windows NT 10.0; Win64; x64) AppleWebKit/537.36 (KHTML, like Gecko) Chrome/71.0.3578.98 Safari/537.36" "-"
31.58.80.179 - - [26/Jan/2019:20:26:47 +0330] "GET /image/8872/specialSale?role=e2 HTTP/1.1" 200 11 "https://www.zanbil.ir/browse/home-appliances/%D9%84%D9%88%D8%A7%D8%B2%D9%85-%D8%AE%D8%A7%D9%86%DA%AF%DB%8C" "Mozilla/5.0 (Windows NT 10.0; Win64; x64) AppleWebKit/537.36 (KHTML, like Gecko) Chrome/71.0.3578.98 Safari/537.36" "-"
5.208.194.43 - - [26/Jan/2019:20:26:47 +0330] "GET /settings/logo HTTP/1.1" 200 4120 "https://www.zanbil.ir/m/product/27707/56265/%DB%8C%D8%AE%DA%86%D8%A7%D9%84-%D9%81%D8%B1%DB%8C%D8%B2%D8%B1-%D8%B3%D8%A7%DB%8C%D8%AF-%D8%A8%D8%A7%DB%8C-%D8%B3%D8%A7%DB%8C%D8%AF-%D8%A8%D9%88%D8%B4-%D9%85%D8%AF%D9%84-KAN56V404" "Mozilla/5.0 (Linux; Android 6.0.1; SAMSUNG SM-G532F Build/MMB29T) AppleWebKit/537.36 (KHTML, like Gecko) SamsungBrowser/8.2 Chrome/63.0.3239.111 Mobile Safari/537.36" "-"
31.58.80.179 - - [26/Jan/2019:20:26:47 +0330] "GET /image/8872/specialSale?role=e3 HTTP/1.1" 200 11 "https://www.zanbil.ir/browse/home-appliances/%D9%84%D9%88%D8%A7%D8%B2%D9%85-%D8%AE%D8%A7%D9%86%DA%AF%DB%8C" "Mozilla/5.0 (Windows NT 10.0; Win64; x64) AppleWebKit/537.36 (KHTML, like Gecko) Chrome/71.0.3578.98 Safari/537.36" "-"
31.58.80.179 - - [26/Jan/2019:20:26:47 +0330] "GET /image/2/brand HTTP/1.1" 200 4842 "https://www.zanbil.ir/browse/home-appliances/%D9%84%D9%88%D8%A7%D8%B2%D9%85-%D8%AE%D8%A7%D9%86%DA%AF%DB%8C" "Mozilla/5.0 (Windows NT 10.0; Win64; x64) AppleWebKit/537.36 (KHTML, like Gecko) Chrome/71.0.3578.98 Safari/537.36" "-"
31.58.80.179 - - [26/Jan/2019:20:26:47 +0330] "GET /image/1/brand HTTP/1.1" 200 3924 "https://www.zanbil.ir/browse/home-appliances/%D9%84%D9%88%D8%A7%D8%B2%D9%85-%D8%AE%D8%A7%D9%86%DA%AF%DB%8C" "Mozilla/5.0 (Windows NT 10.0; Win64; x64) AppleWebKit/537.36 (KHTML, like Gecko) Chrome/71.0.3578.98 Safari/537.36" "-"
5.209.192.21 - - [26/Jan/2019:20:26:47 +0330] "GET /image/65389/productModel/200x200 HTTP/1.1" 200 8602 "https://www.zanbil.ir/m/browse/tv/%D8%AA%D9%84%D9%88%DB%8C%D8%B2%DB%8C%D9%88%D9%86" "Mozilla/5.0 (Linux; Android 7.0; TRT-L21A) AppleWebKit/537.36 (KHTML, like Gecko) Chrome/71.0.3578.99 Mobile Safari/537.36" "-"
31.58.80.179 - - [26/Jan/2019:20:26:47 +0330] "GET /image/136/brand HTTP/1.1" 200 2193 "https://www.zanbil.ir/browse/home-appliances/%D9%84%D9%88%D8%A7%D8%B2%D9%85-%D8%AE%D8%A7%D9%86%DA%AF%DB%8C" "Mozilla/5.0 (Windows NT 10.0; Win64; x64) AppleWebKit/537.36 (KHTML, like Gecko) Chrome/71.0.3578.98 Safari/537.36" "-"
31.58.80.179 - - [26/Jan/2019:20:26:48 +0330] "GET /image/148/brand HTTP/1.1" 200 2490 "https://www.zanbil.ir/browse/home-appliances/%D9%84%D9%88%D8%A7%D8%B2%D9%85-%D8%AE%D8%A7%D9%86%DA%AF%DB%8C" "Mozilla/5.0 (Windows NT 10.0; Win64; x64) AppleWebKit/537.36 (KHTML, like Gecko) Chrome/71.0.3578.98 Safari/537.36" "-"
31.58.80.179 - - [26/Jan/2019:20:26:48 +0330] "GET /image/36/brand HTTP/1.1" 200 2946 "https://www.zanbil.ir/browse/home-appliances/%D9%84%D9%88%D8%A7%D8%B2%D9%85-%D8%AE%D8%A7%D9%86%DA%AF%DB%8C" "Mozilla/5.0 (Windows NT 10.0; Win64; x64) AppleWebKit/537.36 (KHTML, like Gecko) Chrome/71.0.3578.98 Safari/537.36" "-"
31.58.80.179 - - [26/Jan/2019:20:26:48 +0330] "GET /site/enamad HTTP/1.1" 200 278 "https://www.zanbil.ir/browse/home-appliances/%D9%84%D9%88%D8%A7%D8%B2%D9%85-%D8%AE%D8%A7%D9%86%DA%AF%DB%8C" "Mozilla/5.0 (Windows NT 10.0; Win64; x64) AppleWebKit/537.36 (KHTML, like Gecko) Chrome/71.0.3578.98 Safari/537.36" "-"
31.58.80.179 - - [26/Jan/2019:20:26:48 +0330] "GET /image/645/brand HTTP/1.1" 200 2079 "https://www.zanbil.ir/browse/home-appliances/%D9%84%D9%88%D8%A7%D8%B2%D9%85-%D8%AE%D8%A7%D9%86%DA%AF%DB%8C" "Mozilla/5.0 (Windows NT 10.0; Win64; x64) AppleWebKit/537.36 (KHTML, like Gecko) Chrome/71.0.3578.98 Safari/537.36" "-"
31.58.80.179 - - [26/Jan/2019:20:26:48 +0330] "GET /image/3/brand HTTP/1.1" 200 2885 "https://www.zanbil.ir/browse/home-appliances/%D9%84%D9%88%D8%A7%D8%B2%D9%85-%D8%AE%D8%A7%D9%86%DA%AF%DB%8C" "Mozilla/5.0 (Windows NT 10.0; Win64; x64) AppleWebKit/537.36 (KHTML, like Gecko) Chrome/71.0.3578.98 Safari/537.36" "-"
31.58.80.179 - - [26/Jan/2019:20:26:48 +0330] "GET /image/213/brand HTTP/1.1" 200 2328 "https://www.zanbil.ir/browse/home-appliances/%D9%84%D9%88%D8%A7%D8%B2%D9%85-%D8%AE%D8%A7%D9%86%DA%AF%DB%8C" "Mozilla/5.0 (Windows NT 10.0; Win64; x64) AppleWebKit/537.36 (KHTML, like Gecko) Chrome/71.0.3578.98 Safari/537.36" "-"
31.58.80.179 - - [26/Jan/2019:20:26:48 +0330] "GET /image/103/brand HTTP/1.1" 200 2780 "https://www.zanbil.ir/browse/home-appliances/%D9%84%D9%88%D8%A7%D8%B2%D9%85-%D8%AE%D8%A7%D9%86%DA%AF%DB%8C" "Mozilla/5.0 (Windows NT 10.0; Win64; x64) AppleWebKit/537.36 (KHTML, like Gecko) Chrome/71.0.3578.98 Safari/537.36" "-"
31.58.80.179 - - [26/Jan/2019:20:26:48 +0330] "GET /image/135/brand HTTP/1.1" 200 2631 "https://www.zanbil.ir/browse/home-appliances/%D9%84%D9%88%D8%A7%D8%B2%D9%85-%D8%AE%D8%A7%D9%86%DA%AF%DB%8C" "Mozilla/5.0 (Windows NT 10.0; Win64; x64) AppleWebKit/537.36 (KHTML, like Gecko) Chrome/71.0.3578.98 Safari/537.36" "-"
31.58.80.179 - - [26/Jan/2019:20:26:48 +0330] "GET /image/8/brand HTTP/1.1" 200 2427 "https://www.zanbil.ir/browse/home-appliances/%D9%84%D9%88%D8%A7%D8%B2%D9%85-%D8%AE%D8%A7%D9%86%DA%AF%DB%8C" "Mozilla/5.0 (Windows NT 10.0; Win64; x64) AppleWebKit/537.36 (KHTML, like Gecko) Chrome/71.0.3578.98 Safari/537.36" "-"
5.209.192.21 - - [26/Jan/2019:20:26:48 +0330] "GET /image/64662/productModel/200x200 HTTP/1.1" 200 5737 "https://www.zanbil.ir/m/browse/tv/%D8%AA%D9%84%D9%88%DB%8C%D8%B2%DB%8C%D9%88%D9%86" "Mozilla/5.0 (Linux; Android 7.0; TRT-L21A) AppleWebKit/537.36 (KHTML, like Gecko) Chrome/71.0.3578.99 Mobile Safari/537.36" "-"
5.209.192.21 - - [26/Jan/2019:20:26:48 +0330] "GET /image/64267/productModel/200x200 HTTP/1.1" 200 6655 "https://www.zanbil.ir/m/browse/tv/%D8%AA%D9%84%D9%88%DB%8C%D8%B2%DB%8C%D9%88%D9%86" "Mozilla/5.0 (Linux; Android 7.0; TRT-L21A) AppleWebKit/537.36 (KHTML, like Gecko) Chrome/71.0.3578.99 Mobile Safari/537.36" "-"
31.58.80.179 - - [26/Jan/2019:20:26:48 +0330] "GET /image/219/brand HTTP/1.1" 200 2206 "https://www.zanbil.ir/browse/home-appliances/%D9%84%D9%88%D8%A7%D8%B2%D9%85-%D8%AE%D8%A7%D9%86%DA%AF%DB%8C" "Mozilla/5.0 (Windows NT 10.0; Win64; x64) AppleWebKit/537.36 (KHTML, like Gecko) Chrome/71.0.3578.98 Safari/537.36" "-"
31.58.80.179 - - [26/Jan/2019:20:26:48 +0330] "GET /image/614/brand HTTP/1.1" 200 2088 "https://www.zanbil.ir/browse/home-appliances/%D9%84%D9%88%D8%A7%D8%B2%D9%85-%D8%AE%D8%A7%D9%86%DA%AF%DB%8C" "Mozilla/5.0 (Windows NT 10.0; Win64; x64) AppleWebKit/537.36 (KHTML, like Gecko) Chrome/71.0.3578.98 Safari/537.36" "-"
31.58.80.179 - - [26/Jan/2019:20:26:48 +0330] "GET /image/43/brand HTTP/1.1" 200 2376 "https://www.zanbil.ir/browse/home-appliances/%D9%84%D9%88%D8%A7%D8%B2%D9%85-%D8%AE%D8%A7%D9%86%DA%AF%DB%8C" "Mozilla/5.0 (Windows NT 10.0; Win64; x64) AppleWebKit/537.36 (KHTML, like Gecko) Chrome/71.0.3578.98 Safari/537.36" "-"
5.209.192.21 - - [26/Jan/2019:20:26:48 +0330] "GET /image/63222/productModel/200x200 HTTP/1.1" 200 6476 "https://www.zanbil.ir/m/browse/tv/%D8%AA%D9%84%D9%88%DB%8C%D8%B2%DB%8C%D9%88%D9%86" "Mozilla/5.0 (Linux; Android 7.0; TRT-L21A) AppleWebKit/537.36 (KHTML, like Gecko) Chrome/71.0.3578.99 Mobile Safari/537.36" "-"
5.114.204.68 - - [26/Jan/2019:20:26:48 +0330] "GET /settings/logo HTTP/1.1" 200 4120 "https://www.zanbil.ir/basket/view" "Mozilla/5.0 (Linux; Android 4.4.2; GT-N5100) AppleWebKit/537.36 (KHTML, like Gecko) Chrome/70.0.3538.110 Safari/537.36" "-"
31.58.80.179 - - [26/Jan/2019:20:26:48 +0330] "GET /image/615/brand HTTP/1.1" 200 2295 "https://www.zanbil.ir/browse/home-appliances/%D9%84%D9%88%D8%A7%D8%B2%D9%85-%D8%AE%D8%A7%D9%86%DA%AF%DB%8C" "Mozilla/5.0 (Windows NT 10.0; Win64; x64) AppleWebKit/537.36 (KHTML, like Gecko) Chrome/71.0.3578.98 Safari/537.36" "-"
31.58.80.179 - - [26/Jan/2019:20:26:48 +0330] "GET /image/656/brand HTTP/1.1" 200 2222 "https://www.zanbil.ir/browse/home-appliances/%D9%84%D9%88%D8%A7%D8%B2%D9%85-%D8%AE%D8%A7%D9%86%DA%AF%DB%8C" "Mozilla/5.0 (Windows NT 10.0; Win64; x64) AppleWebKit/537.36 (KHTML, like Gecko) Chrome/71.0.3578.98 Safari/537.36" "-"
31.58.80.179 - - [26/Jan/2019:20:26:48 +0330] "GET /image/63/brand HTTP/1.1" 200 3013 "https://www.zanbil.ir/browse/home-appliances/%D9%84%D9%88%D8%A7%D8%B2%D9%85-%D8%AE%D8%A7%D9%86%DA%AF%DB%8C" "Mozilla/5.0 (Windows NT 10.0; Win64; x64) AppleWebKit/537.36 (KHTML, like Gecko) Chrome/71.0.3578.98 Safari/537.36" "-"
5.127.30.116 - - [26/Jan/2019:20:26:48 +0330] "GET /m/filter/p65 HTTP/1.1" 499 0 "https://www-zanbil-ir.cdn.ampproject.org/v/s/www.zanbil.ir/m/filter/b2,p65?amp_js_v=0.1&usqp=mq331AQECAEoAQ%3D%3D" "Mozilla/5.0 (Linux; Android 8.0.0; SM-A730F) AppleWebKit/537.36 (KHTML, like Gecko) Chrome/71.0.3578.99 Mobile Safari/537.36" "-"
31.58.80.179 - - [26/Jan/2019:20:26:48 +0330] "GET /image/168/brand HTTP/1.1" 200 2398 "https://www.zanbil.ir/browse/home-appliances/%D9%84%D9%88%D8%A7%D8%B2%D9%85-%D8%AE%D8%A7%D9%86%DA%AF%DB%8C" "Mozilla/5.0 (Windows NT 10.0; Win64; x64) AppleWebKit/537.36 (KHTML, like Gecko) Chrome/71.0.3578.98 Safari/537.36" "-"
31.58.80.179 - - [26/Jan/2019:20:26:48 +0330] "GET /image/180/brand HTTP/1.1" 200 2566 "https://www.zanbil.ir/browse/home-appliances/%D9%84%D9%88%D8%A7%D8%B2%D9%85-%D8%AE%D8%A7%D9%86%DA%AF%DB%8C" "Mozilla/5.0 (Windows NT 10.0; Win64; x64) AppleWebKit/537.36 (KHTML, like Gecko) Chrome/71.0.3578.98 Safari/537.36" "-"
31.58.80.179 - - [26/Jan/2019:20:26:48 +0330] "GET /image/32/brand HTTP/1.1" 200 2161 "https://www.zanbil.ir/browse/home-appliances/%D9%84%D9%88%D8%A7%D8%B2%D9%85-%D8%AE%D8%A7%D9%86%DA%AF%DB%8C" "Mozilla/5.0 (Windows NT 10.0; Win64; x64) AppleWebKit/537.36 (KHTML, like Gecko) Chrome/71.0.3578.98 Safari/537.36" "-"
31.58.80.179 - - [26/Jan/2019:20:26:48 +0330] "GET /image/613/brand HTTP/1.1" 200 2119 "https://www.zanbil.ir/browse/home-appliances/%D9%84%D9%88%D8%A7%D8%B2%D9%85-%D8%AE%D8%A7%D9%86%DA%AF%DB%8C" "Mozilla/5.0 (Windows NT 10.0; Win64; x64) AppleWebKit/537.36 (KHTML, like Gecko) Chrome/71.0.3578.98 Safari/537.36" "-"
31.58.80.179 - - [26/Jan/2019:20:26:48 +0330] "GET /image/485/brand HTTP/1.1" 200 2288 "https://www.zanbil.ir/browse/home-appliances/%D9%84%D9%88%D8%A7%D8%B2%D9%85-%D8%AE%D8%A7%D9%86%DA%AF%DB%8C" "Mozilla/5.0 (Windows NT 10.0; Win64; x64) AppleWebKit/537.36 (KHTML, like Gecko) Chrome/71.0.3578.98 Safari/537.36" "-"
31.58.80.179 - - [26/Jan/2019:20:26:48 +0330] "GET /image/126/brand HTTP/1.1" 200 2436 "https://www.zanbil.ir/browse/home-appliances/%D9%84%D9%88%D8%A7%D8%B2%D9%85-%D8%AE%D8%A7%D9%86%DA%AF%DB%8C" "Mozilla/5.0 (Windows NT 10.0; Win64; x64) AppleWebKit/537.36 (KHTML, like Gecko) Chrome/71.0.3578.98 Safari/537.36" "-"
31.58.80.179 - - [26/Jan/2019:20:26:48 +0330] "GET /image/42/brand HTTP/1.1" 200 3470 "https://www.zanbil.ir/browse/home-appliances/%D9%84%D9%88%D8%A7%D8%B2%D9%85-%D8%AE%D8%A7%D9%86%DA%AF%DB%8C" "Mozilla/5.0 (Windows NT 10.0; Win64; x64) AppleWebKit/537.36 (KHTML, like Gecko) Chrome/71.0.3578.98 Safari/537.36" "-"
31.58.80.179 - - [26/Jan/2019:20:26:48 +0330] "GET /image/647/brand HTTP/1.1" 200 2943 "https://www.zanbil.ir/browse/home-appliances/%D9%84%D9%88%D8%A7%D8%B2%D9%85-%D8%AE%D8%A7%D9%86%DA%AF%DB%8C" "Mozilla/5.0 (Windows NT 10.0; Win64; x64) AppleWebKit/537.36 (KHTML, like Gecko) Chrome/71.0.3578.98 Safari/537.36" "-"
31.58.80.179 - - [26/Jan/2019:20:26:48 +0330] "GET /image/20/brand HTTP/1.1" 200 1958 "https://www.zanbil.ir/browse/home-appliances/%D9%84%D9%88%D8%A7%D8%B2%D9%85-%D8%AE%D8%A7%D9%86%DA%AF%DB%8C" "Mozilla/5.0 (Windows NT 10.0; Win64; x64) AppleWebKit/537.36 (KHTML, like Gecko) Chrome/71.0.3578.98 Safari/537.36" "-"
31.58.80.179 - - [26/Jan/2019:20:26:48 +0330] "GET /site/alexaGooleAnalitic HTTP/1.1" 200 323 "https://www.zanbil.ir/browse/home-appliances/%D9%84%D9%88%D8%A7%D8%B2%D9%85-%D8%AE%D8%A7%D9%86%DA%AF%DB%8C" "Mozilla/5.0 (Windows NT 10.0; Win64; x64) AppleWebKit/537.36 (KHTML, like Gecko) Chrome/71.0.3578.98 Safari/537.36" "-"
31.58.80.179 - - [26/Jan/2019:20:26:48 +0330] "GET /image/151/brand HTTP/1.1" 200 2572 "https://www.zanbil.ir/browse/home-appliances/%D9%84%D9%88%D8%A7%D8%B2%D9%85-%D8%AE%D8%A7%D9%86%DA%AF%DB%8C" "Mozilla/5.0 (Windows NT 10.0; Win64; x64) AppleWebKit/537.36 (KHTML, like Gecko) Chrome/71.0.3578.98 Safari/537.36" "-"
31.58.80.179 - - [26/Jan/2019:20:26:48 +0330] "GET /image/88/brand HTTP/1.1" 200 2322 "https://www.zanbil.ir/browse/home-appliances/%D9%84%D9%88%D8%A7%D8%B2%D9%85-%D8%AE%D8%A7%D9%86%DA%AF%DB%8C" "Mozilla/5.0 (Windows NT 10.0; Win64; x64) AppleWebKit/537.36 (KHTML, like Gecko) Chrome/71.0.3578.98 Safari/537.36" "-"
31.58.80.179 - - [26/Jan/2019:20:26:48 +0330] "GET /image/99/brand HTTP/1.1" 200 2136 "https://www.zanbil.ir/browse/home-appliances/%D9%84%D9%88%D8%A7%D8%B2%D9%85-%D8%AE%D8%A7%D9%86%DA%AF%DB%8C" "Mozilla/5.0 (Windows NT 10.0; Win64; x64) AppleWebKit/537.36 (KHTML, like Gecko) Chrome/71.0.3578.98 Safari/537.36" "-"
151.239.2.90 - - [26/Jan/2019:20:26:48 +0330] "GET /product/33968/65415/%DA%AF%D9%88%D8%B4%DB%8C-%D9%85%D9%88%D8%A8%D8%A7%DB%8C%D9%84-%D8%B3%D8%A7%D9%85%D8%B3%D9%88%D9%86%DA%AF-%D9%85%D8%AF%D9%84-Galaxy-J6-Plus-%282018%29-Dual-32GB-%28J610F-DS%29 HTTP/1.1" 200 42595 "https://www.zanbil.ir/product/33960/64746/%DA%AF%D9%88%D8%B4%DB%8C-%D9%85%D9%88%D8%A8%D8%A7%DB%8C%D9%84-%D8%B3%D8%A7%D9%85%D8%B3%D9%88%D9%86%DA%AF-%D9%85%D8%AF%D9%84-Galaxy-J6-%282018%29-Dual-32GB-%28J600F-DS%29" "Mozilla/5.0 (Windows NT 10.0; Win64; x64; rv:64.0) Gecko/20100101 Firefox/64.0" "-"
31.58.80.179 - - [26/Jan/2019:20:26:48 +0330] "GET /image/185/brand HTTP/1.1" 200 2299 "https://www.zanbil.ir/browse/home-appliances/%D9%84%D9%88%D8%A7%D8%B2%D9%85-%D8%AE%D8%A7%D9%86%DA%AF%DB%8C" "Mozilla/5.0 (Windows NT 10.0; Win64; x64) AppleWebKit/537.36 (KHTML, like Gecko) Chrome/71.0.3578.98 Safari/537.36" "-"
31.58.80.179 - - [26/Jan/2019:20:26:48 +0330] "GET /image/648/brand HTTP/1.1" 200 2143 "https://www.zanbil.ir/browse/home-appliances/%D9%84%D9%88%D8%A7%D8%B2%D9%85-%D8%AE%D8%A7%D9%86%DA%AF%DB%8C" "Mozilla/5.0 (Windows NT 10.0; Win64; x64) AppleWebKit/537.36 (KHTML, like Gecko) Chrome/71.0.3578.98 Safari/537.36" "-"
31.58.80.179 - - [26/Jan/2019:20:26:48 +0330] "GET /image/35/brand HTTP/1.1" 200 2264 "https://www.zanbil.ir/browse/home-appliances/%D9%84%D9%88%D8%A7%D8%B2%D9%85-%D8%AE%D8%A7%D9%86%DA%AF%DB%8C" "Mozilla/5.0 (Windows NT 10.0; Win64; x64) AppleWebKit/537.36 (KHTML, like Gecko) Chrome/71.0.3578.98 Safari/537.36" "-"
31.58.80.179 - - [26/Jan/2019:20:26:48 +0330] "GET /image/67/brand HTTP/1.1" 200 2312 "https://www.zanbil.ir/browse/home-appliances/%D9%84%D9%88%D8%A7%D8%B2%D9%85-%D8%AE%D8%A7%D9%86%DA%AF%DB%8C" "Mozilla/5.0 (Windows NT 10.0; Win64; x64) AppleWebKit/537.36 (KHTML, like Gecko) Chrome/71.0.3578.98 Safari/537.36" "-"
31.58.80.179 - - [26/Jan/2019:20:26:48 +0330] "GET /image/193/brand HTTP/1.1" 200 2468 "https://www.zanbil.ir/browse/home-appliances/%D9%84%D9%88%D8%A7%D8%B2%D9%85-%D8%AE%D8%A7%D9%86%DA%AF%DB%8C" "Mozilla/5.0 (Windows NT 10.0; Win64; x64) AppleWebKit/537.36 (KHTML, like Gecko) Chrome/71.0.3578.98 Safari/537.36" "-"
31.58.80.179 - - [26/Jan/2019:20:26:48 +0330] "GET /image/877/brand HTTP/1.1" 200 3121 "https://www.zanbil.ir/browse/home-appliances/%D9%84%D9%88%D8%A7%D8%B2%D9%85-%D8%AE%D8%A7%D9%86%DA%AF%DB%8C" "Mozilla/5.0 (Windows NT 10.0; Win64; x64) AppleWebKit/537.36 (KHTML, like Gecko) Chrome/71.0.3578.98 Safari/537.36" "-"
31.58.80.179 - - [26/Jan/2019:20:26:48 +0330] "GET /image/143/brand HTTP/1.1" 200 2420 "https://www.zanbil.ir/browse/home-appliances/%D9%84%D9%88%D8%A7%D8%B2%D9%85-%D8%AE%D8%A7%D9%86%DA%AF%DB%8C" "Mozilla/5.0 (Windows NT 10.0; Win64; x64) AppleWebKit/537.36 (KHTML, like Gecko) Chrome/71.0.3578.98 Safari/537.36" "-"
31.58.80.179 - - [26/Jan/2019:20:26:48 +0330] "GET /image/890/brand HTTP/1.1" 200 3094 "https://www.zanbil.ir/browse/home-appliances/%D9%84%D9%88%D8%A7%D8%B2%D9%85-%D8%AE%D8%A7%D9%86%DA%AF%DB%8C" "Mozilla/5.0 (Windows NT 10.0; Win64; x64) AppleWebKit/537.36 (KHTML, like Gecko) Chrome/71.0.3578.98 Safari/537.36" "-"
31.58.80.179 - - [26/Jan/2019:20:26:48 +0330] "GET /image/58/brand HTTP/1.1" 200 2349 "https://www.zanbil.ir/browse/home-appliances/%D9%84%D9%88%D8%A7%D8%B2%D9%85-%D8%AE%D8%A7%D9%86%DA%AF%DB%8C" "Mozilla/5.0 (Windows NT 10.0; Win64; x64) AppleWebKit/537.36 (KHTML, like Gecko) Chrome/71.0.3578.98 Safari/537.36" "-"
31.58.80.179 - - [26/Jan/2019:20:26:48 +0330] "GET /image/33/brand HTTP/1.1" 200 2328 "https://www.zanbil.ir/browse/home-appliances/%D9%84%D9%88%D8%A7%D8%B2%D9%85-%D8%AE%D8%A7%D9%86%DA%AF%DB%8C" "Mozilla/5.0 (Windows NT 10.0; Win64; x64) AppleWebKit/537.36 (KHTML, like Gecko) Chrome/71.0.3578.98 Safari/537.36" "-"
31.58.80.179 - - [26/Jan/2019:20:26:48 +0330] "GET /image/153/brand HTTP/1.1" 200 2566 "https://www.zanbil.ir/browse/home-appliances/%D9%84%D9%88%D8%A7%D8%B2%D9%85-%D8%AE%D8%A7%D9%86%DA%AF%DB%8C" "Mozilla/5.0 (Windows NT 10.0; Win64; x64) AppleWebKit/537.36 (KHTML, like Gecko) Chrome/71.0.3578.98 Safari/537.36" "-"
5.114.116.163 - - [26/Jan/2019:20:26:48 +0330] "GET /settings/logo HTTP/1.1" 200 4120 "https://www.zanbil.ir/m/product/26531/54272/%D9%85%D8%A7%D8%B4%DB%8C%D9%86-%D8%B8%D8%B1%D9%81%D8%B4%D9%88%DB%8C%DB%8C-%D8%A7%DB%8C%D8%B3%D8%AA%D8%A7%D8%AF%D9%87-%D8%A7%D9%84-%D8%AC%DB%8C-%D9%85%D8%AF%D9%84-DC34W" "Mozilla/5.0 (Linux; Android 6.0.1; MI 4W Build/MMB29M) AppleWebKit/537.36 (KHTML, like Gecko) Chrome/67.0.3396.87 Mobile Safari/537.36" "-"
31.58.80.179 - - [26/Jan/2019:20:26:48 +0330] "GET /image/542/brand HTTP/1.1" 200 9804 "https://www.zanbil.ir/browse/home-appliances/%D9%84%D9%88%D8%A7%D8%B2%D9%85-%D8%AE%D8%A7%D9%86%DA%AF%DB%8C" "Mozilla/5.0 (Windows NT 10.0; Win64; x64) AppleWebKit/537.36 (KHTML, like Gecko) Chrome/71.0.3578.98 Safari/537.36" "-"
31.58.80.179 - - [26/Jan/2019:20:26:48 +0330] "GET /image/132/brand HTTP/1.1" 200 2416 "https://www.zanbil.ir/browse/home-appliances/%D9%84%D9%88%D8%A7%D8%B2%D9%85-%D8%AE%D8%A7%D9%86%DA%AF%DB%8C" "Mozilla/5.0 (Windows NT 10.0; Win64; x64) AppleWebKit/537.36 (KHTML, like Gecko) Chrome/71.0.3578.98 Safari/537.36" "-"
31.58.80.179 - - [26/Jan/2019:20:26:48 +0330] "GET /image/215/brand HTTP/1.1" 200 2353 "https://www.zanbil.ir/browse/home-appliances/%D9%84%D9%88%D8%A7%D8%B2%D9%85-%D8%AE%D8%A7%D9%86%DA%AF%DB%8C" "Mozilla/5.0 (Windows NT 10.0; Win64; x64) AppleWebKit/537.36 (KHTML, like Gecko) Chrome/71.0.3578.98 Safari/537.36" "-"
83.121.64.245 - - [26/Jan/2019:20:26:48 +0330] "GET /m/search/%D9%82%DB%8C%D9%85%D8%AA-%D8%B3%D8%B4%D9%88%D8%A7%D8%B1-%D8%A8%D8%A7%D8%A8%DB%8C%D9%84%DB%8C%D8%B3-E6611 HTTP/1.1" 200 17039 "https://www.zanbil.ir/m/search/%D8%B3%D8%B4%D9%88%D8%A7%D8%B1-%D8%A8%D8%A7%D8%A8%DB%8C%D9%84%DB%8C%D8%B3-%DB%B6%DB%B6%DB%B1%DB%B1" "Mozilla/5.0 (iPhone; CPU iPhone OS 12_1_2 like Mac OS X) AppleWebKit/605.1.15 (KHTML, like Gecko) FxiOS/14.0b12646 Mobile/16C101 Safari/605.1.15" "-"
31.58.80.179 - - [26/Jan/2019:20:26:48 +0330] "GET /image/900/brand HTTP/1.1" 200 4424 "https://www.zanbil.ir/browse/home-appliances/%D9%84%D9%88%D8%A7%D8%B2%D9%85-%D8%AE%D8%A7%D9%86%DA%AF%DB%8C" "Mozilla/5.0 (Windows NT 10.0; Win64; x64) AppleWebKit/537.36 (KHTML, like Gecko) Chrome/71.0.3578.98 Safari/537.36" "-"
188.229.122.254 - - [26/Jan/2019:20:26:48 +0330] "GET /image/33719?name=des-2700gw-11.jpg&wh=200x200 HTTP/1.1" 200 3274 "https://torob.com/p/b3cedf0e-c6f2-4191-ae7d-19ed5e7b758a/%DB%8C%D8%AE%DA%86%D8%A7%D9%84-%D8%B3%D8%A7%DB%8C%D8%AF-%D8%A8%D8%A7%DB%8C-%D8%B3%D8%A7%DB%8C%D8%AF-%D8%A7%D9%84%DA%A9%D8%AA%D8%B1%D9%88%D8%A7%D8%B3%D8%AA%DB%8C%D9%84-es-51-_-%D8%B3%D9%81%DB%8C%D8%AF-%DA%86%D8%B1%D9%85%DB%8C/?referer=amp" "Mozilla/5.0 (Linux; Android 8.1.0; SAMSUNG SM-J701F Build/M1AJQ) AppleWebKit/537.36 (KHTML, like Gecko) SamsungBrowser/7.2 Chrome/59.0.3071.125 Mobile Safari/537.36" "-"
31.58.80.179 - - [26/Jan/2019:20:26:48 +0330] "GET /image/883/brand HTTP/1.1" 200 3126 "https://www.zanbil.ir/browse/home-appliances/%D9%84%D9%88%D8%A7%D8%B2%D9%85-%D8%AE%D8%A7%D9%86%DA%AF%DB%8C" "Mozilla/5.0 (Windows NT 10.0; Win64; x64) AppleWebKit/537.36 (KHTML, like Gecko) Chrome/71.0.3578.98 Safari/537.36" "-"
31.58.80.179 - - [26/Jan/2019:20:26:48 +0330] "GET /image/888/brand HTTP/1.1" 200 3150 "https://www.zanbil.ir/browse/home-appliances/%D9%84%D9%88%D8%A7%D8%B2%D9%85-%D8%AE%D8%A7%D9%86%DA%AF%DB%8C" "Mozilla/5.0 (Windows NT 10.0; Win64; x64) AppleWebKit/537.36 (KHTML, like Gecko) Chrome/71.0.3578.98 Safari/537.36" "-"
151.239.2.90 - - [26/Jan/2019:20:26:48 +0330] "GET /static/bundle-bundle_site_head.css HTTP/1.1" 499 0 "https://www.zanbil.ir/product/33968/65415/%DA%AF%D9%88%D8%B4%DB%8C-%D9%85%D9%88%D8%A8%D8%A7%DB%8C%D9%84-%D8%B3%D8%A7%D9%85%D8%B3%D9%88%D9%86%DA%AF-%D9%85%D8%AF%D9%84-Galaxy-J6-Plus-%282018%29-Dual-32GB-%28J610F-DS%29" "Mozilla/5.0 (Windows NT 10.0; Win64; x64; rv:64.0) Gecko/20100101 Firefox/64.0" "-"
31.58.80.179 - - [26/Jan/2019:20:26:48 +0330] "GET /image/133/brand HTTP/1.1" 200 2169 "https://www.zanbil.ir/browse/home-appliances/%D9%84%D9%88%D8%A7%D8%B2%D9%85-%D8%AE%D8%A7%D9%86%DA%AF%DB%8C" "Mozilla/5.0 (Windows NT 10.0; Win64; x64) AppleWebKit/537.36 (KHTML, like Gecko) Chrome/71.0.3578.98 Safari/537.36" "-"
5.217.49.231 - - [26/Jan/2019:20:26:48 +0330] "GET /image/55649/productModel/200x200 HTTP/1.1" 200 3516 "https://www.zanbil.ir/m/filter/b2%2Cp5" "Mozilla/5.0 (Linux; Android 8.0.0; SM-A520F) AppleWebKit/537.36 (KHTML, like Gecko) Chrome/71.0.3578.99 Mobile Safari/537.36" "-"
31.58.80.179 - - [26/Jan/2019:20:26:48 +0330] "GET /image/246/brand HTTP/1.1" 200 2103 "https://www.zanbil.ir/browse/home-appliances/%D9%84%D9%88%D8%A7%D8%B2%D9%85-%D8%AE%D8%A7%D9%86%DA%AF%DB%8C" "Mozilla/5.0 (Windows NT 10.0; Win64; x64) AppleWebKit/537.36 (KHTML, like Gecko) Chrome/71.0.3578.98 Safari/537.36" "-"
188.229.122.254 - - [26/Jan/2019:20:26:48 +0330] "GET /image/22997?name=%D9%87%D8%A7%DB%8C%D8%B3%D9%86%D8%B31.jpg&wh=200x200 HTTP/1.1" 200 4664 "https://torob.com/p/b3cedf0e-c6f2-4191-ae7d-19ed5e7b758a/%DB%8C%D8%AE%DA%86%D8%A7%D9%84-%D8%B3%D8%A7%DB%8C%D8%AF-%D8%A8%D8%A7%DB%8C-%D8%B3%D8%A7%DB%8C%D8%AF-%D8%A7%D9%84%DA%A9%D8%AA%D8%B1%D9%88%D8%A7%D8%B3%D8%AA%DB%8C%D9%84-es-51-_-%D8%B3%D9%81%DB%8C%D8%AF-%DA%86%D8%B1%D9%85%DB%8C/?referer=amp" "Mozilla/5.0 (Linux; Android 8.1.0; SAMSUNG SM-J701F Build/M1AJQ) AppleWebKit/537.36 (KHTML, like Gecko) SamsungBrowser/7.2 Chrome/59.0.3071.125 Mobile Safari/537.36" "-"
178.131.193.155 - - [26/Jan/2019:20:26:48 +0330] "GET /image/63696/productModel/150x150 HTTP/1.1" 200 2958 "https://www.zanbil.ir/browse/scapula-and-shoulder-massager/%D9%85%D8%A7%D8%B3%D8%A7%DA%98%D9%88%D8%B1-%DA%A9%D8%AA%D9%81-%D9%88-%D8%B4%D8%A7%D9%86%D9%87" "Mozilla/5.0 (Windows NT 6.1) AppleWebKit/537.36 (KHTML, like Gecko) Chrome/71.0.3578.98 Safari/537.36" "-"
31.58.80.179 - - [26/Jan/2019:20:26:48 +0330] "GET /image/131/brand HTTP/1.1" 200 2599 "https://www.zanbil.ir/browse/home-appliances/%D9%84%D9%88%D8%A7%D8%B2%D9%85-%D8%AE%D8%A7%D9%86%DA%AF%DB%8C" "Mozilla/5.0 (Windows NT 10.0; Win64; x64) AppleWebKit/537.36 (KHTML, like Gecko) Chrome/71.0.3578.98 Safari/537.36" "-"
31.58.80.179 - - [26/Jan/2019:20:26:48 +0330] "GET /image/904/brand HTTP/1.1" 200 7339 "https://www.zanbil.ir/browse/home-appliances/%D9%84%D9%88%D8%A7%D8%B2%D9%85-%D8%AE%D8%A7%D9%86%DA%AF%DB%8C" "Mozilla/5.0 (Windows NT 10.0; Win64; x64) AppleWebKit/537.36 (KHTML, like Gecko) Chrome/71.0.3578.98 Safari/537.36" "-"
31.58.80.179 - - [26/Jan/2019:20:26:48 +0330] "GET /image/258/brand HTTP/1.1" 200 2322 "https://www.zanbil.ir/browse/home-appliances/%D9%84%D9%88%D8%A7%D8%B2%D9%85-%D8%AE%D8%A7%D9%86%DA%AF%DB%8C" "Mozilla/5.0 (Windows NT 10.0; Win64; x64) AppleWebKit/537.36 (KHTML, like Gecko) Chrome/71.0.3578.98 Safari/537.36" "-"
31.58.80.179 - - [26/Jan/2019:20:26:48 +0330] "GET /image/632/brand HTTP/1.1" 200 2473 "https://www.zanbil.ir/browse/home-appliances/%D9%84%D9%88%D8%A7%D8%B2%D9%85-%D8%AE%D8%A7%D9%86%DA%AF%DB%8C" "Mozilla/5.0 (Windows NT 10.0; Win64; x64) AppleWebKit/537.36 (KHTML, like Gecko) Chrome/71.0.3578.98 Safari/537.36" "-"
31.58.80.179 - - [26/Jan/2019:20:26:48 +0330] "GET /image/152/brand HTTP/1.1" 200 2202 "https://www.zanbil.ir/browse/home-appliances/%D9%84%D9%88%D8%A7%D8%B2%D9%85-%D8%AE%D8%A7%D9%86%DA%AF%DB%8C" "Mozilla/5.0 (Windows NT 10.0; Win64; x64) AppleWebKit/537.36 (KHTML, like Gecko) Chrome/71.0.3578.98 Safari/537.36" "-"
2.185.75.221 - - [26/Jan/2019:20:26:48 +0330] "GET /settings/logo HTTP/1.1" 200 4120 "https://www.zanbil.ir/m/filter/p41%2Ct64?name=%DA%A9%D9%88%D9%84%D8%B1-%DA%AF%D8%A7%D8%B2%DB%8C&productType=air-conditioner-split&page=1" "Mozilla/5.0 (Linux; Android 4.4.4; SAMSUNG SM-J110H Build/KTU84P) AppleWebKit/537.36 (KHTML, like Gecko) SamsungBrowser/2.0 Chrome/34.0.1847.76 Mobile Safari/537.36" "-"
5.212.39.244 - - [26/Jan/2019:20:26:48 +0330] "GET /settings/logo HTTP/1.1" 200 4120 "https://www.zanbil.ir/m/filter/b246%2Cp4" "Mozilla/5.0 (Linux; Android 4.4.4; GT-I9060I Build/KTU84P) AppleWebKit/537.36 (KHTML, like Gecko) Chrome/40.0.2214.109 Mobile Safari/537.36" "-"
31.58.80.179 - - [26/Jan/2019:20:26:48 +0330] "GET /image/886/brand HTTP/1.1" 200 3860 "https://www.zanbil.ir/browse/home-appliances/%D9%84%D9%88%D8%A7%D8%B2%D9%85-%D8%AE%D8%A7%D9%86%DA%AF%DB%8C" "Mozilla/5.0 (Windows NT 10.0; Win64; x64) AppleWebKit/537.36 (KHTML, like Gecko) Chrome/71.0.3578.98 Safari/537.36" "-"
178.131.193.155 - - [26/Jan/2019:20:26:48 +0330] "GET /static/images/not-exists.png HTTP/1.1" 200 2471 "https://www.zanbil.ir/browse/scapula-and-shoulder-massager/%D9%85%D8%A7%D8%B3%D8%A7%DA%98%D9%88%D8%B1-%DA%A9%D8%AA%D9%81-%D9%88-%D8%B4%D8%A7%D9%86%D9%87" "Mozilla/5.0 (Windows NT 6.1) AppleWebKit/537.36 (KHTML, like Gecko) Chrome/71.0.3578.98 Safari/537.36" "-"
