5.234.252.242 - - [26/Jan/2019:20:26:21 +0330] "GET /image/64757/productModel/100x100 HTTP/1.1" 200 2402 "https://www.zanbil.ir/browse/cell-phone/%DA%AF%D9%88%D8%B4%DB%8C-%D9%85%D9%88%D8%A8%D8%A7%DB%8C%D9%84" "Mozilla/5.0 (Windows NT 6.1) AppleWebKit/537.36 (KHTML, like Gecko) Chrome/71.0.3578.98 Safari/537.36" "-"
5.234.252.242 - - [26/Jan/2019:20:26:21 +0330] "GET /image/64746/productModel/100x100 HTTP/1.1" 200 1990 "https://www.zanbil.ir/browse/cell-phone/%DA%AF%D9%88%D8%B4%DB%8C-%D9%85%D9%88%D8%A8%D8%A7%DB%8C%D9%84" "Mozilla/5.0 (Windows NT 6.1) AppleWebKit/537.36 (KHTML, like Gecko) Chrome/71.0.3578.98 Safari/537.36" "-"
5.234.252.242 - - [26/Jan/2019:20:26:21 +0330] "GET /image/65269/productModel/100x100 HTTP/1.1" 200 2411 "https://www.zanbil.ir/browse/cell-phone/%DA%AF%D9%88%D8%B4%DB%8C-%D9%85%D9%88%D8%A8%D8%A7%DB%8C%D9%84" "Mozilla/5.0 (Windows NT 6.1) AppleWebKit/537.36 (KHTML, like Gecko) Chrome/71.0.3578.98 Safari/537.36" "-"
89.36.176.81 - - [26/Jan/2019:20:26:21 +0330] "GET /m/filter/p29%2Ct190?name=%D9%87%D9%85%D8%B2%D9%86&productType=mixer HTTP/1.1" 200 19571 "https://www-zanbil-ir.cdn.ampproject.org/v/s/www.zanbil.ir/m/browse/mixer/%D9%87%D9%85%D8%B2%D9%86?amp_js_v=0.1&usqp=mq331AQECAEoAQ%3D%3D" "Mozilla/5.0 (Linux; Android 7.0; SM-J530F Build/NRD90M) AppleWebKit/537.36 (KHTML, like Gecko) Chrome/69.0.3497.100 Mobile Safari/537.36" "-"
5.234.252.242 - - [26/Jan/2019:20:26:21 +0330] "GET /image/65272/productModel/100x100 HTTP/1.1" 200 1911 "https://www.zanbil.ir/browse/cell-phone/%DA%AF%D9%88%D8%B4%DB%8C-%D9%85%D9%88%D8%A8%D8%A7%DB%8C%D9%84" "Mozilla/5.0 (Windows NT 6.1) AppleWebKit/537.36 (KHTML, like Gecko) Chrome/71.0.3578.98 Safari/537.36" "-"
151.239.33.138 - - [26/Jan/2019:20:26:21 +0330] "GET /static/images/icons/info.png HTTP/1.1" 200 3736 "https://znbl.ir/static/bundle-bundle_site_head.css" "Mozilla/5.0 (Windows NT 6.1; Win64; x64) AppleWebKit/537.36 (KHTML, like Gecko) Chrome/71.0.3578.98 Safari/537.36" "-"
5.234.252.242 - - [26/Jan/2019:20:26:21 +0330] "GET /image/64784/productModel/100x100 HTTP/1.1" 200 2247 "https://www.zanbil.ir/browse/cell-phone/%DA%AF%D9%88%D8%B4%DB%8C-%D9%85%D9%88%D8%A8%D8%A7%DB%8C%D9%84" "Mozilla/5.0 (Windows NT 6.1) AppleWebKit/537.36 (KHTML, like Gecko) Chrome/71.0.3578.98 Safari/537.36" "-"
89.34.41.26 - - [26/Jan/2019:20:26:21 +0330] "GET /image/4261?name=sr-t288-2222.jpg&wh=300x300 HTTP/1.1" 200 4928 "https://www.google.com/" "Mozilla/5.0 (Linux; Android 7.0; SM-A710F Build/NRD90M; wv) AppleWebKit/537.36 (KHTML, like Gecko) Version/4.0 Chrome/71.0.3578.99 Mobile Safari/537.36 GSA/9.0.5.21.arm" "-"
78.38.183.40 - - [26/Jan/2019:20:26:21 +0330] "GET /image/21568?name=13.jpg&wh=max HTTP/1.1" 200 34687 "-" "Mozilla/5.0 (Linux; U; Android 4.2.1; fa-ir; HUAWEI G610-U20 Build/HuaweiG610-U20) AppleWebKit/534.30 (KHTML, like Gecko) Version/4.0 Mobile Safari/534.30 GSA/3.2.17.1009776.arm" "-"
5.234.252.242 - - [26/Jan/2019:20:26:21 +0330] "GET /image/65274/productModel/100x100 HTTP/1.1" 200 2103 "https://www.zanbil.ir/browse/cell-phone/%DA%AF%D9%88%D8%B4%DB%8C-%D9%85%D9%88%D8%A8%D8%A7%DB%8C%D9%84" "Mozilla/5.0 (Windows NT 6.1) AppleWebKit/537.36 (KHTML, like Gecko) Chrome/71.0.3578.98 Safari/537.36" "-"
5.115.39.201 - - [26/Jan/2019:20:26:21 +0330] "GET /favicon.ico HTTP/1.1" 200 0 "https://www.zanbil.ir/m/track" "Mozilla/5.0 (Linux; Android 4.3; LT29i) AppleWebKit/537.36 (KHTML, like Gecko) Chrome/70.0.3538.110 Mobile Safari/537.36" "-"
5.234.252.242 - - [26/Jan/2019:20:26:21 +0330] "GET /image/1141/article/100x100 HTTP/1.1" 200 12789 "https://www.zanbil.ir/browse/cell-phone/%DA%AF%D9%88%D8%B4%DB%8C-%D9%85%D9%88%D8%A8%D8%A7%DB%8C%D9%84" "Mozilla/5.0 (Windows NT 6.1) AppleWebKit/537.36 (KHTML, like Gecko) Chrome/71.0.3578.98 Safari/537.36" "-"
5.234.252.242 - - [26/Jan/2019:20:26:21 +0330] "GET /image/1123/article/100x100 HTTP/1.1" 200 10179 "https://www.zanbil.ir/browse/cell-phone/%DA%AF%D9%88%D8%B4%DB%8C-%D9%85%D9%88%D8%A8%D8%A7%DB%8C%D9%84" "Mozilla/5.0 (Windows NT 6.1) AppleWebKit/537.36 (KHTML, like Gecko) Chrome/71.0.3578.98 Safari/537.36" "-"
5.234.252.242 - - [26/Jan/2019:20:26:21 +0330] "GET /image/584/article/100x100 HTTP/1.1" 200 10692 "https://www.zanbil.ir/browse/cell-phone/%DA%AF%D9%88%D8%B4%DB%8C-%D9%85%D9%88%D8%A8%D8%A7%DB%8C%D9%84" "Mozilla/5.0 (Windows NT 6.1) AppleWebKit/537.36 (KHTML, like Gecko) Chrome/71.0.3578.98 Safari/537.36" "-"
5.234.252.242 - - [26/Jan/2019:20:26:21 +0330] "GET /static/images/amp/instagram.png HTTP/1.1" 200 7146 "https://www.zanbil.ir/browse/cell-phone/%DA%AF%D9%88%D8%B4%DB%8C-%D9%85%D9%88%D8%A8%D8%A7%DB%8C%D9%84" "Mozilla/5.0 (Windows NT 6.1) AppleWebKit/537.36 (KHTML, like Gecko) Chrome/71.0.3578.98 Safari/537.36" "-"
89.36.176.81 - - [26/Jan/2019:20:26:21 +0330] "GET /discountLabel/get/27?type=mobileSmallIcon HTTP/1.1" 200 10617 "https://www.zanbil.ir/m/filter/p29%2Ct190?name=%D9%87%D9%85%D8%B2%D9%86&productType=mixer" "Mozilla/5.0 (Linux; Android 7.0; SM-J530F Build/NRD90M) AppleWebKit/537.36 (KHTML, like Gecko) Chrome/69.0.3497.100 Mobile Safari/537.36" "-"
31.58.58.132 - - [26/Jan/2019:20:26:21 +0330] "GET /image/27316?name=41715_1145172065_%D9%85%D8%A7%D8%B4%DB%8C%D9%86-%D8%B8%D8%B1%D9%81%D8%B4%D9%88%DB%8C%DB%8C-%D8%A7%D9%84-%D8%AC%DB%8C-de24w---%282%29.jpg&wh=max HTTP/1.1" 200 39828 "https://www.zanbil.ir/m/product/27316/55649/%D9%85%D8%A7%D8%B4%DB%8C%D9%86-%D8%B8%D8%B1%D9%81%D8%B4%D9%88%DB%8C%DB%8C-%D8%A7%DB%8C%D8%B3%D8%AA%D8%A7%D8%AF%D9%87-%D8%A7%D9%84-%D8%AC%DB%8C-%D9%85%D8%AF%D9%84-DE24W" "Mozilla/5.0 (Linux; Android 4.4.4; SM-G530H) AppleWebKit/537.36 (KHTML, like Gecko) Chrome/71.0.3578.99 Mobile Safari/537.36" "-"
5.234.252.242 - - [26/Jan/2019:20:26:21 +0330] "GET /static/images/amp/telegram.png HTTP/1.1" 200 4859 "https://www.zanbil.ir/browse/cell-phone/%DA%AF%D9%88%D8%B4%DB%8C-%D9%85%D9%88%D8%A8%D8%A7%DB%8C%D9%84" "Mozilla/5.0 (Windows NT 6.1) AppleWebKit/537.36 (KHTML, like Gecko) Chrome/71.0.3578.98 Safari/537.36" "-"
5.234.252.242 - - [26/Jan/2019:20:26:21 +0330] "GET /image/1180/article/100x100 HTTP/1.1" 200 19126 "https://www.zanbil.ir/browse/cell-phone/%DA%AF%D9%88%D8%B4%DB%8C-%D9%85%D9%88%D8%A8%D8%A7%DB%8C%D9%84" "Mozilla/5.0 (Windows NT 6.1) AppleWebKit/537.36 (KHTML, like Gecko) Chrome/71.0.3578.98 Safari/537.36" "-"
5.234.252.242 - - [26/Jan/2019:20:26:21 +0330] "GET /static/images/amp/blog.png HTTP/1.1" 200 3863 "https://www.zanbil.ir/browse/cell-phone/%DA%AF%D9%88%D8%B4%DB%8C-%D9%85%D9%88%D8%A8%D8%A7%DB%8C%D9%84" "Mozilla/5.0 (Windows NT 6.1) AppleWebKit/537.36 (KHTML, like Gecko) Chrome/71.0.3578.98 Safari/537.36" "-"
5.234.252.242 - - [26/Jan/2019:20:26:21 +0330] "GET /static/images/prev.png HTTP/1.1" 200 3032 "https://znbl.ir/static/bundle-bundle_site_head.css" "Mozilla/5.0 (Windows NT 6.1) AppleWebKit/537.36 (KHTML, like Gecko) Chrome/71.0.3578.98 Safari/537.36" "-"
5.234.252.242 - - [26/Jan/2019:20:26:21 +0330] "GET /static/plugins/rapid-grails-0.1/bootstrap/img/glyphicons-halflings.png HTTP/1.1" 200 12625 "https://znbl.ir/static/bundle-bundle_site_head.css" "Mozilla/5.0 (Windows NT 6.1) AppleWebKit/537.36 (KHTML, like Gecko) Chrome/71.0.3578.98 Safari/537.36" "-"
5.234.252.242 - - [26/Jan/2019:20:26:21 +0330] "GET /static/images/next.png HTTP/1.1" 200 3045 "https://znbl.ir/static/bundle-bundle_site_head.css" "Mozilla/5.0 (Windows NT 6.1) AppleWebKit/537.36 (KHTML, like Gecko) Chrome/71.0.3578.98 Safari/537.36" "-"
5.234.252.242 - - [26/Jan/2019:20:26:22 +0330] "GET /image/8895/specialSale?role=e1 HTTP/1.1" 200 11 "https://www.zanbil.ir/browse/cell-phone/%DA%AF%D9%88%D8%B4%DB%8C-%D9%85%D9%88%D8%A8%D8%A7%DB%8C%D9%84" "Mozilla/5.0 (Windows NT 6.1) AppleWebKit/537.36 (KHTML, like Gecko) Chrome/71.0.3578.98 Safari/537.36" "-"
5.234.252.242 - - [26/Jan/2019:20:26:22 +0330] "GET /static/images/third-party/footer.png HTTP/1.1" 200 56076 "https://www.zanbil.ir/browse/cell-phone/%DA%AF%D9%88%D8%B4%DB%8C-%D9%85%D9%88%D8%A8%D8%A7%DB%8C%D9%84" "Mozilla/5.0 (Windows NT 6.1) AppleWebKit/537.36 (KHTML, like Gecko) Chrome/71.0.3578.98 Safari/537.36" "-"
5.234.252.242 - - [26/Jan/2019:20:26:22 +0330] "GET /image/8895/specialSale?role=e2 HTTP/1.1" 200 11 "https://www.zanbil.ir/browse/cell-phone/%DA%AF%D9%88%D8%B4%DB%8C-%D9%85%D9%88%D8%A8%D8%A7%DB%8C%D9%84" "Mozilla/5.0 (Windows NT 6.1) AppleWebKit/537.36 (KHTML, like Gecko) Chrome/71.0.3578.98 Safari/537.36" "-"
66.249.66.194 - - [26/Jan/2019:20:26:22 +0330] "GET /m/filter/b1,b103,b126,b147,b152,b186,b19,b192,b198,b20,b202,b203,b209,b216,b217,b218,b219,b22,b221,b226,b231,b236,b249,b261,b270,b308,b35,b36,b4,b400,b43,b441,b481,b5,b523,b542,b548,b570,b584,b596,b598,b610,b613,b63,b647,b651,b67,b701,b703,b723,b74,b874,b879,b88,b880,b882,b883,b900,b903,b95,b99,stexists HTTP/1.1" 200 27737 "-" "Mozilla/5.0 (Linux; Android 6.0.1; Nexus 5X Build/MMB29P) AppleWebKit/537.36 (KHTML, like Gecko) Chrome/41.0.2272.96 Mobile Safari/537.36 (compatible; Googlebot/2.1; +http://www.google.com/bot.html)" "-"
5.234.252.242 - - [26/Jan/2019:20:26:22 +0330] "GET /image/8895/specialSale?role=e3 HTTP/1.1" 200 11 "https://www.zanbil.ir/browse/cell-phone/%DA%AF%D9%88%D8%B4%DB%8C-%D9%85%D9%88%D8%A8%D8%A7%DB%8C%D9%84" "Mozilla/5.0 (Windows NT 6.1) AppleWebKit/537.36 (KHTML, like Gecko) Chrome/71.0.3578.98 Safari/537.36" "-"
5.234.252.242 - - [26/Jan/2019:20:26:22 +0330] "GET /static/images/jslider.red.png HTTP/1.1" 200 1777 "https://znbl.ir/static/bundle-bundle_site_head.css" "Mozilla/5.0 (Windows NT 6.1) AppleWebKit/537.36 (KHTML, like Gecko) Chrome/71.0.3578.98 Safari/537.36" "-"
5.234.252.242 - - [26/Jan/2019:20:26:22 +0330] "GET /image/2/brand HTTP/1.1" 200 4842 "https://www.zanbil.ir/browse/cell-phone/%DA%AF%D9%88%D8%B4%DB%8C-%D9%85%D9%88%D8%A8%D8%A7%DB%8C%D9%84" "Mozilla/5.0 (Windows NT 6.1) AppleWebKit/537.36 (KHTML, like Gecko) Chrome/71.0.3578.98 Safari/537.36" "-"
37.27.140.39 - - [26/Jan/2019:20:26:22 +0330] "GET /static/images/guarantees/goodShopping.png HTTP/1.1" 200 6496 "https://www.zanbil.ir/filter/b41,b8,p32,t2" "Mozilla/5.0 (Windows NT 6.1) AppleWebKit/537.36 (KHTML, like Gecko) Chrome/71.0.3578.98 Safari/537.36" "-"
5.234.252.242 - - [26/Jan/2019:20:26:22 +0330] "GET /image/1/brand HTTP/1.1" 200 3924 "https://www.zanbil.ir/browse/cell-phone/%DA%AF%D9%88%D8%B4%DB%8C-%D9%85%D9%88%D8%A8%D8%A7%DB%8C%D9%84" "Mozilla/5.0 (Windows NT 6.1) AppleWebKit/537.36 (KHTML, like Gecko) Chrome/71.0.3578.98 Safari/537.36" "-"
5.234.252.242 - - [26/Jan/2019:20:26:22 +0330] "GET /image/5/brand HTTP/1.1" 200 2171 "https://www.zanbil.ir/browse/cell-phone/%DA%AF%D9%88%D8%B4%DB%8C-%D9%85%D9%88%D8%A8%D8%A7%DB%8C%D9%84" "Mozilla/5.0 (Windows NT 6.1) AppleWebKit/537.36 (KHTML, like Gecko) Chrome/71.0.3578.98 Safari/537.36" "-"
5.234.252.242 - - [26/Jan/2019:20:26:22 +0330] "GET /image/113/brand HTTP/1.1" 200 2287 "https://www.zanbil.ir/browse/cell-phone/%DA%AF%D9%88%D8%B4%DB%8C-%D9%85%D9%88%D8%A8%D8%A7%DB%8C%D9%84" "Mozilla/5.0 (Windows NT 6.1) AppleWebKit/537.36 (KHTML, like Gecko) Chrome/71.0.3578.98 Safari/537.36" "-"
5.234.252.242 - - [26/Jan/2019:20:26:22 +0330] "GET /static/images/zanbil-kharid.png HTTP/1.1" 200 358 "https://znbl.ir/static/bundle-bundle_site_head.css" "Mozilla/5.0 (Windows NT 6.1) AppleWebKit/537.36 (KHTML, like Gecko) Chrome/71.0.3578.98 Safari/537.36" "-"
5.234.252.242 - - [26/Jan/2019:20:26:22 +0330] "GET /static/images/checked.png HTTP/1.1" 200 1083 "https://znbl.ir/static/bundle-bundle_site_head.css" "Mozilla/5.0 (Windows NT 6.1) AppleWebKit/537.36 (KHTML, like Gecko) Chrome/71.0.3578.98 Safari/537.36" "-"
68.183.78.16 - - [26/Jan/2019:20:26:22 +0330] "GET /product/247/1647/%DB%8C%D8%AE%DA%86%D8%A7%D9%84-%D9%81%D8%B1%DB%8C%D8%B2%D8%B1-%D8%B3%D8%A7%DB%8C%D8%AF-%D8%A8%D8%A7%DB%8C-%D8%B3%D8%A7%DB%8C%D8%AF-%D8%B3%D8%A7%D9%85%D8%B3%D9%88%D9%86%DA%AF-%D9%85%D8%AF%D9%84-Polaris-SL?utm_medium=PPC&utm_source=Torob HTTP/1.1" 302 0 "http://api.torob.com/" "Mozilla/5.0 (Linux; Android 8.0.0; SAMSUNG SM-G570F Build/R16NW) AppleWebKit/537.36 (KHTML, like Gecko) SamsungBrowser/8.2 Chrome/63.0.3239.111 Mobile Safari/537.36" "-"
5.126.111.154 - - [26/Jan/2019:20:26:22 +0330] "GET /amp-helper-frame.html?appId=a624a1c1-0c93-466a-a546-e146710f97e6&parentOrigin=https://www-zanbil-ir.cdn.ampproject.org HTTP/1.1" 200 133 "https://www-zanbil-ir.cdn.ampproject.org/v/s/www.zanbil.ir/m/filter/b20,p65?amp_js_v=0.1&usqp=mq331AQECAEoAQ%3D%3D" "Mozilla/5.0 (Linux; U; Android 8.1.0; en-in; Redmi Note 6 Pro Build/OPM1.171019.011) AppleWebKit/537.36 (KHTML, like Gecko) Version/4.0 Chrome/61.0.3163.128 Mobile Safari/537.36 XiaoMi/MiuiBrowser/10.3.6-g" "-"
40.77.167.108 - - [26/Jan/2019:20:26:22 +0330] "GET /filter/b6,p71,t158 HTTP/1.1" 200 28990 "-" "Mozilla/5.0 (compatible; bingbot/2.0; +http://www.bing.com/bingbot.htm)" "-"
37.27.140.39 - - [26/Jan/2019:20:26:22 +0330] "GET /static/images/guarantees/warranty.png HTTP/1.1" 200 5807 "https://www.zanbil.ir/filter/b41,b8,p32,t2" "Mozilla/5.0 (Windows NT 6.1) AppleWebKit/537.36 (KHTML, like Gecko) Chrome/71.0.3578.98 Safari/537.36" "-"
5.234.252.242 - - [26/Jan/2019:20:26:22 +0330] "GET /site/enamad HTTP/1.1" 200 278 "https://www.zanbil.ir/browse/cell-phone/%DA%AF%D9%88%D8%B4%DB%8C-%D9%85%D9%88%D8%A8%D8%A7%DB%8C%D9%84" "Mozilla/5.0 (Windows NT 6.1) AppleWebKit/537.36 (KHTML, like Gecko) Chrome/71.0.3578.98 Safari/537.36" "-"
5.234.252.242 - - [26/Jan/2019:20:26:22 +0330] "GET /static/images/favicon.ico HTTP/1.1" 200 152 "https://www.zanbil.ir/browse/cell-phone/%DA%AF%D9%88%D8%B4%DB%8C-%D9%85%D9%88%D8%A8%D8%A7%DB%8C%D9%84" "Mozilla/5.0 (Windows NT 6.1) AppleWebKit/537.36 (KHTML, like Gecko) Chrome/71.0.3578.98 Safari/537.36" "-"
5.234.252.242 - - [26/Jan/2019:20:26:22 +0330] "GET /site/alexaGooleAnalitic HTTP/1.1" 200 323 "https://www.zanbil.ir/browse/cell-phone/%DA%AF%D9%88%D8%B4%DB%8C-%D9%85%D9%88%D8%A8%D8%A7%DB%8C%D9%84" "Mozilla/5.0 (Windows NT 6.1) AppleWebKit/537.36 (KHTML, like Gecko) Chrome/71.0.3578.98 Safari/537.36" "-"
37.27.140.39 - - [26/Jan/2019:20:26:22 +0330] "GET /static/images/guarantees/bestPrice.png HTTP/1.1" 200 7356 "https://www.zanbil.ir/filter/b41,b8,p32,t2" "Mozilla/5.0 (Windows NT 6.1) AppleWebKit/537.36 (KHTML, like Gecko) Chrome/71.0.3578.98 Safari/537.36" "-"
5.119.105.233 - - [26/Jan/2019:20:26:22 +0330] "GET /m/product/29776/%D8%AA%D8%B4%DA%A9-%D8%AF%D9%88-%D9%86%D9%81%D8%B1%D9%87-Zest-%D9%85%D8%AF%D9%84-%D9%85%D8%A7%D8%B1%D9%88%D9%84-%D8%B3%D8%A7%DB%8C%D8%B2-140*200 HTTP/1.1" 200 22040 "-" "Mozilla/5.0 (iPhone; CPU iPhone OS 12_1_2 like Mac OS X) AppleWebKit/605.1.15 (KHTML, like Gecko) Version/12.0 Mobile/15E148 Safari/604.1" "-"
51.15.224.252 - - [26/Jan/2019:20:26:22 +0330] "GET /image/2303?name=IMG9862.jpg&wh=max HTTP/1.1" 200 161893 "https://www.zanbil.ir/m/product/2303/4158/%D8%A8%D8%AE%D8%A7%D8%B1%DB%8C-%D8%A8%D8%B1%D9%82%DB%8C-%D9%81%D9%86-%D8%AF%D8%A7%D8%B1-%D9%BE%D8%A7%D8%B1%D8%B3-%D8%AE%D8%B2%D8%B1-%D9%85%D8%AF%D9%84-FH2000P" "Mozilla/5.0 (Linux; Android 6.0.1; SM-G532F) AppleWebKit/537.36 (KHTML, like Gecko) Chrome/71.0.3578.99 Mobile Safari/537.36" "-"
37.27.140.39 - - [26/Jan/2019:20:26:22 +0330] "GET /static/css/font/wyekan/font.woff HTTP/1.1" 200 28536 "https://znbl.ir/static/bundle-bundle_site_head.css" "Mozilla/5.0 (Windows NT 6.1) AppleWebKit/537.36 (KHTML, like Gecko) Chrome/71.0.3578.98 Safari/537.36" "-"
31.170.58.175 - - [26/Jan/2019:20:26:22 +0330] "GET /m/product/27315/61790/%D9%85%D8%A7%D8%B4%DB%8C%D9%86-%D8%B8%D8%B1%D9%81%D8%B4%D9%88%DB%8C%DB%8C-%D8%A7%DB%8C%D8%B3%D8%AA%D8%A7%D8%AF%D9%87-%D8%A7%D9%84-%D8%AC%DB%8C-%D9%85%D8%AF%D9%84-DC75B HTTP/1.1" 200 22320 "https://www.zanbil.ir/m/browse/dishwasher/%D9%85%D8%A7%D8%B4%DB%8C%D9%86-%D8%B8%D8%B1%D9%81%D8%B4%D9%88%DB%8C%DB%8C" "Mozilla/5.0 (iPhone; CPU iPhone OS 11_4 like Mac OS X) AppleWebKit/605.1.15 (KHTML, like Gecko) Version/11.0 Mobile/15E148 Safari/604.1" "-"
5.234.252.242 - - [26/Jan/2019:20:26:22 +0330] "GET /manifest.json HTTP/1.1" 200 110 "https://www.zanbil.ir/browse/cell-phone/%DA%AF%D9%88%D8%B4%DB%8C-%D9%85%D9%88%D8%A8%D8%A7%DB%8C%D9%84" "Mozilla/5.0 (Windows NT 6.1) AppleWebKit/537.36 (KHTML, like Gecko) Chrome/71.0.3578.98 Safari/537.36" "-"
66.249.66.91 - - [26/Jan/2019:20:26:22 +0330] "GET /static/css/font/wyekan/font.woff HTTP/1.1" 304 0 "-" "Mozilla/5.0 (Linux; Android 6.0.1; Nexus 5X Build/MMB29P) AppleWebKit/537.36 (KHTML, like Gecko) Chrome/41.0.2272.96 Mobile Safari/537.36 (compatible; Googlebot/2.1; +http://www.google.com/bot.html)" "-"
66.249.66.194 - - [26/Jan/2019:20:26:22 +0330] "GET /product/28240/%D9%87%D9%88%D8%AF-%D8%B4%D9%88%D9%85%DB%8C%D9%86%D9%87-%D8%A7%DB%8C-%D8%A8%DB%8C%D9%85%DA%A9%D8%AB-%D9%85%D8%AF%D9%84-Bimax-Kitchen-Hood-B2044U HTTP/1.1" 200 41762 "-" "Mozilla/5.0 (compatible; Googlebot/2.1; +http://www.google.com/bot.html)" "-"
37.27.140.39 - - [26/Jan/2019:20:26:22 +0330] "GET /static/images/guarantees/fastDelivery.png HTTP/1.1" 200 7713 "https://www.zanbil.ir/filter/b41,b8,p32,t2" "Mozilla/5.0 (Windows NT 6.1) AppleWebKit/537.36 (KHTML, like Gecko) Chrome/71.0.3578.98 Safari/537.36" "-"
37.27.140.39 - - [26/Jan/2019:20:26:22 +0330] "GET /static/css/font_awesome/fonts/fontawesome-webfont.woff2?v=4.7.0 HTTP/1.1" 200 77171 "https://znbl.ir/static/bundle-bundle_site_head.css" "Mozilla/5.0 (Windows NT 6.1) AppleWebKit/537.36 (KHTML, like Gecko) Chrome/71.0.3578.98 Safari/537.36" "-"
89.36.176.81 - - [26/Jan/2019:20:26:23 +0330] "GET /image/65437/productModel/200x200 HTTP/1.1" 200 4302 "https://www.zanbil.ir/m/filter/p29%2Ct190?name=%D9%87%D9%85%D8%B2%D9%86&productType=mixer" "Mozilla/5.0 (Linux; Android 7.0; SM-J530F Build/NRD90M) AppleWebKit/537.36 (KHTML, like Gecko) Chrome/69.0.3497.100 Mobile Safari/537.36" "-"
89.36.176.81 - - [26/Jan/2019:20:26:23 +0330] "GET /settings/logo HTTP/1.1" 200 4120 "https://www.zanbil.ir/m/filter/p29%2Ct190?name=%D9%87%D9%85%D8%B2%D9%86&productType=mixer" "Mozilla/5.0 (Linux; Android 7.0; SM-J530F Build/NRD90M) AppleWebKit/537.36 (KHTML, like Gecko) Chrome/69.0.3497.100 Mobile Safari/537.36" "-"
66.249.66.194 - - [26/Jan/2019:20:26:23 +0330] "GET /product/34208/65183/vantage-m-2.jpg HTTP/1.1" 200 39908 "-" "Googlebot-Image/1.0" "-"
37.27.140.39 - - [26/Jan/2019:20:26:23 +0330] "GET /static/images/guarantees/support.png HTTP/1.1" 200 6454 "https://www.zanbil.ir/filter/b41,b8,p32,t2" "Mozilla/5.0 (Windows NT 6.1) AppleWebKit/537.36 (KHTML, like Gecko) Chrome/71.0.3578.98 Safari/537.36" "-"
89.36.176.81 - - [26/Jan/2019:20:26:23 +0330] "GET /image/63609/productModel/200x200 HTTP/1.1" 200 4138 "https://www.zanbil.ir/m/filter/p29%2Ct190?name=%D9%87%D9%85%D8%B2%D9%86&productType=mixer" "Mozilla/5.0 (Linux; Android 7.0; SM-J530F Build/NRD90M) AppleWebKit/537.36 (KHTML, like Gecko) Chrome/69.0.3497.100 Mobile Safari/537.36" "-"
89.36.176.81 - - [26/Jan/2019:20:26:23 +0330] "GET /image/59573/productModel/200x200 HTTP/1.1" 200 3537 "https://www.zanbil.ir/m/filter/p29%2Ct190?name=%D9%87%D9%85%D8%B2%D9%86&productType=mixer" "Mozilla/5.0 (Linux; Android 7.0; SM-J530F Build/NRD90M) AppleWebKit/537.36 (KHTML, like Gecko) Chrome/69.0.3497.100 Mobile Safari/537.36" "-"
89.36.176.81 - - [26/Jan/2019:20:26:23 +0330] "GET /image/61835/productModel/200x200 HTTP/1.1" 200 6041 "https://www.zanbil.ir/m/filter/p29%2Ct190?name=%D9%87%D9%85%D8%B2%D9%86&productType=mixer" "Mozilla/5.0 (Linux; Android 7.0; SM-J530F Build/NRD90M) AppleWebKit/537.36 (KHTML, like Gecko) Chrome/69.0.3497.100 Mobile Safari/537.36" "-"
37.27.140.39 - - [26/Jan/2019:20:26:23 +0330] "GET /static/images/guarantees/pos.png HTTP/1.1" 200 6465 "https://www.zanbil.ir/filter/b41,b8,p32,t2" "Mozilla/5.0 (Windows NT 6.1) AppleWebKit/537.36 (KHTML, like Gecko) Chrome/71.0.3578.98 Safari/537.36" "-"
31.170.58.175 - - [26/Jan/2019:20:26:23 +0330] "GET /settings/logo HTTP/1.1" 200 4120 "https://www.zanbil.ir/m/product/27315/61790/%D9%85%D8%A7%D8%B4%DB%8C%D9%86-%D8%B8%D8%B1%D9%81%D8%B4%D9%88%DB%8C%DB%8C-%D8%A7%DB%8C%D8%B3%D8%AA%D8%A7%D8%AF%D9%87-%D8%A7%D9%84-%D8%AC%DB%8C-%D9%85%D8%AF%D9%84-DC75B" "Mozilla/5.0 (iPhone; CPU iPhone OS 11_4 like Mac OS X) AppleWebKit/605.1.15 (KHTML, like Gecko) Version/11.0 Mobile/15E148 Safari/604.1" "-"
5.125.220.106 - - [26/Jan/2019:20:26:23 +0330] "GET /settings/logo HTTP/1.1" 200 4120 "https://www.zanbil.ir/m/product/31809/%D8%A8%D8%AE%D8%A7%D8%B1%DB%8C-%DA%AF%D8%A7%D8%B2%DB%8C-%D8%A8%D8%A7-%D8%AF%D9%88%D8%AF%DA%A9%D8%B4-%D8%AC%D9%87%D8%A7%D9%86-%D8%A7%D9%81%D8%B1%D9%88%D8%B2-%D9%85%D8%AF%D9%84-Jahanafrooz-Gas-Heater-JCF-350-WOODEX" "Mozilla/5.0 (Linux; Android 4.2.2; H30-U10 Build/HuaweiH30-U10) AppleWebKit/537.36 (KHTML, like Gecko) Chrome/65.0.3325.109 Mobile Safari/537.36" "-"
91.99.72.15 - - [26/Jan/2019:20:26:23 +0330] "GET /product/13876?model=34025 HTTP/1.1" 200 39944 "-" "Mozilla/5.0 (Windows NT 6.2; Win64; x64; rv:16.0)Gecko/16.0 Firefox/16.0" "-"
5.119.105.233 - - [26/Jan/2019:20:26:23 +0330] "GET /apple-touch-icon-120x120-precomposed.png HTTP/1.1" 404 32386 "-" "MobileSafari/604.1 CFNetwork/976 Darwin/18.2.0" "-"
5.125.220.106 - - [26/Jan/2019:20:26:23 +0330] "GET /amp-helper-frame.html?appId=a624a1c1-0c93-466a-a546-e146710f97e6&parentOrigin=https://www.zanbil.ir HTTP/1.1" 200 133 "https://www.zanbil.ir/m/product/31809/%D8%A8%D8%AE%D8%A7%D8%B1%DB%8C-%DA%AF%D8%A7%D8%B2%DB%8C-%D8%A8%D8%A7-%D8%AF%D9%88%D8%AF%DA%A9%D8%B4-%D8%AC%D9%87%D8%A7%D9%86-%D8%A7%D9%81%D8%B1%D9%88%D8%B2-%D9%85%D8%AF%D9%84-Jahanafrooz-Gas-Heater-JCF-350-WOODEX" "Mozilla/5.0 (Linux; Android 4.2.2; H30-U10 Build/HuaweiH30-U10) AppleWebKit/537.36 (KHTML, like Gecko) Chrome/65.0.3325.109 Mobile Safari/537.36" "-"
37.27.140.39 - - [26/Jan/2019:20:26:23 +0330] "GET /static/images/filter-arrow-down.png HTTP/1.1" 200 1205 "https://znbl.ir/static/bundle-bundle_site_head.css" "Mozilla/5.0 (Windows NT 6.1) AppleWebKit/537.36 (KHTML, like Gecko) Chrome/71.0.3578.98 Safari/537.36" "-"
89.36.176.81 - - [26/Jan/2019:20:26:23 +0330] "GET /image/103/brand HTTP/1.1" 200 2780 "https://www.zanbil.ir/m/filter/p29%2Ct190?name=%D9%87%D9%85%D8%B2%D9%86&productType=mixer" "Mozilla/5.0 (Linux; Android 7.0; SM-J530F Build/NRD90M) AppleWebKit/537.36 (KHTML, like Gecko) Chrome/69.0.3497.100 Mobile Safari/537.36" "-"
89.36.176.81 - - [26/Jan/2019:20:26:23 +0330] "GET /image/43/brand HTTP/1.1" 200 2376 "https://www.zanbil.ir/m/filter/p29%2Ct190?name=%D9%87%D9%85%D8%B2%D9%86&productType=mixer" "Mozilla/5.0 (Linux; Android 7.0; SM-J530F Build/NRD90M) AppleWebKit/537.36 (KHTML, like Gecko) Chrome/69.0.3497.100 Mobile Safari/537.36" "-"
5.239.139.61 - - [26/Jan/2019:20:26:23 +0330] "GET /m/browse/perfume/%D8%B9%D8%B7%D8%B1-%D9%88-%D8%A7%D8%AF%DA%A9%D9%84%D9%86 HTTP/1.1" 200 20762 "https://www.google.de/" "Mozilla/5.0 (Linux; Android 8.0.0; SM-A720F) AppleWebKit/537.36 (KHTML, like Gecko) Chrome/71.0.3578.99 Mobile Safari/537.36" "-"
37.27.140.39 - - [26/Jan/2019:20:26:23 +0330] "GET /settings/logo HTTP/1.1" 200 4120 "https://www.zanbil.ir/filter/b41,b8,p32,t2" "Mozilla/5.0 (Windows NT 6.1) AppleWebKit/537.36 (KHTML, like Gecko) Chrome/71.0.3578.98 Safari/537.36" "-"
89.36.176.81 - - [26/Jan/2019:20:26:23 +0330] "GET /image/8872/specialSale?role=mobile HTTP/1.1" 200 16300 "https://www.zanbil.ir/m/filter/p29%2Ct190?name=%D9%87%D9%85%D8%B2%D9%86&productType=mixer" "Mozilla/5.0 (Linux; Android 7.0; SM-J530F Build/NRD90M) AppleWebKit/537.36 (KHTML, like Gecko) Chrome/69.0.3497.100 Mobile Safari/537.36" "-"
89.36.176.81 - - [26/Jan/2019:20:26:23 +0330] "GET /image/879/brand HTTP/1.1" 200 3348 "https://www.zanbil.ir/m/filter/p29%2Ct190?name=%D9%87%D9%85%D8%B2%D9%86&productType=mixer" "Mozilla/5.0 (Linux; Android 7.0; SM-J530F Build/NRD90M) AppleWebKit/537.36 (KHTML, like Gecko) Chrome/69.0.3497.100 Mobile Safari/537.36" "-"
89.36.176.81 - - [26/Jan/2019:20:26:23 +0330] "GET /image/120/productTypeType HTTP/1.1" 200 11045 "https://www.zanbil.ir/m/filter/p29%2Ct190?name=%D9%87%D9%85%D8%B2%D9%86&productType=mixer" "Mozilla/5.0 (Linux; Android 7.0; SM-J530F Build/NRD90M) AppleWebKit/537.36 (KHTML, like Gecko) Chrome/69.0.3497.100 Mobile Safari/537.36" "-"
66.249.66.194 - - [26/Jan/2019:20:26:23 +0330] "GET /m/filter/b2 HTTP/1.1" 200 22119 "-" "Mozilla/5.0 (Linux; Android 6.0.1; Nexus 5X Build/MMB29P) AppleWebKit/537.36 (KHTML, like Gecko) Chrome/41.0.2272.96 Mobile Safari/537.36 (compatible; Googlebot/2.1; +http://www.google.com/bot.html)" "-"
89.36.176.81 - - [26/Jan/2019:20:26:23 +0330] "GET /image/893/mainSlideMobile HTTP/1.1" 200 61968 "https://www.zanbil.ir/m/filter/p29%2Ct190?name=%D9%87%D9%85%D8%B2%D9%86&productType=mixer" "Mozilla/5.0 (Linux; Android 7.0; SM-J530F Build/NRD90M) AppleWebKit/537.36 (KHTML, like Gecko) Chrome/69.0.3497.100 Mobile Safari/537.36" "-"
89.36.176.81 - - [26/Jan/2019:20:26:23 +0330] "GET /image/190/productTypeType HTTP/1.1" 200 10835 "https://www.zanbil.ir/m/filter/p29%2Ct190?name=%D9%87%D9%85%D8%B2%D9%86&productType=mixer" "Mozilla/5.0 (Linux; Android 7.0; SM-J530F Build/NRD90M) AppleWebKit/537.36 (KHTML, like Gecko) Chrome/69.0.3497.100 Mobile Safari/537.36" "-"
5.119.105.233 - - [26/Jan/2019:20:26:23 +0330] "GET /apple-touch-icon-120x120.png HTTP/1.1" 404 32418 "-" "MobileSafari/604.1 CFNetwork/976 Darwin/18.2.0" "-"
37.27.140.39 - - [26/Jan/2019:20:26:23 +0330] "GET /static/images/zanbil-kharid.png HTTP/1.1" 200 358 "https://znbl.ir/static/bundle-bundle_site_head.css" "Mozilla/5.0 (Windows NT 6.1) AppleWebKit/537.36 (KHTML, like Gecko) Chrome/71.0.3578.98 Safari/537.36" "-"
37.27.140.39 - - [26/Jan/2019:20:26:23 +0330] "GET /static/images/not-checked.png HTTP/1.1" 200 713 "https://znbl.ir/static/bundle-bundle_site_head.css" "Mozilla/5.0 (Windows NT 6.1) AppleWebKit/537.36 (KHTML, like Gecko) Chrome/71.0.3578.98 Safari/537.36" "-"
5.239.139.61 - - [26/Jan/2019:20:26:23 +0330] "GET /discountLabel/get/3?type=mobileSmallIcon HTTP/1.1" 200 4336 "https://www.zanbil.ir/m/browse/perfume/%D8%B9%D8%B7%D8%B1-%D9%88-%D8%A7%D8%AF%DA%A9%D9%84%D9%86" "Mozilla/5.0 (Linux; Android 8.0.0; SM-A720F) AppleWebKit/537.36 (KHTML, like Gecko) Chrome/71.0.3578.99 Mobile Safari/537.36" "-"
5.119.105.233 - - [26/Jan/2019:20:26:23 +0330] "GET /apple-touch-icon-precomposed.png HTTP/1.1" 404 392 "-" "MobileSafari/604.1 CFNetwork/976 Darwin/18.2.0" "-"
78.38.183.40 - - [26/Jan/2019:20:26:23 +0330] "GET /image/21838?name=wms203.jpg&wh=max HTTP/1.1" 200 45808 "-" "Mozilla/5.0 (Linux; U; Android 4.2.1; fa-ir; HUAWEI G610-U20 Build/HuaweiG610-U20) AppleWebKit/534.30 (KHTML, like Gecko) Version/4.0 Mobile Safari/534.30 GSA/3.2.17.1009776.arm" "-"
37.27.140.39 - - [26/Jan/2019:20:26:23 +0330] "GET /site/alexaGooleAnalitic HTTP/1.1" 200 323 "https://www.zanbil.ir/filter/b41,b8,p32,t2" "Mozilla/5.0 (Windows NT 6.1) AppleWebKit/537.36 (KHTML, like Gecko) Chrome/71.0.3578.98 Safari/537.36" "-"
37.27.140.39 - - [26/Jan/2019:20:26:23 +0330] "GET /static/images/jslider.red.png HTTP/1.1" 200 1777 "https://znbl.ir/static/bundle-bundle_site_head.css" "Mozilla/5.0 (Windows NT 6.1) AppleWebKit/537.36 (KHTML, like Gecko) Chrome/71.0.3578.98 Safari/537.36" "-"
37.27.140.39 - - [26/Jan/2019:20:26:23 +0330] "GET /static/images/icons/btn-search.png HTTP/1.1" 200 393 "https://znbl.ir/static/bundle-bundle_site_head.css" "Mozilla/5.0 (Windows NT 6.1) AppleWebKit/537.36 (KHTML, like Gecko) Chrome/71.0.3578.98 Safari/537.36" "-"
151.242.106.253 - - [26/Jan/2019:20:26:23 +0330] "GET /m/filter/p41%2Cb1?page=1 HTTP/1.1" 200 19112 "https://www.zanbil.ir/m/filter/p41%2Cb1" "Mozilla/5.0 (Linux; Android 7.0; P008) AppleWebKit/537.36 (KHTML, like Gecko) Chrome/71.0.3578.99 Safari/537.36" "-"
5.239.139.61 - - [26/Jan/2019:20:26:23 +0330] "GET /static/images/guarantees/goodShopping.png HTTP/1.1" 200 6496 "https://www.zanbil.ir/m/browse/perfume/%D8%B9%D8%B7%D8%B1-%D9%88-%D8%A7%D8%AF%DA%A9%D9%84%D9%86" "Mozilla/5.0 (Linux; Android 8.0.0; SM-A720F) AppleWebKit/537.36 (KHTML, like Gecko) Chrome/71.0.3578.99 Mobile Safari/537.36" "-"
5.239.139.61 - - [26/Jan/2019:20:26:23 +0330] "GET /static/images/guarantees/warranty.png HTTP/1.1" 200 5807 "https://www.zanbil.ir/m/browse/perfume/%D8%B9%D8%B7%D8%B1-%D9%88-%D8%A7%D8%AF%DA%A9%D9%84%D9%86" "Mozilla/5.0 (Linux; Android 8.0.0; SM-A720F) AppleWebKit/537.36 (KHTML, like Gecko) Chrome/71.0.3578.99 Mobile Safari/537.36" "-"
66.249.66.92 - - [26/Jan/2019:20:26:23 +0330] "GET /image/27171?name=1-2.jpg&wh=max HTTP/1.1" 200 53826 "-" "Googlebot-Image/1.0" "-"
5.239.139.61 - - [26/Jan/2019:20:26:23 +0330] "GET /static/images/guarantees/bestPrice.png HTTP/1.1" 200 7356 "https://www.zanbil.ir/m/browse/perfume/%D8%B9%D8%B7%D8%B1-%D9%88-%D8%A7%D8%AF%DA%A9%D9%84%D9%86" "Mozilla/5.0 (Linux; Android 8.0.0; SM-A720F) AppleWebKit/537.36 (KHTML, like Gecko) Chrome/71.0.3578.99 Mobile Safari/537.36" "-"
5.239.139.61 - - [26/Jan/2019:20:26:23 +0330] "GET /static/images/guarantees/support.png HTTP/1.1" 200 6454 "https://www.zanbil.ir/m/browse/perfume/%D8%B9%D8%B7%D8%B1-%D9%88-%D8%A7%D8%AF%DA%A9%D9%84%D9%86" "Mozilla/5.0 (Linux; Android 8.0.0; SM-A720F) AppleWebKit/537.36 (KHTML, like Gecko) Chrome/71.0.3578.99 Mobile Safari/537.36" "-"
5.119.105.233 - - [26/Jan/2019:20:26:23 +0330] "GET /apple-touch-icon.png HTTP/1.1" 404 392 "-" "MobileSafari/604.1 CFNetwork/976 Darwin/18.2.0" "-"
5.239.139.61 - - [26/Jan/2019:20:26:23 +0330] "GET /static/images/guarantees/fastDelivery.png HTTP/1.1" 200 7713 "https://www.zanbil.ir/m/browse/perfume/%D8%B9%D8%B7%D8%B1-%D9%88-%D8%A7%D8%AF%DA%A9%D9%84%D9%86" "Mozilla/5.0 (Linux; Android 8.0.0; SM-A720F) AppleWebKit/537.36 (KHTML, like Gecko) Chrome/71.0.3578.99 Mobile Safari/537.36" "-"
5.239.139.61 - - [26/Jan/2019:20:26:23 +0330] "GET /static/css/font/wyekan/font.woff HTTP/1.1" 200 28536 "https://www.zanbil.ir/m/browse/perfume/%D8%B9%D8%B7%D8%B1-%D9%88-%D8%A7%D8%AF%DA%A9%D9%84%D9%86" "Mozilla/5.0 (Linux; Android 8.0.0; SM-A720F) AppleWebKit/537.36 (KHTML, like Gecko) Chrome/71.0.3578.99 Mobile Safari/537.36" "-"
207.46.13.102 - - [26/Jan/2019:20:26:24 +0330] "GET /filter/b126,b215,b3 HTTP/1.1" 200 36399 "-" "Mozilla/5.0 (compatible; bingbot/2.0; +http://www.bing.com/bingbot.htm)" "-"
37.27.140.39 - - [26/Jan/2019:20:26:24 +0330] "GET /static/images/checked.png HTTP/1.1" 200 1083 "https://znbl.ir/static/bundle-bundle_site_head.css" "Mozilla/5.0 (Windows NT 6.1) AppleWebKit/537.36 (KHTML, like Gecko) Chrome/71.0.3578.98 Safari/537.36" "-"
89.36.176.81 - - [26/Jan/2019:20:26:24 +0330] "GET /image/3/brand HTTP/1.1" 200 2885 "https://www.zanbil.ir/m/filter/p29%2Ct190?name=%D9%87%D9%85%D8%B2%D9%86&productType=mixer" "Mozilla/5.0 (Linux; Android 7.0; SM-J530F Build/NRD90M) AppleWebKit/537.36 (KHTML, like Gecko) Chrome/69.0.3497.100 Mobile Safari/537.36" "-"
89.36.176.81 - - [26/Jan/2019:20:26:24 +0330] "GET /image/74/brand HTTP/1.1" 200 2536 "https://www.zanbil.ir/m/filter/p29%2Ct190?name=%D9%87%D9%85%D8%B2%D9%86&productType=mixer" "Mozilla/5.0 (Linux; Android 7.0; SM-J530F Build/NRD90M) AppleWebKit/537.36 (KHTML, like Gecko) Chrome/69.0.3497.100 Mobile Safari/537.36" "-"
37.27.140.39 - - [26/Jan/2019:20:26:24 +0330] "GET /static/images/search-category-arrow.png HTTP/1.1" 200 217 "https://znbl.ir/static/bundle-bundle_site_head.css" "Mozilla/5.0 (Windows NT 6.1) AppleWebKit/537.36 (KHTML, like Gecko) Chrome/71.0.3578.98 Safari/537.36" "-"
89.36.176.81 - - [26/Jan/2019:20:26:24 +0330] "GET /image/180/brand HTTP/1.1" 200 2566 "https://www.zanbil.ir/m/filter/p29%2Ct190?name=%D9%87%D9%85%D8%B2%D9%86&productType=mixer" "Mozilla/5.0 (Linux; Android 7.0; SM-J530F Build/NRD90M) AppleWebKit/537.36 (KHTML, like Gecko) Chrome/69.0.3497.100 Mobile Safari/537.36" "-"
89.36.176.81 - - [26/Jan/2019:20:26:24 +0330] "GET /image/82/productTypeType HTTP/1.1" 200 10944 "https://www.zanbil.ir/m/filter/p29%2Ct190?name=%D9%87%D9%85%D8%B2%D9%86&productType=mixer" "Mozilla/5.0 (Linux; Android 7.0; SM-J530F Build/NRD90M) AppleWebKit/537.36 (KHTML, like Gecko) Chrome/69.0.3497.100 Mobile Safari/537.36" "-"
37.27.140.39 - - [26/Jan/2019:20:26:24 +0330] "GET /static/images/amp/instagram.png HTTP/1.1" 200 7146 "https://www.zanbil.ir/filter/b41,b8,p32,t2" "Mozilla/5.0 (Windows NT 6.1) AppleWebKit/537.36 (KHTML, like Gecko) Chrome/71.0.3578.98 Safari/537.36" "-"
5.125.220.106 - - [26/Jan/2019:20:26:24 +0330] "GET /image/31809?name=%D8%A8%D8%AE%D8%A7%D8%B1%DB%8C-jcf-350-woodex-11.jpg&wh=max HTTP/1.1" 200 54058 "https://www.zanbil.ir/m/product/31809/%D8%A8%D8%AE%D8%A7%D8%B1%DB%8C-%DA%AF%D8%A7%D8%B2%DB%8C-%D8%A8%D8%A7-%D8%AF%D9%88%D8%AF%DA%A9%D8%B4-%D8%AC%D9%87%D8%A7%D9%86-%D8%A7%D9%81%D8%B1%D9%88%D8%B2-%D9%85%D8%AF%D9%84-Jahanafrooz-Gas-Heater-JCF-350-WOODEX" "Mozilla/5.0 (Linux; Android 4.2.2; H30-U10 Build/HuaweiH30-U10) AppleWebKit/537.36 (KHTML, like Gecko) Chrome/65.0.3325.109 Mobile Safari/537.36" "-"
5.119.105.233 - - [26/Jan/2019:20:26:24 +0330] "GET /favicon.ico HTTP/1.1" 200 0 "-" "MobileSafari/604.1 CFNetwork/976 Darwin/18.2.0" "-"
130.185.76.185 - - [26/Jan/2019:20:26:24 +0330] "GET /product/30028/59595/%D8%A7%D8%AA%D9%88-%D8%A8%D8%AE%D8%A7%D8%B1-%D8%A8%D9%88%D8%B4-%D9%85%D8%AF%D9%84-TDA3028014 HTTP/1.1" 200 41600 "https://www.zanbil.ir/product/30028/59595/%D8%A7%D8%AA%D9%88-%D8%A8%D8%AE%D8%A7%D8%B1-%D8%A8%D9%88%D8%B4-%D9%85%D8%AF%D9%84-TDA3028014" "Mozilla/5.0 (Windows NT 6.1; rv:65.0) Gecko/20100101 Firefox/65.0" "-"
37.27.140.39 - - [26/Jan/2019:20:26:24 +0330] "GET /static/images/amp/telegram.png HTTP/1.1" 200 4859 "https://www.zanbil.ir/filter/b41,b8,p32,t2" "Mozilla/5.0 (Windows NT 6.1) AppleWebKit/537.36 (KHTML, like Gecko) Chrome/71.0.3578.98 Safari/537.36" "-"
37.27.140.39 - - [26/Jan/2019:20:26:24 +0330] "GET /static/images/amp/blog.png HTTP/1.1" 200 3863 "https://www.zanbil.ir/filter/b41,b8,p32,t2" "Mozilla/5.0 (Windows NT 6.1) AppleWebKit/537.36 (KHTML, like Gecko) Chrome/71.0.3578.98 Safari/537.36" "-"
37.27.140.39 - - [26/Jan/2019:20:26:24 +0330] "GET /static/images/third-party/footer.png HTTP/1.1" 200 56076 "https://www.zanbil.ir/filter/b41,b8,p32,t2" "Mozilla/5.0 (Windows NT 6.1) AppleWebKit/537.36 (KHTML, like Gecko) Chrome/71.0.3578.98 Safari/537.36" "-"
37.27.140.39 - - [26/Jan/2019:20:26:24 +0330] "GET /static/images/prev.png HTTP/1.1" 200 3032 "https://znbl.ir/static/bundle-bundle_site_head.css" "Mozilla/5.0 (Windows NT 6.1) AppleWebKit/537.36 (KHTML, like Gecko) Chrome/71.0.3578.98 Safari/537.36" "-"
151.242.106.253 - - [26/Jan/2019:20:26:24 +0330] "GET /discountLabel/get/3?type=mobileSmallIcon HTTP/1.1" 200 4336 "https://www.zanbil.ir/m/filter/p41%2Cb1?page=1" "Mozilla/5.0 (Linux; Android 7.0; P008) AppleWebKit/537.36 (KHTML, like Gecko) Chrome/71.0.3578.99 Safari/537.36" "-"
5.119.105.233 - - [26/Jan/2019:20:26:24 +0330] "GET /apple-touch-icon-120x120-precomposed.png HTTP/1.1" 404 32386 "-" "MobileSafari/604.1 CFNetwork/976 Darwin/18.2.0" "-"
37.27.140.39 - - [26/Jan/2019:20:26:24 +0330] "GET /static/plugins/rapid-grails-0.1/bootstrap/img/glyphicons-halflings.png HTTP/1.1" 200 12625 "https://znbl.ir/static/bundle-bundle_site_head.css" "Mozilla/5.0 (Windows NT 6.1) AppleWebKit/537.36 (KHTML, like Gecko) Chrome/71.0.3578.98 Safari/537.36" "-"
37.27.140.39 - - [26/Jan/2019:20:26:24 +0330] "GET /static/images/next.png HTTP/1.1" 200 3045 "https://znbl.ir/static/bundle-bundle_site_head.css" "Mozilla/5.0 (Windows NT 6.1) AppleWebKit/537.36 (KHTML, like Gecko) Chrome/71.0.3578.98 Safari/537.36" "-"
68.183.78.16 - - [26/Jan/2019:20:26:24 +0330] "GET /m/product/247/1647/%DB%8C%D8%AE%DA%86%D8%A7%D9%84-%D9%81%D8%B1%DB%8C%D8%B2%D8%B1-%D8%B3%D8%A7%DB%8C%D8%AF-%D8%A8%D8%A7%DB%8C-%D8%B3%D8%A7%DB%8C%D8%AF-%D8%B3%D8%A7%D9%85%D8%B3%D9%88%D9%86%DA%AF-%D9%85%D8%AF%D9%84-Polaris-SL?utm_medium=PPC&utm_source=Torob HTTP/1.1" 200 22095 "http://api.torob.com/" "Mozilla/5.0 (Linux; Android 8.0.0; SAMSUNG SM-G570F Build/R16NW) AppleWebKit/537.36 (KHTML, like Gecko) SamsungBrowser/8.2 Chrome/63.0.3239.111 Mobile Safari/537.36" "-"
5.119.105.233 - - [26/Jan/2019:20:26:24 +0330] "GET /apple-touch-icon-120x120.png HTTP/1.1" 404 32380 "-" "MobileSafari/604.1 CFNetwork/976 Darwin/18.2.0" "-"
2.180.201.101 - - [26/Jan/2019:20:26:24 +0330] "GET /image/34004?name=ms93wcr.jpg&wh=200x200 HTTP/1.1" 200 5208 "https://torob.com/browse/41/%D8%AE%D9%88%D8%AF%D8%B1%D9%88-%D9%BE%DA%98%D9%88/?available=true" "Mozilla/5.0 (Windows NT 6.1; Win64; x64) AppleWebKit/537.36 (KHTML, like Gecko) Chrome/71.0.3578.98 Safari/537.36" "-"
5.119.105.233 - - [26/Jan/2019:20:26:24 +0330] "GET /apple-touch-icon-precomposed.png HTTP/1.1" 404 392 "-" "MobileSafari/604.1 CFNetwork/976 Darwin/18.2.0" "-"
66.249.66.194 - - [26/Jan/2019:20:26:24 +0330] "GET /m/filter/b1,b105,b143,b148,b151,b152,b180,b183,b185,b188,b20,b202,b203,b216,b22,b221,b226,b231,b236,b249,b270,b3,b308,b32,b35,b36,b41,b42,b435,b441,b481,b484,b5,b523,b543,b548,b570,b573,b598,b6,b613,b614,b647,b651,b656,b701,b703,b723,b74,b795,b874,b877,b879,b883,b890,b900,b99,stexists HTTP/1.1" 200 27376 "-" "Mozilla/5.0 (Linux; Android 6.0.1; Nexus 5X Build/MMB29P) AppleWebKit/537.36 (KHTML, like Gecko) Chrome/41.0.2272.96 Mobile Safari/537.36 (compatible; Googlebot/2.1; +http://www.google.com/bot.html)" "-"
151.242.106.253 - - [26/Jan/2019:20:26:24 +0330] "GET /settings/logo HTTP/1.1" 200 4120 "https://www.zanbil.ir/m/filter/p41%2Cb1?page=1" "Mozilla/5.0 (Linux; Android 7.0; P008) AppleWebKit/537.36 (KHTML, like Gecko) Chrome/71.0.3578.99 Safari/537.36" "-"
5.119.105.233 - - [26/Jan/2019:20:26:24 +0330] "GET /apple-touch-icon.png HTTP/1.1" 404 392 "-" "MobileSafari/604.1 CFNetwork/976 Darwin/18.2.0" "-"
5.119.105.233 - - [26/Jan/2019:20:26:24 +0330] "GET /favicon.ico HTTP/1.1" 200 0 "-" "MobileSafari/604.1 CFNetwork/976 Darwin/18.2.0" "-"
151.238.219.142 - - [26/Jan/2019:20:26:24 +0330] "GET /image/29161?name=ab1121.jpg&wh=200x200 HTTP/1.1" 200 5348 "-" "Dalvik/2.1.0 (Linux; U; Android 7.0; SM-A510F Build/NRD90M)" "-"
5.125.220.106 - - [26/Jan/2019:20:26:25 +0330] "GET /favicon.ico HTTP/1.1" 200 0 "https://www.zanbil.ir/m/product/31809/%D8%A8%D8%AE%D8%A7%D8%B1%DB%8C-%DA%AF%D8%A7%D8%B2%DB%8C-%D8%A8%D8%A7-%D8%AF%D9%88%D8%AF%DA%A9%D8%B4-%D8%AC%D9%87%D8%A7%D9%86-%D8%A7%D9%81%D8%B1%D9%88%D8%B2-%D9%85%D8%AF%D9%84-Jahanafrooz-Gas-Heater-JCF-350-WOODEX" "Mozilla/5.0 (Linux; Android 4.2.2; H30-U10 Build/HuaweiH30-U10) AppleWebKit/537.36 (KHTML, like Gecko) Chrome/65.0.3325.109 Mobile Safari/537.36" "-"
31.59.243.157 - - [26/Jan/2019:20:26:25 +0330] "GET /image/15126?name=bk.jpg&wh=200x200 HTTP/1.1" 200 5712 "-" "Dalvik/2.1.0 (Linux; U; Android 7.0; SM-G920F Build/NRD90M)" "-"
66.249.66.194 - - [26/Jan/2019:20:26:25 +0330] "GET /m/search/3400/b213,null HTTP/1.1" 200 17100 "-" "Mozilla/5.0 (Linux; Android 6.0.1; Nexus 5X Build/MMB29P) AppleWebKit/537.36 (KHTML, like Gecko) Chrome/41.0.2272.96 Mobile Safari/537.36 (compatible; Googlebot/2.1; +http://www.google.com/bot.html)" "-"
173.255.225.181 - - [26/Jan/2019:20:26:25 +0330] "GET /m/browse/tub/%D9%88%D8%A7%D9%86 HTTP/1.1" 200 16408 "-" "Mozilla/5.0 (Linux; Android 8.0.0; SM-G955F) AppleWebKit/537.36 (KHTML, like Gecko) Chrome/71.0.3578.99 Mobile Safari/537.36" "-"
5.217.49.231 - - [26/Jan/2019:20:26:25 +0330] "GET /settings/logo HTTP/1.1" 200 4120 "https://www.zanbil.ir/m/filter/b2%2Cp5" "Mozilla/5.0 (Linux; Android 8.0.0; SM-A520F) AppleWebKit/537.36 (KHTML, like Gecko) Chrome/71.0.3578.99 Mobile Safari/537.36" "-"
5.127.135.93 - - [26/Jan/2019:20:26:25 +0330] "GET /image/34290?name=galaxy-j2-core-1.jpg&wh=200x200 HTTP/1.1" 200 4328 "-" "Dalvik/2.1.0 (Linux; U; Android 8.0.0; SM-A720F Build/R16NW)" "-"
34.247.132.53 - - [26/Jan/2019:20:26:25 +0330] "GET / HTTP/1.1" 200 29950 "-" "Mozilla/5.0 (Windows NT 10.0; Win64; x64) AppleWebKit/537.36 (KHTML, like Gecko) Chrome/63.0.3239.84 Safari/537.36" "-"
5.239.139.61 - - [26/Jan/2019:20:26:25 +0330] "GET /image/12339/productModel/200x200 HTTP/1.1" 200 3485 "https://www.zanbil.ir/m/browse/perfume/%D8%B9%D8%B7%D8%B1-%D9%88-%D8%A7%D8%AF%DA%A9%D9%84%D9%86" "Mozilla/5.0 (Linux; Android 8.0.0; SM-A720F) AppleWebKit/537.36 (KHTML, like Gecko) Chrome/71.0.3578.99 Mobile Safari/537.36" "-"
5.239.139.61 - - [26/Jan/2019:20:26:25 +0330] "GET /image/60066/productModel/200x200 HTTP/1.1" 200 3255 "https://www.zanbil.ir/m/browse/perfume/%D8%B9%D8%B7%D8%B1-%D9%88-%D8%A7%D8%AF%DA%A9%D9%84%D9%86" "Mozilla/5.0 (Linux; Android 8.0.0; SM-A720F) AppleWebKit/537.36 (KHTML, like Gecko) Chrome/71.0.3578.99 Mobile Safari/537.36" "-"
5.239.139.61 - - [26/Jan/2019:20:26:25 +0330] "GET /settings/logo HTTP/1.1" 200 4120 "https://www.zanbil.ir/m/browse/perfume/%D8%B9%D8%B7%D8%B1-%D9%88-%D8%A7%D8%AF%DA%A9%D9%84%D9%86" "Mozilla/5.0 (Linux; Android 8.0.0; SM-A720F) AppleWebKit/537.36 (KHTML, like Gecko) Chrome/71.0.3578.99 Mobile Safari/537.36" "-"
5.239.139.61 - - [26/Jan/2019:20:26:25 +0330] "GET /image/60260/productModel/200x200 HTTP/1.1" 200 2877 "https://www.zanbil.ir/m/browse/perfume/%D8%B9%D8%B7%D8%B1-%D9%88-%D8%A7%D8%AF%DA%A9%D9%84%D9%86" "Mozilla/5.0 (Linux; Android 8.0.0; SM-A720F) AppleWebKit/537.36 (KHTML, like Gecko) Chrome/71.0.3578.99 Mobile Safari/537.36" "-"
5.239.139.61 - - [26/Jan/2019:20:26:25 +0330] "GET /image/60043/productModel/200x200 HTTP/1.1" 200 5866 "https://www.zanbil.ir/m/browse/perfume/%D8%B9%D8%B7%D8%B1-%D9%88-%D8%A7%D8%AF%DA%A9%D9%84%D9%86" "Mozilla/5.0 (Linux; Android 8.0.0; SM-A720F) AppleWebKit/537.36 (KHTML, like Gecko) Chrome/71.0.3578.99 Mobile Safari/537.36" "-"
5.119.47.123 - - [26/Jan/2019:20:26:25 +0330] "GET /amp-helper-frame.html?appId=a624a1c1-0c93-466a-a546-e146710f97e6&parentOrigin=https://www-zanbil-ir.cdn.ampproject.org HTTP/1.1" 200 133 "https://www-zanbil-ir.cdn.ampproject.org/v/s/www.zanbil.ir/m/filter/b43,p47?amp_js_v=a2&amp_gsa=1&usqp=mq331AQCCAE%3D" "Mozilla/5.0 (Linux; Android 8.1.0; DRA-LX2 Build/HUAWEIDRA-LX2) AppleWebKit/537.36 (KHTML, like Gecko) Chrome/68.0.3440.91 Mobile Safari/537.36" "-"
5.239.139.61 - - [26/Jan/2019:20:26:25 +0330] "GET /image/60061/productModel/200x200 HTTP/1.1" 200 3341 "https://www.zanbil.ir/m/browse/perfume/%D8%B9%D8%B7%D8%B1-%D9%88-%D8%A7%D8%AF%DA%A9%D9%84%D9%86" "Mozilla/5.0 (Linux; Android 8.0.0; SM-A720F) AppleWebKit/537.36 (KHTML, like Gecko) Chrome/71.0.3578.99 Mobile Safari/537.36" "-"
5.239.139.61 - - [26/Jan/2019:20:26:25 +0330] "GET /image/59893/productModel/200x200 HTTP/1.1" 200 4036 "https://www.zanbil.ir/m/browse/perfume/%D8%B9%D8%B7%D8%B1-%D9%88-%D8%A7%D8%AF%DA%A9%D9%84%D9%86" "Mozilla/5.0 (Linux; Android 8.0.0; SM-A720F) AppleWebKit/537.36 (KHTML, like Gecko) Chrome/71.0.3578.99 Mobile Safari/537.36" "-"
5.72.241.10 - - [26/Jan/2019:20:26:25 +0330] "GET /m/filter/b43 HTTP/1.1" 200 22342 "https://www.google.com/" "Mozilla/5.0 (Linux; Android 6.0; LG-H818) AppleWebKit/537.36 (KHTML, like Gecko) Chrome/71.0.3578.99 Mobile Safari/537.36" "-"
151.233.45.53 - - [26/Jan/2019:20:26:25 +0330] "GET /image/34173?name=i-sensys-mf232w-1.jpg&wh=200x200 HTTP/1.1" 200 5103 "https://torob.com/p/f5a87d7f-bea3-4797-9910-d01a188bf88c/%D9%BE%D8%B1%DB%8C%D9%86%D8%AA%D8%B1-%D8%AC%D9%88%D9%87%D8%B1-%D8%A7%D9%81%D8%B4%D8%A7%D9%86-%D8%B3%D9%87-%DA%A9%D8%A7%D8%B1%D9%87-%DA%A9%D8%A7%D9%86%D9%86-%D9%85%D8%AF%D9%84-pixma-mg2540/" "Mozilla/5.0 (Windows NT 10.0; Win64; x64; rv:64.0) Gecko/20100101 Firefox/64.0" "-"
5.208.114.159 - - [26/Jan/2019:20:26:25 +0330] "GET /image/62230/productModel/150x150 HTTP/1.1" 200 3033 "https://www.zanbil.ir/m/product/20437/%D9%85%D8%A7%D8%B4%DB%8C%D9%86-%D9%84%D8%A8%D8%A7%D8%B3%D8%B4%D9%88%DB%8C%DB%8C-%D8%AF%D8%B1%D8%A8-%D8%A7%D8%B2-%D8%AC%D9%84%D9%88-%D8%A7%D9%84-%D8%AC%DB%8C-%D9%85%D8%AF%D9%84-LG-WM-L1050-10.5Kg" "Mozilla/5.0 (Linux; Android 5.1.1; SM-J200H) AppleWebKit/537.36 (KHTML, like Gecko) Chrome/71.0.3578.99 Mobile Safari/537.36" "-"
5.239.139.61 - - [26/Jan/2019:20:26:25 +0330] "GET /amp-helper-frame.html?appId=a624a1c1-0c93-466a-a546-e146710f97e6&parentOrigin=https://www.zanbil.ir HTTP/1.1" 200 133 "https://www.zanbil.ir/m/browse/perfume/%D8%B9%D8%B7%D8%B1-%D9%88-%D8%A7%D8%AF%DA%A9%D9%84%D9%86" "Mozilla/5.0 (Linux; Android 8.0.0; SM-A720F) AppleWebKit/537.36 (KHTML, like Gecko) Chrome/71.0.3578.99 Mobile Safari/537.36" "-"
188.229.21.56 - - [26/Jan/2019:20:26:25 +0330] "GET /m/filter?f=p6,b2 HTTP/1.1" 200 19348 "https://www.zanbil.ir/m/product/32106/62372/%D9%85%D8%A7%D8%B4%DB%8C%D9%86-%D9%84%D8%A8%D8%A7%D8%B3%D8%B4%D9%88%DB%8C%DB%8C-%D8%AF%D8%B1%D8%A8-%D8%A7%D8%B2-%D8%AC%D9%84%D9%88-%D8%A7%D9%84-%D8%AC%DB%8C-%D9%85%D8%AF%D9%84-WM-865CW" "Mozilla/5.0 (Linux; Android 7.0; SM-N920C Build/NRD90M) AppleWebKit/537.36 (KHTML, like Gecko) Chrome/67.0.3396.87 Mobile Safari/537.36" "-"
5.120.9.205 - - [26/Jan/2019:20:26:25 +0330] "GET /m/product/33972/64768/%D9%85%D8%A7%D8%B4%DB%8C%D9%86-%D9%84%D8%A8%D8%A7%D8%B3%D8%B4%D9%88%DB%8C%DB%8C-%D9%BE%D8%A7%DA%A9%D8%B4%D9%88%D9%85%D8%A7-%D9%85%D8%AF%D9%84-WFU-80802SANS HTTP/1.1" 200 21725 "https://www.zanbil.ir/m/browse/washing-machine/%D9%85%D8%A7%D8%B4%DB%8C%D9%86-%D9%84%D8%A8%D8%A7%D8%B3%D8%B4%D9%88%DB%8C%DB%8C" "Mozilla/5.0 (Linux; Android 6.0; ALE-L21) AppleWebKit/537.36 (KHTML, like Gecko) Chrome/71.0.3578.99 Mobile Safari/537.36" "-"
213.226.68.231 - - [26/Jan/2019:20:26:26 +0330] "GET /m/product/33998/64959/%D9%85%D8%A7%DB%8C%DA%A9%D8%B1%D9%88%D9%81%D8%B1-%D8%B1%D9%88%D9%85%DB%8C%D8%B2%DB%8C-%D8%A7%D9%84-%D8%AC%DB%8C-%D9%85%D8%AF%D9%84-MS98TCR HTTP/1.1" 200 21551 "https://www.zanbil.ir/m/product/15213/28600/%D9%85%D8%A7%DB%8C%DA%A9%D8%B1%D9%88%D9%81%D8%B1-%D8%B1%D9%88%D9%85%DB%8C%D8%B2%DB%8C-%D8%A7%D9%84-%D8%AC%DB%8C-%D9%85%D8%AF%D9%84-MS97BCR" "Mozilla/5.0 (iPhone; CPU iPhone OS 11_2_6 like Mac OS X) AppleWebKit/604.5.6 (KHTML, like Gecko) Version/11.0 Mobile/15D100 Safari/604.1" "-"
5.239.139.61 - - [26/Jan/2019:20:26:26 +0330] "GET /image/263/brand HTTP/1.1" 200 1967 "https://www.zanbil.ir/m/browse/perfume/%D8%B9%D8%B7%D8%B1-%D9%88-%D8%A7%D8%AF%DA%A9%D9%84%D9%86" "Mozilla/5.0 (Linux; Android 8.0.0; SM-A720F) AppleWebKit/537.36 (KHTML, like Gecko) Chrome/71.0.3578.99 Mobile Safari/537.36" "-"
5.239.139.61 - - [26/Jan/2019:20:26:26 +0330] "GET /image/445/brand HTTP/1.1" 200 2323 "https://www.zanbil.ir/m/browse/perfume/%D8%B9%D8%B7%D8%B1-%D9%88-%D8%A7%D8%AF%DA%A9%D9%84%D9%86" "Mozilla/5.0 (Linux; Android 8.0.0; SM-A720F) AppleWebKit/537.36 (KHTML, like Gecko) Chrome/71.0.3578.99 Mobile Safari/537.36" "-"
5.239.139.61 - - [26/Jan/2019:20:26:26 +0330] "GET /image/321/brand HTTP/1.1" 200 1990 "https://www.zanbil.ir/m/browse/perfume/%D8%B9%D8%B7%D8%B1-%D9%88-%D8%A7%D8%AF%DA%A9%D9%84%D9%86" "Mozilla/5.0 (Linux; Android 8.0.0; SM-A720F) AppleWebKit/537.36 (KHTML, like Gecko) Chrome/71.0.3578.99 Mobile Safari/537.36" "-"
5.239.139.61 - - [26/Jan/2019:20:26:26 +0330] "GET /image/207/brand HTTP/1.1" 200 2067 "https://www.zanbil.ir/m/browse/perfume/%D8%B9%D8%B7%D8%B1-%D9%88-%D8%A7%D8%AF%DA%A9%D9%84%D9%86" "Mozilla/5.0 (Linux; Android 8.0.0; SM-A720F) AppleWebKit/537.36 (KHTML, like Gecko) Chrome/71.0.3578.99 Mobile Safari/537.36" "-"
5.239.139.61 - - [26/Jan/2019:20:26:26 +0330] "GET /image/164/productTypeType HTTP/1.1" 200 10957 "https://www.zanbil.ir/m/browse/perfume/%D8%B9%D8%B7%D8%B1-%D9%88-%D8%A7%D8%AF%DA%A9%D9%84%D9%86" "Mozilla/5.0 (Linux; Android 8.0.0; SM-A720F) AppleWebKit/537.36 (KHTML, like Gecko) Chrome/71.0.3578.99 Mobile Safari/537.36" "-"
5.239.139.61 - - [26/Jan/2019:20:26:26 +0330] "GET /image/8833/specialSale?role=mobile HTTP/1.1" 200 16080 "https://www.zanbil.ir/m/browse/perfume/%D8%B9%D8%B7%D8%B1-%D9%88-%D8%A7%D8%AF%DA%A9%D9%84%D9%86" "Mozilla/5.0 (Linux; Android 8.0.0; SM-A720F) AppleWebKit/537.36 (KHTML, like Gecko) Chrome/71.0.3578.99 Mobile Safari/537.36" "-"
5.239.139.61 - - [26/Jan/2019:20:26:26 +0330] "GET /image/165/productTypeType HTTP/1.1" 200 11122 "https://www.zanbil.ir/m/browse/perfume/%D8%B9%D8%B7%D8%B1-%D9%88-%D8%A7%D8%AF%DA%A9%D9%84%D9%86" "Mozilla/5.0 (Linux; Android 8.0.0; SM-A720F) AppleWebKit/537.36 (KHTML, like Gecko) Chrome/71.0.3578.99 Mobile Safari/537.36" "-"
5.239.139.61 - - [26/Jan/2019:20:26:26 +0330] "GET /image/185/productTypeType HTTP/1.1" 200 11107 "https://www.zanbil.ir/m/browse/perfume/%D8%B9%D8%B7%D8%B1-%D9%88-%D8%A7%D8%AF%DA%A9%D9%84%D9%86" "Mozilla/5.0 (Linux; Android 8.0.0; SM-A720F) AppleWebKit/537.36 (KHTML, like Gecko) Chrome/71.0.3578.99 Mobile Safari/537.36" "-"
54.36.148.122 - - [26/Jan/2019:20:26:26 +0330] "GET /product/30191/%D8%B9%D8%B7%D8%B1-%D9%88-%D8%A7%D8%AF%DA%A9%D9%84%D9%86-%D9%85%D8%B1%D8%AF%D8%A7%D9%86%D9%87-%D8%AC%DB%8C%D9%88%D8%A7%D9%86%DA%86%DB%8C-%D9%85%D8%AF%D9%84-Givenchy-Play-In-The-City-EDT-For-Men HTTP/1.1" 200 41995 "-" "Mozilla/5.0 (compatible; AhrefsBot/6.1; +http://ahrefs.com/robot/)" "-"
5.239.139.61 - - [26/Jan/2019:20:26:26 +0330] "GET /image/8828/specialSale?role=mobile HTTP/1.1" 200 36262 "https://www.zanbil.ir/m/browse/perfume/%D8%B9%D8%B7%D8%B1-%D9%88-%D8%A7%D8%AF%DA%A9%D9%84%D9%86" "Mozilla/5.0 (Linux; Android 8.0.0; SM-A720F) AppleWebKit/537.36 (KHTML, like Gecko) Chrome/71.0.3578.99 Mobile Safari/537.36" "-"
5.239.139.61 - - [26/Jan/2019:20:26:26 +0330] "GET /image/1230/mainSlideMobile HTTP/1.1" 200 80620 "https://www.zanbil.ir/m/browse/perfume/%D8%B9%D8%B7%D8%B1-%D9%88-%D8%A7%D8%AF%DA%A9%D9%84%D9%86" "Mozilla/5.0 (Linux; Android 8.0.0; SM-A720F) AppleWebKit/537.36 (KHTML, like Gecko) Chrome/71.0.3578.99 Mobile Safari/537.36" "-"
5.121.241.128 - - [26/Jan/2019:20:26:26 +0330] "GET /image/28879?name=518xo.jpg&wh=200x200 HTTP/1.1" 200 4280 "-" "Dalvik/2.1.0 (Linux; U; Android 5.1.1; SM-J500H Build/LMY48B)" "-"
89.36.176.81 - - [26/Jan/2019:20:26:26 +0330] "GET /image/59623/productModel/200x200 HTTP/1.1" 200 4555 "https://www.zanbil.ir/m/filter/p29%2Ct190?name=%D9%87%D9%85%D8%B2%D9%86&productType=mixer" "Mozilla/5.0 (Linux; Android 7.0; SM-J530F Build/NRD90M) AppleWebKit/537.36 (KHTML, like Gecko) Chrome/69.0.3497.100 Mobile Safari/537.36" "-"
89.36.176.81 - - [26/Jan/2019:20:26:26 +0330] "GET /image/62017/productModel/200x200 HTTP/1.1" 200 4276 "https://www.zanbil.ir/m/filter/p29%2Ct190?name=%D9%87%D9%85%D8%B2%D9%86&productType=mixer" "Mozilla/5.0 (Linux; Android 7.0; SM-J530F Build/NRD90M) AppleWebKit/537.36 (KHTML, like Gecko) Chrome/69.0.3497.100 Mobile Safari/537.36" "-"
